06-23 16:38:31.899 I/Timeline( 2337): Timeline: App_transition_ready time:30027991
06-23 16:38:31.899 I/QcrilOemhookMsgTunnel( 2923): [0]invokeOemRilRequestRaw: serial=2468 length=24
06-23 16:38:31.899 I/octvm_drv( 3160): common drv: platform_set_bcbc_cust_state -> platform not support
06-23 16:38:31.899 I/octvm_power( 3160): Action: set_lcd_mode(default) for [foreground_change]
06-23 16:38:31.899 I/octvm_drv( 3160): common drv: platform_set_lcd_mode -> platform not support
06-23 16:38:31.899 I/octvm_power( 3160): Action: set_thermal_config(restore) for [foreground_change]
06-23 16:38:31.900 I/octvm_drv( 3160): platform_set_thermal_mode cur_global_config:[1], target mode:[restore], profile=1, ret=0
06-23 16:38:31.900 I/octvm_power( 3160): onPowerModeChanged[home] called
06-23 16:38:31.901 I/QcrilOemhookMsgTunnel( 2923): [0]processOemHookResponse serial no: 2468 error: 0length=0
06-23 16:38:31.901 D/QcrilMsgTunnelIfaceManager( 2923): handleMessage what = 2
06-23 16:38:31.903 D/QcrilMsgTunnelIfaceManager( 2923): handleMessage what = 1
06-23 16:38:31.904 I/QcrilOemhookMsgTunnel( 2923): [1]invokeOemRilRequestRaw: serial=2469 length=24
06-23 16:38:31.907 I/QcrilOemhookMsgTunnel( 2923): [0]processOemHookIndication length=28
06-23 16:38:31.910 W/BroadcastQueue( 2337): Permission Denial: broadcasting Intent { act=com.tencent.mm.ui.ACTION_ACTIVE flg=0x10 (has extras) } from com.tencent.mm (pid=5932, uid=10218) is not exported from uid 10166 due to receiver com.snda.wifilocating/com.lantern.analytics.receiver.NetworkReceiver
06-23 16:38:31.910 I/QcrilOemhookMsgTunnel( 2923): [1]processOemHookResponse serial no: 2469 error: 0length=0
06-23 16:38:31.911 D/QcrilMsgTunnelIfaceManager( 2923): handleMessage what = 0
06-23 16:38:31.914 D/QcrilMsgTunnelIfaceManager( 2923): handleMessage what = 2
06-23 16:38:31.920 I/QcrilOemhookMsgTunnel( 2923): [1]processOemHookIndication length=28
06-23 16:38:31.920 D/QcrilMsgTunnelIfaceManager( 2923): handleMessage what = 0
06-23 16:38:31.923 D/TouchAssistant( 6962): updateAll and mViewAdded = true
06-23 16:38:31.927 I/RenderThread( 2762): RenderThread resumed
06-23 16:38:31.927 I/RenderThread( 2762): All controllers paused.
06-23 16:38:31.927 I/RenderThread( 2762): RenderThread paused, waiting for signal
06-23 16:38:31.929 I/chatty  ( 2337): uid=1000(system) Binder:2337_12 expire 16 lines
06-23 16:38:31.924 W/thermal-engine( 1049): type=1400 audit(0.0:57389): avc: denied { dac_override } for capability=1 scontext=u:r:thermal-engine:s0 tcontext=u:r:thermal-engine:s0 tclass=capability permissive=0
06-23 16:38:31.924 W/thermal-engine( 1049): type=1400 audit(0.0:57390): avc: denied { dac_read_search } for capability=2 scontext=u:r:thermal-engine:s0 tcontext=u:r:thermal-engine:s0 tclass=capability permissive=0
06-23 16:38:31.934 I/ThermalEngine( 1049): Loading configuration file /data/vendor/thermal/config/thermal-engine-high.conf
06-23 16:38:31.934 E/ThermalEngine( 1049): Unable to open config file '/data/vendor/thermal/config/thermal-engine-high.conf'
06-23 16:38:31.935 I/chatty  ( 2513): uid=1000(system) SysUiNetBg expire 6 lines
06-23 16:38:31.944 I/Timeline( 2337): Timeline: App_transition_ready time:30028036
06-23 16:38:31.950 I/Timeline( 2337): Timeline: App_transition_ready time:30028042
06-23 16:38:31.952 I/ThermalEngine( 1049): [VDD_RSTR_MONITOR-TSENS13]
06-23 16:38:31.952 I/ThermalEngine( 1049): #algo_type monitor
06-23 16:38:31.952 I/ThermalEngine( 1049): sampling 1000
06-23 16:38:31.952 I/ThermalEngine( 1049): sensor tsens_tz_sensor13
06-23 16:38:31.952 I/ThermalEngine( 1049): thresholds 5000
06-23 16:38:31.952 I/ThermalEngine( 1049): thresholds_clr 10000
06-23 16:38:31.952 I/ThermalEngine( 1049): actions vdd_restriction
06-23 16:38:31.952 I/ThermalEngine( 1049): action_info 1
06-23 16:38:31.952 I/ThermalEngine( 1049): descending
06-23 16:38:31.952 I/ThermalEngine( 1049): [VDD_RSTR_MONITOR-TSENS12]
06-23 16:38:31.952 I/ThermalEngine( 1049): #algo_type monitor
06-23 16:38:31.952 I/ThermalEngine( 1049): sampling 1000
06-23 16:38:31.952 I/ThermalEngine( 1049): sensor tsens_tz_sensor12
06-23 16:38:31.952 I/ThermalEngine( 1049): thresholds 5000
06-23 16:38:31.952 I/ThermalEngine( 1049): thresholds_clr 10000
06-23 16:38:31.952 I/ThermalEngine( 1049): actions vdd_restriction
06-23 16:38:31.952 I/ThermalEngine( 1049): action_info 1
06-23 16:38:31.952 I/ThermalEngine( 1049): descending
06-23 16:38:31.952 I/ThermalEngine( 1049): [VDD_RSTR_MONITOR-TSENS11]
06-23 16:38:31.952 I/ThermalEngine( 1049): #algo_type monitor
06-23 16:38:31.952 I/ThermalEngine( 1049): sampling 1000
06-23 16:38:31.952 I/ThermalEngine( 1049): sensor tsens_tz_sensor11
06-23 16:38:31.952 I/ThermalEngine( 1049): thresholds 5000
06-23 16:38:31.952 I/ThermalEngine( 1049): thresholds_clr 10000
06-23 16:38:31.952 I/ThermalEngine( 1049): actions vdd_restriction
06-23 16:38:31.952 I/ThermalEngine( 1049): action_info 1
06-23 16:38:31.952 I/ThermalEngine( 1049): descending
06-23 16:38:31.952 I/ThermalEngine( 1049): [VDD_RSTR_MONITOR-TSENS10]
06-23 16:38:31.952 I/ThermalEngine( 1049): #algo_type monitor
06-23 16:38:31.952 I/ThermalEngine( 1049): sampling 1000
06-23 16:38:31.952 I/ThermalEngine( 1049): sensor tsens_tz_sensor10
06-23 16:38:31.952 I/ThermalEngine( 1049): thresholds 5000
06-23 16:38:31.952 I/ThermalEngine( 1049): thresholds_clr 10000
06-23 16:38:31.952 I/ThermalEngine( 1049): actions vdd_restriction
06-23 16:38:31.952 I/ThermalEngine( 1049): action_info 1
06-23 16:38:31.952 I/ThermalEngine( 1049): descending
06-23 16:38:31.952 I/ThermalEngine( 1049): [VDD_RSTR_MONITOR-TSENS9]
06-23 16:38:31.952 I/ThermalEngine( 1049): #algo_type monitor
06-23 16:38:31.952 I/ThermalEngine( 1049): sampling 1000
06-23 16:38:31.952 I/ThermalEngine( 1049): sensor tsens_tz_sensor9
06-23 16:38:31.952 I/ThermalEngine( 1049): thresholds 5000
06-23 16:38:31.952 I/ThermalEngine( 1049): thresholds_clr 10000
06-23 16:38:31.952 I/ThermalEngine( 1049): actions vdd_restriction
06-23 16:38:31.952 I/ThermalEngine( 1049): action_info 1
06-23 16:38:31.952 I/ThermalEngine( 1049): descending
06-23 16:38:31.952 I/ThermalEngine( 1049): [VDD_RSTR_MONITOR-TSENS8]
06-23 16:38:31.952 I/ThermalEngine( 1049): #algo_type monitor
06-23 16:38:31.952 I/ThermalEngine( 1049): sampling 1000
06-23 16:38:31.952 I/ThermalEngine( 1049): sensor tsens_tz_sensor8
06-23 16:38:31.952 I/ThermalEngine( 1049): thresholds 5000
06-23 16:38:31.952 I/ThermalEngine( 1049): thresholds_clr 10000
06-23 16:38:31.952 I/ThermalEngine( 1049): actions vdd_restriction
06-23 16:38:31.952 I/ThermalEngine( 1049): action_info 1
06-23 16:38:31.952 I/ThermalEngine( 1049): descending
06-23 16:38:31.952 I/ThermalEngine( 1049): [VDD_RSTR_MONITOR-TSENS7]
06-23 16:38:31.952 I/ThermalEngine( 1049): #algo_type monitor
06-23 16:38:31.952 I/ThermalEngine( 1049): sampling 1000
06-23 16:38:31.952 I/ThermalEngine( 1049): sensor tsens_tz_sensor7
06-23 16:38:31.952 I/ThermalEngine( 1049): thresholds 5000
06-23 16:38:31.952 I/ThermalEngine( 1049): thresholds_clr 10000
06-23 16:38:31.952 I/ThermalEngine( 1049): actions vdd_restriction
06-23 16:38:31.952 I/ThermalEngine( 1049): action_info 1
06-23 16:38:31.952 I/ThermalEngine( 1049): descending
06-23 16:38:31.952 I/ThermalEngine( 1049): [VDD_RSTR_MONITOR-TSENS6]
06-23 16:38:31.952 I/ThermalEngine( 1049): #algo_type monitor
06-23 16:38:31.952 I/ThermalEngine( 1049): sampling 1000
06-23 16:38:31.952 I/ThermalEngine( 1049): sensor tsens_tz_sensor6
06-23 16:38:31.952 I/ThermalEngine( 1049): thresholds 5000
06-23 16:38:31.952 I/ThermalEngine( 1049): thresholds_clr 10000
06-23 16:38:31.952 I/ThermalEngine( 1049): actions vdd_restriction
06-23 16:38:31.952 I/ThermalEngine( 1049): action_info 1
06-23 16:38:31.952 I/ThermalEngine( 1049): descending
06-23 16:38:31.952 I/ThermalEngine( 1049): [VDD_RSTR_MONITOR-TSENS5]
06-23 16:38:31.952 I/ThermalEngine( 1049): #algo_type monitor
06-23 16:38:31.952 I/ThermalEngine( 1049): sampling 1000
06-23 16:38:31.952 I/ThermalEngine( 1049): sensor tsens_tz_sensor5
06-23 16:38:31.952 I/ThermalEngine( 1049): thresholds 5000
06-23 16:38:31.952 I/ThermalEngine( 1049): thresholds_clr 10000
06-23 16:38:31.952 I/ThermalEngine( 1049): actions vdd_restriction
06-23 16:38:31.952 I/ThermalEngine( 1049): action_info 1
06-23 16:38:31.952 I/ThermalEngine( 1049): descending
06-23 16:38:31.952 I/ThermalEngine( 1049): [VDD_RSTR_MONITOR-TSENS4]
06-23 16:38:31.952 I/ThermalEngine( 1049): #algo_type monitor
06-23 16:38:31.952 I/ThermalEngine( 1049): sampling 1000
06-23 16:38:31.952 I/ThermalEngine( 1049): sensor tsens_tz_sensor4
06-23 16:38:31.952 I/ThermalEngine( 1049): thresholds 5000
06-23 16:38:31.952 I/ThermalEngine( 1049): thresholds_clr 10000
06-23 16:38:31.952 I/ThermalEngine( 1049): actions vdd_restriction
06-23 16:38:31.952 I/ThermalEngine( 1049): action_info 1
06-23 16:38:31.952 I/ThermalEngine( 1049): descending
06-23 16:38:31.952 I/ThermalEngine( 1049): [VDD_RSTR_MONITOR-TSENS3]
06-23 16:38:31.952 I/ThermalEngine( 1049): #algo_type monitor
06-23 16:38:31.952 I/ThermalEngine( 1049): sampling 1000
06-23 16:38:31.952 I/ThermalEngine( 1049): sensor tsens_tz_sensor3
06-23 16:38:31.952 I/ThermalEngine( 1049): thresholds 5000
06-23 16:38:31.952 I/ThermalEngine( 1049): thresholds_clr 10000
06-23 16:38:31.952 I/ThermalEngine( 1049): actions vdd_restriction
06-23 16:38:31.952 I/ThermalEngine( 1049): action_info 1
06-23 16:38:31.952 I/ThermalEngine( 1049): descending
06-23 16:38:31.952 I/ThermalEngine( 1049): [VDD_RSTR_MONITOR-TSENS2]
06-23 16:38:31.952 I/ThermalEngine( 1049): #algo_type monitor
06-23 16:38:31.952 I/ThermalEngine( 1049): sampling 1000
06-23 16:38:31.952 I/ThermalEngine( 1049): sensor tsens_tz_sensor2
06-23 16:38:31.952 I/ThermalEngine( 1049): thresholds 5000
06-23 16:38:31.952 I/ThermalEngine( 1049): thresholds_clr 10000
06-23 16:38:31.952 I/ThermalEngine( 1049): actions vdd_restriction
06-23 16:38:31.952 I/ThermalEngine( 1049): action_info 1
06-23 16:38:31.952 I/ThermalEngine( 1049): descending
06-23 16:38:31.952 I/ThermalEngine( 1049): [VDD_RSTR_MONITOR-TSENS1]
06-23 16:38:31.952 I/ThermalEngine( 1049): #algo_type monitor
06-23 16:38:31.952 I/ThermalEngine( 1049): sampling 1000
06-23 16:38:31.952 I/ThermalEngine( 1049): sensor tsens_tz_sensor1
06-23 16:38:31.952 I/ThermalEngine( 1049): thresholds 5000
06-23 16:38:31.952 I/ThermalEngine( 1049): thresholds_clr 10000
06-23 16:38:31.952 I/ThermalEngine( 1049): actions vdd_restriction
06-23 16:38:31.952 I/ThermalEngine( 1049): action_info 1
06-23 16:38:31.952 I/ThermalEngine( 1049): descending
06-23 16:38:31.952 I/ThermalEngine( 1049): [VDD_RSTR_MONITOR-TSENS0]
06-23 16:38:31.952 I/ThermalEngine( 1049): #algo_type monitor
06-23 16:38:31.952 I/ThermalEngine( 1049): sampling 1000
06-23 16:38:31.952 I/ThermalEngine( 1049): sensor tsens_tz_sensor0
06-23 16:38:31.952 I/ThermalEngine( 1049): thresholds 5000
06-23 16:38:31.952 I/ThermalEngine( 1049): thresholds_clr 10000
06-23 16:38:31.952 I/ThermalEngine( 1049): actions vdd_restriction
06-23 16:38:31.952 I/ThermalEngine( 1049): action_info 1
06-23 16:38:31.952 I/ThermalEngine( 1049): descending
06-23 16:38:31.955 I/ThermalEngine( 1049): ss_algo_switch: Config switch
06-23 16:38:31.955 I/ThermalEngine( 1049): [SS-GPU]
06-23 16:38:31.955 I/ThermalEngine( 1049): #algo_type ss
06-23 16:38:31.955 I/ThermalEngine( 1049): sampling 10
06-23 16:38:31.955 I/ThermalEngine( 1049): sensor gpu
06-23 16:38:31.955 I/ThermalEngine( 1049): device gpu
06-23 16:38:31.955 I/ThermalEngine( 1049): set_point 95000
06-23 16:38:31.955 I/ThermalEngine( 1049): set_point_clr 65000
06-23 16:38:31.955 I/ThermalEngine( 1049): time_constant 0
06-23 16:38:31.972 I/Timeline( 2337): Timeline: App_transition_ready time:30028064
06-23 16:38:32.004 D/Launcher.AdPendantUtils( 2762): updateAdvertisementPendantVisibility, mIsAdPendantEnable=false, mIsPullActionEnable=false, mIsEditDisabled=true, mCurrentScreenId=2, mDefaultScreenId=2, mIsLauncherVisible=true, mIsMinusOneScreenShow=false
06-23 16:38:32.005 W/Activity( 2762): Slow Operation: Activity com.miui.home/.launcher.Launcher onStart took 111ms
06-23 16:38:32.007 D/Launcher.XOutUtils( 2762): canRecommendScreenShow, isShowXout=false
06-23 16:38:32.008 I/RenderThread( 2762): RenderThread resumed
06-23 16:38:32.008 I/RenderThread( 2762): All controllers paused.
06-23 16:38:32.008 I/RenderThread( 2762): RenderThread paused, waiting for signal
06-23 16:38:32.028 E/Launcher.RecommendLog( 2762): don't request, because recommend screen can't show
06-23 16:38:32.029 E/Launcher.RecommendLog( 2762): folder display and try to request recommend list
06-23 16:38:32.029 D/Launcher.XOutUtils( 2762): canRecommendScreenShow, isShowXout=false
06-23 16:38:32.029 E/Launcher.RecommendLog( 2762): don't request, because recommend screen can't show
06-23 16:38:32.029 E/Launcher.RecommendLog( 2762): folder display and try to request recommend list
06-23 16:38:32.029 D/Launcher.XOutUtils( 2762): canRecommendScreenShow, isShowXout=false
06-23 16:38:32.029 E/Launcher.RecommendLog( 2762): don't request, because recommend screen can't show
06-23 16:38:32.029 E/Launcher.RecommendLog( 2762): folder display and try to request recommend list
06-23 16:38:32.030 D/Launcher.XOutUtils( 2762): canRecommendScreenShow, isShowXout=false
06-23 16:38:32.030 E/Launcher.RecommendLog( 2762): don't request, because recommend screen can't show
06-23 16:38:32.030 E/Launcher.RecommendLog( 2762): folder display and try to request recommend list
06-23 16:38:32.030 D/Launcher.XOutUtils( 2762): canRecommendScreenShow, isShowXout=false
06-23 16:38:32.030 E/Launcher.RecommendLog( 2762): don't request, because recommend screen can't show
06-23 16:38:32.030 E/Launcher.RecommendLog( 2762): folder display and try to request recommend list
06-23 16:38:32.030 D/Launcher.XOutUtils( 2762): canRecommendScreenShow, isShowXout=false
06-23 16:38:32.030 E/Launcher.RecommendLog( 2762): don't request, because recommend screen can't show
06-23 16:38:32.030 E/Launcher.RecommendLog( 2762): folder display and try to request recommend list
06-23 16:38:32.030 D/Launcher.XOutUtils( 2762): canRecommendScreenShow, isShowXout=false
06-23 16:38:32.030 E/Launcher.RecommendLog( 2762): don't request, because recommend screen can't show
06-23 16:38:32.030 E/Launcher.RecommendLog( 2762): folder display and try to request recommend list
06-23 16:38:32.030 D/Launcher.XOutUtils( 2762): canRecommendScreenShow, isShowXout=false
06-23 16:38:32.030 E/Launcher.RecommendLog( 2762): don't request, because recommend screen can't show
06-23 16:38:32.030 E/Launcher.RecommendLog( 2762): folder display and try to request recommend list
06-23 16:38:32.053 I/m.android.phon( 2750): Background concurrent copying GC freed 52853(3MB) AllocSpace objects, 54(1080KB) LOS objects, 49% free, 4MB/9MB, paused 257us total 133.951ms
06-23 16:38:32.066 I/Timeline( 2337): Timeline: App_transition_ready time:30028158
06-23 16:38:32.082 I/Timeline( 2337): Timeline: App_transition_ready time:30028174
06-23 16:38:32.087 I/AssistHolderView( 2762): dispatchDraw
06-23 16:38:32.133 I/Timeline( 2337): Timeline: App_transition_ready time:30028225
06-23 16:38:32.133 I/Timeline( 2337): Timeline: App_transition_stopped time:30028225
06-23 16:38:32.158 I/Timeline( 2337): Timeline: Activity_windows_visible id: ActivityRecord{da0739e u0 com.miui.home/.launcher.Launcher t1} time:30028250
06-23 16:38:32.159 I/ActivityManager( 2337): Killing 2567:net.csdn.csdnplus:io.dcloud.unimp/u0a163 (adj 904): empty #17
06-23 16:38:32.164 D/PowerKeeper.Event( 3547): notifyActiveKilled processName: net.csdn.csdnplus:io.dcloud.unimp, pid:2567, reason:empty #17
06-23 16:38:32.167 D/TouchAssistant( 6962): topActivity.getPackageName(),packageName:com.miui.home
06-23 16:38:32.167 D/TouchAssistant( 6962): onTopAppChanged packageName:com.miui.home
06-23 16:38:32.186 I/Zygote  ( 1066): Process 2567 exited due to signal (9)
06-23 16:38:32.196 D/PowerKeeper.Event( 3547): notifyAMProcDied pacakageName: net.csdn.csdnplus:io.dcloud.unimp, pid:2567
06-23 16:38:32.330 W/Activity( 5358): Slow Operation: Activity com.tencent.mm/.ui.LauncherUI onDestroy took 104ms
06-23 16:38:32.350 W/SurfaceFlinger(  799): Attempting to destroy on removed layer: AppWindowToken{db5bc63 token=Token{6a4da92 ActivityRecord{fa7e81d u0 com.tencent.mm/.ui.LauncherUI t1284}}}#0
06-23 16:38:32.521 I/chatty  ( 2337): uid=1000(system) HeapTaskDaemon expire 1 line
06-23 16:38:34.107 I/chatty  ( 2513): uid=1000(system) HeapTaskDaemon expire 1 line
06-23 16:38:34.615 I/com.tencent.mm( 5358): Explicit concurrent copying GC freed 210986(9MB) AllocSpace objects, 64(3MB) LOS objects, 18% free, 34MB/42MB, paused 875us total 338.661ms
06-23 16:38:34.661 I/cent.mm:toolsm( 6076): ProcessProfilingInfo new_methods=0 is saved saved_to_disk=0 resolve_classes_delay=8000
06-23 16:38:34.715 I/ActivityManager( 2337): Killing 19805:com.eg.android.AlipayGphone/u0a135 (adj 902): excessive cpu 37170 during 300051 dur=30030735 limit=2
06-23 16:38:34.718 D/PowerKeeper.Event( 3547): notifyActiveKilled processName: com.eg.android.AlipayGphone, pid:19805, reason:excessive cpu 37170 during 300051 dur=30030735 limit=2
06-23 16:38:34.782 D/PowerKeeper.Event( 3547): notifyAMProcDied pacakageName: com.eg.android.AlipayGphone, pid:19805
06-23 16:38:34.795 I/Zygote  ( 1066): Process 19805 exited due to signal (9)
06-23 16:38:34.803 W/ActivityManager( 2337): Scheduling restart of crashed service com.eg.android.AlipayGphone/com.alipay.dexaop.power.RuntimePowerService in 1000ms
06-23 16:38:34.803 W/ActivityManager( 2337): Scheduling restart of crashed service com.eg.android.AlipayGphone/com.alipay.mobileaix.service.MobileAixService in 11000ms
06-23 16:38:34.804 W/ActivityManager( 2337): Scheduling restart of crashed service com.eg.android.AlipayGphone/com.alipay.mobile.common.fgbg.FgBgMonitorService in 20999ms
06-23 16:38:35.016 I/chatty  ( 2337): uid=1000(system) Binder:2337_10 expire 10 lines
06-23 16:38:35.111 D/Boost   ( 2337): hostingType=service, hostingName=com.eg.android.AlipayGphone/com.alipay.mobile.common.fgbg.FgBgMonitorService, callerPackage=com.eg.android.AlipayGphone, isSystem=false, isBoostNeeded=false.
06-23 16:38:35.111 I/ActivityManager( 2337): Start proc 6431:com.eg.android.AlipayGphone/u0a135 for service com.eg.android.AlipayGphone/com.alipay.mobile.common.fgbg.FgBgMonitorService caller=com.eg.android.AlipayGphone
06-23 16:38:35.112 D/PowerKeeper.Event( 3547): notifyAMProcStart processName: 10135 reason: com.eg.android.AlipayGphone, pid:0
06-23 16:38:35.163 E/id.AlipayGphon( 6431): Not starting debugger since process cannot load the jdwp agent.
06-23 16:38:35.442 I/chatty  ( 2337): uid=1000(system) ActivityManager expire 15 lines
06-23 16:38:35.512 E/TaskPersister( 2337): File error accessing recents directory (directory doesn't exist?).
06-23 16:38:35.538 I/id.AlipayGphon( 6431): The ClassLoaderContext is a special shared library.
06-23 16:38:35.835 W/id.AlipayGphon( 6431): resources.arsc in APK '/data/app/com.eg.android.AlipayGphone-IfcySbCMGlSx81QgBgSS0w==/base.apk' is compressed.
06-23 16:38:36.023 I/Perf    ( 6431): Connecting to perf service.
06-23 16:38:36.060 W/id.AlipayGphon( 6431): Class com.alipay.dexpatch.DexPatchManager failed lock verification and will run slower.
06-23 16:38:36.060 W/id.AlipayGphon( 6431): Common causes for lock verification issues are non-optimized dex code
06-23 16:38:36.060 W/id.AlipayGphon( 6431): and incorrect proguard optimizations.
06-23 16:38:36.124 I/Logging ( 6431): LoggerFactoryBinder.nativeInit invoked
06-23 16:38:36.196 W/id.AlipayGphon( 6431): Accessing hidden field Landroid/content/ContentResolver;->mTargetSdkVersion:I (dark greylist, reflection)
06-23 16:38:36.264 W/id.AlipayGphone( 6431): type=1400 audit(0.0:57391): avc: denied { read } for name="version" dev="proc" ino=4026532086 scontext=u:r:untrusted_app:s0:c135,c256,c512,c768 tcontext=u:object_r:proc_version:s0 tclass=file permissive=0
06-23 16:38:36.418 E/LauncherApplication( 6431): PathClassLoader: dalvik.system.PathClassLoader[DexPathList[[zip file "/system/framework/org.apache.http.legacy.boot.jar", zip file "/data/app/com.eg.android.AlipayGphone-IfcySbCMGlSx81QgBgSS0w==/base.apk"],nativeLibraryDirectories=[/data/app/com.eg.android.AlipayGphone-IfcySbCMGlSx81QgBgSS0w==/lib/arm, /data/app/com.eg.android.AlipayGphone-IfcySbCMGlSx81QgBgSS0w==/base.apk!/lib/armeabi, /system/lib]]]
06-23 16:38:36.519 E/LauncherApplication( 6431): PathClassLoader, after addExtraNativeLib: dalvik.system.PathClassLoader[DexPathList[[zip file "/system/framework/org.apache.http.legacy.boot.jar", zip file "/data/app/com.eg.android.AlipayGphone-IfcySbCMGlSx81QgBgSS0w==/base.apk"],nativeLibraryDirectories=[/data/user/0/com.eg.android.AlipayGphone/app_plugins_lib, /data/app/com.eg.android.AlipayGphone-IfcySbCMGlSx81QgBgSS0w==/lib/arm, /data/app/com.eg.android.AlipayGphone-IfcySbCMGlSx81QgBgSS0w==/base.apk!/lib/armeabi, /system/lib]]]
06-23 16:38:36.564 I/LauncherApplication( 6431): LauncherApplication.NEED_SYNC=true
06-23 16:38:36.832 I/AsyTskExecutor( 6431): Pipeline: [GlobalStandardPipeline].start()
06-23 16:38:37.124 W/CrashSDKBkgdHan( 6431): type=1400 audit(0.0:57392): avc: denied { read } for name="loadavg" dev="proc" ino=4026532082 scontext=u:r:untrusted_app:s0:c135,c256,c512,c768 tcontext=u:object_r:proc_loadavg:s0 tclass=file permissive=0
06-23 16:38:37.231 V/Instrumentation( 6431): callApplicationOnCreate(app=com.alipay.mobile.quinox.LauncherApplication@5db3778)
06-23 16:38:37.248 E/id.AlipayGphon( 6431): Invalid ID 0x00000000.
06-23 16:38:37.254 W/id.AlipayGphon( 6431): resources.arsc in APK '/data/app/com.eg.android.AlipayGphone-IfcySbCMGlSx81QgBgSS0w==/base.apk' is compressed.
06-23 16:38:37.314 W/id.AlipayGphon( 6431): Unsupported class loader
06-23 16:38:37.338 W/id.AlipayGphon( 6431): Skipping duplicate class check due to unsupported classloader
06-23 16:38:37.377 W/id.AlipayGphon( 6431): resources.arsc in APK '/data/app/com.eg.android.AlipayGphone-IfcySbCMGlSx81QgBgSS0w==/lib/arm/libmerged-bundles-res-48.so' is compressed.
06-23 16:38:37.469 W/id.AlipayGphon( 6431): resources.arsc in APK '/data/app/com.eg.android.AlipayGphone-IfcySbCMGlSx81QgBgSS0w==/lib/arm/libandroid-phone-wallet-ichat.so' is compressed.
06-23 16:38:37.508 W/id.AlipayGphon( 6431): resources.arsc in APK '/data/app/com.eg.android.AlipayGphone-IfcySbCMGlSx81QgBgSS0w==/lib/arm/libmerged-bundles-res-98.so' is compressed.
06-23 16:38:37.535 W/id.AlipayGphon( 6431): resources.arsc in APK '/data/app/com.eg.android.AlipayGphone-IfcySbCMGlSx81QgBgSS0w==/lib/arm/libandroid-phone-wallet-trust.so' is compressed.
06-23 16:38:37.607 D/PermissionGate( 6431): startupReasonMap=[size=3: RecordType=CreateServiceData,toString=CreateServiceData{token=android.os.BinderProxy@e59c6a6 className=com.alipay.mobile.common.fgbg.FgBgMonitorService packageName=com.eg.android.AlipayGphone intent=null},ComponentName=com.alipay.mobile.common.fgbg.FgBgMonitorService]
06-23 16:38:37.636 D/QuinoxAgent( 6431): QuinoxAgentImpl.getReusedBundleLocations() : 
06-23 16:38:37.816 W/ChannelConfigImpl( 6431): getConfig key = release_type val = release
06-23 16:38:37.816 W/ChannelConfigImpl( 6431): getConfig key = product_id val = null
06-23 16:38:37.816 W/ChannelConfigImpl( 6431): getConfig key = throw_all_exceptions val = null
06-23 16:38:37.900 W/ChannelConfigImpl( 6431): getConfig key = channel_id val = wap_dc
06-23 16:38:37.901 W/ChannelConfigImpl( 6431): getConfig key = isSandbox val = null
06-23 16:38:37.940 W/Settings( 5358): Setting android_id has moved from android.provider.Settings.System to android.provider.Settings.Secure, returning read-only value.
06-23 16:38:38.053 I/cent.mm:sandbo( 6330): ProcessProfilingInfo new_methods=0 is saved saved_to_disk=0 resolve_classes_delay=8000
06-23 16:38:38.129 D/masdk_native( 6431): get sdk version 9
06-23 16:38:38.151 W/id.AlipayGphon( 6431): !bang JNI is deprecated. Switch to @FastNative for com.alipay.ma.decode.DecodeResult[] com.alipay.ma.decode.MaDecode.yuvcodeDecode(byte[], int, int, int, android.graphics.Rect, int, java.lang.String, java.lang.String[], float)
06-23 16:38:38.155 W/id.AlipayGphon( 6431): !bang JNI is deprecated. Switch to @FastNative for com.alipay.ma.decode.DecodeResult[] com.alipay.ma.decode.MaDecode.bitmapDecode(android.graphics.Bitmap, int, int, boolean)
06-23 16:38:38.155 W/id.AlipayGphon( 6431): !bang JNI is deprecated. Switch to @FastNative for com.alipay.ma.decode.DecodeResult[] com.alipay.ma.decode.MaDecode.codeDecodeWithQr(byte[], int, int, int, int, int, boolean)
06-23 16:38:38.155 W/id.AlipayGphon( 6431): !bang JNI is deprecated. Switch to @FastNative for com.alipay.ma.decode.DecodeResult[] com.alipay.ma.decode.MaDecode.codeDecodeWithBinary(byte[], int, int, int, android.graphics.Rect, int, int, java.lang.String, java.lang.String[])
06-23 16:38:38.155 W/id.AlipayGphon( 6431): !bang JNI is deprecated. Switch to @FastNative for int com.alipay.ma.decode.MaDecode.getLastFrameAvgGray()
06-23 16:38:38.155 W/id.AlipayGphon( 6431): !bang JNI is deprecated. Switch to @FastNative for float com.alipay.ma.decode.MaDecode.getMaProportion()
06-23 16:38:38.155 W/id.AlipayGphon( 6431): !bang JNI is deprecated. Switch to @FastNative for float com.alipay.ma.decode.MaDecode.getLimitZoomFactor()
06-23 16:38:38.155 W/id.AlipayGphon( 6431): !bang JNI is deprecated. Switch to @FastNative for int com.alipay.ma.decode.MaDecode.getMaProportionSource()
06-23 16:38:38.155 W/id.AlipayGphon( 6431): !bang JNI is deprecated. Switch to @FastNative for java.lang.Object com.alipay.ma.decode.MaDecode.enableFastBitmapDecode()
06-23 16:38:38.155 W/id.AlipayGphon( 6431): !bang JNI is deprecated. Switch to @FastNative for int com.alipay.ma.decode.MaDecode.setReaderParams(java.lang.String, java.lang.String)
06-23 16:38:38.155 W/id.AlipayGphon( 6431): !bang JNI is deprecated. Switch to @FastNative for java.lang.String com.alipay.ma.decode.MaDecode.getReaderParams()
06-23 16:38:38.155 W/id.AlipayGphon( 6431): !bang JNI is deprecated. Switch to @FastNative for int com.alipay.ma.decode.MaDecode.cameraDecodeInit()
06-23 16:38:38.155 W/id.AlipayGphon( 6431): !bang JNI is deprecated. Switch to @FastNative for int com.alipay.ma.decode.MaDecode.cameraDecodeUnInit()
06-23 16:38:38.155 W/id.AlipayGphon( 6431): !bang JNI is deprecated. Switch to @FastNative for java.lang.String com.alipay.ma.decode.MaDecode.needA()
06-23 16:38:38.155 W/id.AlipayGphon( 6431): !bang JNI is deprecated. Switch to @FastNative for java.util.Map com.alipay.ma.decode.MaDecode.getDecodeInfo()
06-23 16:38:38.156 W/id.AlipayGphon( 6431): !bang JNI is deprecated. Switch to @FastNative for int com.alipay.ma.decode.MaDecode.getQrSizeAndCenter(float[])
06-23 16:38:38.156 W/id.AlipayGphon( 6431): !bang JNI is deprecated. Switch to @FastNative for java.util.Map com.alipay.ma.decode.MaDecode.getFrameReadInfo()
06-23 16:38:38.156 W/id.AlipayGphon( 6431): !bang JNI is deprecated. Switch to @FastNative for java.util.Map com.alipay.ma.decode.MaDecode.getImageInfo(byte[], int, int, int, int, int, int, int)
06-23 16:38:38.156 W/id.AlipayGphon( 6431): !bang JNI is deprecated. Switch to @FastNative for int com.alipay.ma.decode.MaDecode.setBinarizerOrder(int[][])
06-23 16:38:38.156 W/id.AlipayGphon( 6431): !bang JNI is deprecated. Switch to @FastNative for int com.alipay.ma.decode.MaDecode.AISetup(java.lang.String, java.lang.String, java.lang.String, java.lang.String, java.lang.String)
06-23 16:38:38.156 W/id.AlipayGphon( 6431): !bang JNI is deprecated. Switch to @FastNative for int com.alipay.ma.decode.MaDecode.AIUninstall()
06-23 16:38:38.156 W/id.AlipayGphon( 6431): !bang JNI is deprecated. Switch to @FastNative for int com.alipay.ma.decode.MaDecode.AISetupQRToMixed(boolean)
06-23 16:38:38.156 W/id.AlipayGphon( 6431): !bang JNI is deprecated. Switch to @FastNative for void com.alipay.ma.decode.MaDecode.setFilterConfig(java.lang.String)
06-23 16:38:38.156 W/id.AlipayGphon( 6431): !bang JNI is deprecated. Switch to @FastNative for boolean com.alipay.ma.decode.MaDecode.pushCyclerStream(byte[], java.lang.String, int)
06-23 16:38:38.156 W/id.AlipayGphon( 6431): !bang JNI is deprecated. Switch to @FastNative for long com.alipay.ma.decode.MaDecode.RegistDSLReader(java.lang.String, boolean)
06-23 16:38:38.156 W/id.AlipayGphon( 6431): !bang JNI is deprecated. Switch to @FastNative for long com.alipay.ma.decode.MaDecode.UnRegistDSLReader(boolean)
06-23 16:38:38.156 D/masdk_native( 6431): success !!
06-23 16:38:38.156 D/masdk_native( 6431): JNI_OnLoad 0x2f6a 8
06-23 16:38:38.156 D/masdk_native( 6431): auto timer JNI_OnLoad 10.2.8 27472
06-23 16:38:38.288 E/id.AlipayGphon( 6431): Invalid ID 0x00000000.
06-23 16:38:38.325 I/chatty  ( 2337): uid=1000(system) Binder:2337_1A expire 15 lines
06-23 16:38:38.446 I/chatty  ( 2337): uid=1000(system) Binder:2337_1B expire 12 lines
06-23 16:38:38.715 D/SpaceNotificationService( 3128): onNotificationPosted pkgname:com.miui.securitycenter key:0|com.miui.securitycenter|20004|null|1000 userId:0 currentUserId:0 isFloat: false
06-23 16:38:38.716 D/SpaceNotificationService( 3128): We don't care notifications posted from current users.
06-23 16:38:38.723 I/chatty  ( 2513): uid=1000(system) com.android.systemui expire 10 lines
06-23 16:38:38.723 I/chatty  ( 3341): uid=1000(system) Binder:3341_D expire 6 lines
06-23 16:38:38.761 I/AsyTskExecutor( 6431): Pipeline: [Cls_Ldr_Fty].start()
06-23 16:38:38.783 W/id.AlipayGphon( 6431): Opening an oat file without a class loader. Are you using the deprecated DexFile APIs?
06-23 16:38:38.826 E/System  ( 6431): Ignoring attempt to set property "java.net.preferIPv6Addresses" to value "false".
06-23 16:38:40.814 W/memtrack@1.0-se(  768): type=1400 audit(0.0:57393): avc: denied { read } for name="mem" dev="debugfs" ino=7374459 scontext=u:r:hal_memtrack_default:s0 tcontext=u:object_r:qti_debugfs:s0 tclass=file permissive=0
06-23 16:38:40.814 W/memtrack@1.0-se(  768): type=1400 audit(0.0:57394): avc: denied { read } for name="mem" dev="debugfs" ino=7374459 scontext=u:r:hal_memtrack_default:s0 tcontext=u:object_r:qti_debugfs:s0 tclass=file permissive=0
06-23 16:38:40.904 W/memtrack@1.0-se(  768): type=1400 audit(0.0:57395): avc: denied { read } for name="mem" dev="debugfs" ino=7372324 scontext=u:r:hal_memtrack_default:s0 tcontext=u:object_r:qti_debugfs:s0 tclass=file permissive=0
06-23 16:38:40.914 W/memtrack@1.0-se(  768): type=1400 audit(0.0:57396): avc: denied { read } for name="mem" dev="debugfs" ino=7372324 scontext=u:r:hal_memtrack_default:s0 tcontext=u:object_r:qti_debugfs:s0 tclass=file permissive=0
06-23 16:38:42.234 D/PowerCheckerService( 3547): onBatteryChanged, mBatteryLevel = 70, status = 2, level = 70, plug = 2, scale = 100
06-23 16:38:42.235 E/UsbDeviceManager( 2337): handle message = 9
06-23 16:38:43.977 I/id.AlipayGphon( 6431): ProcessProfilingInfo new_methods=0 is saved saved_to_disk=0 resolve_classes_delay=8000
06-23 16:38:44.313 I/mars::stn( 5469): [longlink_connect_monitor.cc, __LongLinkStateToSystemLog, 118]:longlink_progress longlink state: connect failed connect socket error, disconnected time: 69781176
06-23 16:38:44.845 I/mars::stn( 5469): [longlink_connect_monitor.cc, __IntervalConnect, 256]:longlink_progress next connect interval: 15000, process active state: true, process foreground: true
06-23 16:38:44.856 I/vendor.rmt_storage(  790): rmt_storage_connect_cb: clnt_h=0x66 conn_h=0x7383c2c020
06-23 16:38:44.857 I/vendor.rmt_storage(  790): rmt_storage_rw_iovec_cb: /boot/modem_fs2: req_h=0x66 msg_id=3: R/W request received
06-23 16:38:44.857 I/vendor.rmt_storage(  790): wakelock acquired: 1, error no: 42
06-23 16:38:44.857 I/vendor.rmt_storage(  790): rmt_storage_client_thread: /boot/modem_fs2: Unblock worker thread (th_id: 496128353520)
06-23 16:38:44.867 I/mars::stn( 5469): [longlink_connect_monitor.cc, __LongLinkStateToSystemLog, 118]:longlink_progress longlink state: connecting time: 69781730
06-23 16:38:44.870 E/libc    ( 5469): Access denied finding property "net.dns1"
06-23 16:38:44.870 E/libc    ( 5469): Access denied finding property "net.dns2"
06-23 16:38:44.891 E/libc    ( 5469): Access denied finding property "net.dns1"
06-23 16:38:44.891 E/libc    ( 5469): Access denied finding property "net.dns2"
06-23 16:38:44.952 I/vendor.rmt_storage(  790): rmt_storage_client_thread: /boot/modem_fs2: req_h=0x66 msg_id=3: Bytes written = 2097152
06-23 16:38:44.952 I/vendor.rmt_storage(  790): rmt_storage_client_thread: /boot/modem_fs2: req_h=0x66 msg_id=3: Send response: res=0 err=0
06-23 16:38:44.953 I/vendor.rmt_storage(  790): rmt_storage_client_thread: /boot/modem_fs2: About to block rmt_storage client thread (th_id: 496128353520) wakelock released: 1, error no: 0
06-23 16:38:44.953 I/vendor.rmt_storage(  790): 
06-23 16:38:44.955 I/vendor.rmt_storage(  790): rmt_storage_disconnect_cb: clnt_h=0x66 conn_h=0x7383c2c020
06-23 16:38:44.960 V/slim_daemon( 1214): [MAIN] run: Got IPC: 9902 from 0
06-23 16:38:44.961 D/slim_daemon( 1214): [SLIM] No pending timeout events
06-23 16:38:49.681 W/System.err( 5358): enter getSecurityCode
06-23 16:38:49.681 W/System.err( 5358): apkFile filename:base.apk
06-23 16:38:49.682 W/System.err( 5358): readComment:length bytes data = 0,0,
06-23 16:38:49.682 W/System.err( 5358): null == readComment
06-23 16:38:49.682 W/System.err( 5358): exit
06-23 16:38:49.682 W/System.err( 5358): exit getSecurityCode
06-23 16:38:49.814 W/Binder:5358_7( 5358): type=1400 audit(0.0:57397): avc: denied { read } for name="devices" dev="proc" ino=4026532156 scontext=u:r:untrusted_app:s0:c218,c256,c512,c768 tcontext=u:object_r:proc:s0 tclass=file permissive=0
06-23 16:38:49.814 W/Binder:5358_7( 5358): type=1400 audit(0.0:57398): avc: denied { read } for name="interrupts" dev="proc" ino=4026532081 scontext=u:r:untrusted_app:s0:c218,c256,c512,c768 tcontext=u:object_r:proc_interrupts:s0 tclass=file permissive=0
06-23 16:38:49.814 W/Binder:5358_7( 5358): type=1400 audit(0.0:57399): avc: denied { read } for name="diskstats" dev="proc" ino=4026532153 scontext=u:r:untrusted_app:s0:c218,c256,c512,c768 tcontext=u:object_r:proc_diskstats:s0 tclass=file permissive=0
06-23 16:38:49.814 W/Binder:5358_7( 5358): type=1400 audit(0.0:57400): avc: denied { read } for name="filesystems" dev="proc" ino=4026532138 scontext=u:r:untrusted_app:s0:c218,c256,c512,c768 tcontext=u:object_r:proc_filesystems:s0 tclass=file permissive=0
06-23 16:38:49.894 W/Binder:5358_7( 5358): type=1400 audit(0.0:57401): avc: denied { search } for name="android_usb" dev="sysfs" ino=36492 scontext=u:r:untrusted_app:s0:c218,c256,c512,c768 tcontext=u:object_r:sysfs_android_usb:s0 tclass=dir permissive=0
06-23 16:38:49.930 I/chatty  ( 2337): uid=1000(system) WifiStateMachin expire 1 line
06-23 16:38:49.936 W/BroadcastQueue( 2337): Background execution not allowed: receiving Intent { act=android.net.wifi.SCAN_RESULTS flg=0x4000010 (has extras) } to com.qihoo.browser/.pushmanager.PushBroadcastReceiver
06-23 16:38:49.944 W/Binder:5358_7( 5358): type=1400 audit(0.0:57402): avc: denied { getattr } for path="/system/bin/sgdisk" dev="dm-0" ino=4919 scontext=u:r:untrusted_app:s0:c218,c256,c512,c768 tcontext=u:object_r:sgdisk_exec:s0 tclass=file permissive=0
06-23 16:38:49.944 W/Binder:5358_7( 5358): type=1400 audit(0.0:57403): avc: denied { getattr } for path="/system/bin/installd" dev="dm-0" ino=4924 scontext=u:r:untrusted_app:s0:c218,c256,c512,c768 tcontext=u:object_r:installd_exec:s0 tclass=file permissive=0
06-23 16:38:50.564 E/libc    ( 5469): Access denied finding property "net.dns1"
06-23 16:38:50.564 E/libc    ( 5469): Access denied finding property "net.dns2"
06-23 16:38:52.434 I/MiuiPerfServiceClient( 3413): GraphicDumpService onStartJob
06-23 16:38:52.444 W/[GT]ColdPool#10( 5469): type=1400 audit(0.0:57486): avc: denied { getattr } for path="/proc/5469/net/xt_qtaguid/stats" dev="proc" ino=4026532836 scontext=u:r:untrusted_app:s0:c218,c256,c512,c768 tcontext=u:object_r:proc_qtaguid_stat:s0 tclass=file permissive=0
06-23 16:38:52.504 W/memtrack@1.0-se(  768): type=1400 audit(0.0:57487): avc: denied { read } for name="mem" dev="debugfs" ino=7355513 scontext=u:r:hal_memtrack_default:s0 tcontext=u:object_r:qti_debugfs:s0 tclass=file permissive=0
06-23 16:38:52.504 W/memtrack@1.0-se(  768): type=1400 audit(0.0:57488): avc: denied { read } for name="mem" dev="debugfs" ino=7355513 scontext=u:r:hal_memtrack_default:s0 tcontext=u:object_r:qti_debugfs:s0 tclass=file permissive=0
06-23 16:38:53.785 D/SpaceNotificationService( 3128): onNotificationPosted pkgname:com.miui.securitycenter key:0|com.miui.securitycenter|20004|null|1000 userId:0 currentUserId:0 isFloat: false
06-23 16:38:53.786 D/SpaceNotificationService( 3128): We don't care notifications posted from current users.
06-23 16:38:53.815 I/chatty  ( 2513): uid=1000(system) com.android.systemui expire 10 lines
06-23 16:38:54.397 I/chatty  ( 2337): uid=1000(system) ActivityManager expire 12 lines
06-23 16:38:58.610 I/chatty  ( 3341): uid=1000(system) cycleMemory expire 6 lines
06-23 16:38:58.653 I/mars::stn( 5469): [shortlink_task_manager.cc, __SingleRespHandle, 614]:cgi trace error: (4, -10087), cost:9018, rtt:0, svr:(183.3.224.141, 80, BackupIP)
06-23 16:38:58.696 E/libc    ( 5469): Access denied finding property "net.dns1"
06-23 16:38:58.696 E/libc    ( 5469): Access denied finding property "net.dns2"
06-23 16:38:58.750 I/mars::stn( 5469): [longlink_connect_monitor.cc, __LongLinkStateToSystemLog, 118]:longlink_progress longlink state: connecting time: 69795613
06-23 16:38:58.758 E/libc    ( 5469): Access denied finding property "net.dns1"
06-23 16:38:58.758 E/libc    ( 5469): Access denied finding property "net.dns2"
06-23 16:38:58.766 E/libc    ( 5469): Access denied finding property "net.dns1"
06-23 16:38:58.766 E/libc    ( 5469): Access denied finding property "net.dns2"
06-23 16:39:04.908 V/LocationPolicy( 2337): writePolicyLocked()
06-23 16:39:07.796 D/mtopsdk.TBSdkLog( 6431): [setPrintLog] printLog=false
06-23 16:39:07.796 D/mtopsdk.TBSdkLog( 6431): [setLogAdapter] logAdapter=com.alipay.android.phone.mobilesdk.mtop.AlipayLogAdapter@34b4233
06-23 16:39:07.846 W/id.AlipayGphon( 6431): Unsupported class loader
06-23 16:39:08.636 I/chatty  ( 3341): uid=1000(system) com.miui.securitycenter.remote expire 1 line
06-23 16:39:08.664 W/memtrack@1.0-se(  768): type=1400 audit(0.0:57489): avc: denied { read } for name="mem" dev="debugfs" ino=7374459 scontext=u:r:hal_memtrack_default:s0 tcontext=u:object_r:qti_debugfs:s0 tclass=file permissive=0
06-23 16:39:08.664 W/memtrack@1.0-se(  768): type=1400 audit(0.0:57490): avc: denied { read } for name="mem" dev="debugfs" ino=7374459 scontext=u:r:hal_memtrack_default:s0 tcontext=u:object_r:qti_debugfs:s0 tclass=file permissive=0
06-23 16:39:08.744 W/memtrack@1.0-se(  768): type=1400 audit(0.0:57491): avc: denied { read } for name="mem" dev="debugfs" ino=7372324 scontext=u:r:hal_memtrack_default:s0 tcontext=u:object_r:qti_debugfs:s0 tclass=file permissive=0
06-23 16:39:08.744 W/memtrack@1.0-se(  768): type=1400 audit(0.0:57492): avc: denied { read } for name="mem" dev="debugfs" ino=7372324 scontext=u:r:hal_memtrack_default:s0 tcontext=u:object_r:qti_debugfs:s0 tclass=file permissive=0
06-23 16:39:08.800 D/SpaceNotificationService( 3128): onNotificationPosted pkgname:com.miui.securitycenter key:0|com.miui.securitycenter|20004|null|1000 userId:0 currentUserId:0 isFloat: false
06-23 16:39:08.802 D/SpaceNotificationService( 3128): We don't care notifications posted from current users.
06-23 16:39:15.011 I/mars::stn( 5469): [longlink_connect_monitor.cc, __LongLinkStateToSystemLog, 118]:longlink_progress longlink state: connect failed connect socket error, disconnected time: 69811874
06-23 16:39:15.537 I/mars::stn( 5469): [longlink_connect_monitor.cc, __IntervalConnect, 256]:longlink_progress next connect interval: 15000, process active state: true, process foreground: true
06-23 16:39:15.562 I/mars::stn( 5469): [longlink_connect_monitor.cc, __LongLinkStateToSystemLog, 118]:longlink_progress longlink state: connecting time: 69812425
06-23 16:39:15.570 E/libc    ( 5469): Access denied finding property "net.dns1"
06-23 16:39:15.570 E/libc    ( 5469): Access denied finding property "net.dns2"
06-23 16:39:15.585 E/libc    ( 5469): Access denied finding property "net.dns1"
06-23 16:39:15.585 E/libc    ( 5469): Access denied finding property "net.dns2"
06-23 16:39:16.575 D/SecurityCenter( 3341): update_battery
06-23 16:39:16.576 I/BatteryInfoReceiver( 3341): ACTION_BATTERY_CHANGED
06-23 16:39:16.579 D/PowerCheckerService( 3547): onBatteryChanged, mBatteryLevel = 70, status = 2, level = 70, plug = 2, scale = 100
06-23 16:39:16.580 E/UsbDeviceManager( 2337): handle message = 9
06-23 16:39:18.657 D/SecurityCenter( 3341): memDiff : 102, timeDiff : 9980
06-23 16:39:18.717 I/chatty  ( 2513): uid=1000(system) com.android.systemui expire 5 lines
06-23 16:39:19.221 I/com.tencent.mm( 5358): Explicit concurrent copying GC freed 50127(2MB) AllocSpace objects, 27(4MB) LOS objects, 20% free, 31MB/39MB, paused 2.951ms total 522.400ms
06-23 16:39:19.871 I/com.tencent.mm( 5358): Explicit concurrent copying GC freed 3751(198KB) AllocSpace objects, 0(0B) LOS objects, 20% free, 31MB/39MB, paused 841us total 507.451ms
06-23 16:39:19.994 W/memtrack@1.0-se(  768): type=1400 audit(0.0:57493): avc: denied { read } for name="mem" dev="debugfs" ino=7355513 scontext=u:r:hal_memtrack_default:s0 tcontext=u:object_r:qti_debugfs:s0 tclass=file permissive=0
06-23 16:39:20.004 W/memtrack@1.0-se(  768): type=1400 audit(0.0:57494): avc: denied { read } for name="mem" dev="debugfs" ino=7355513 scontext=u:r:hal_memtrack_default:s0 tcontext=u:object_r:qti_debugfs:s0 tclass=file permissive=0
06-23 16:39:20.514 I/com.tencent.mm( 5358): Explicit concurrent copying GC freed 647(132KB) AllocSpace objects, 0(0B) LOS objects, 20% free, 31MB/39MB, paused 575us total 503.179ms
06-23 16:39:21.132 I/com.tencent.mm( 5358): Explicit concurrent copying GC freed 11(63KB) AllocSpace objects, 0(0B) LOS objects, 20% free, 31MB/39MB, paused 1.829ms total 481.746ms
06-23 16:39:21.786 I/com.tencent.mm( 5358): Explicit concurrent copying GC freed 9(31KB) AllocSpace objects, 0(0B) LOS objects, 20% free, 31MB/39MB, paused 810us total 509.442ms
06-23 16:39:22.405 I/com.tencent.mm( 5358): Explicit concurrent copying GC freed 15(64KB) AllocSpace objects, 0(0B) LOS objects, 20% free, 31MB/39MB, paused 818us total 494.739ms
06-23 16:39:23.019 I/com.tencent.mm( 5358): Explicit concurrent copying GC freed 11(32KB) AllocSpace objects, 0(0B) LOS objects, 20% free, 31MB/39MB, paused 710us total 505.875ms
06-23 16:39:23.666 D/SecurityCenter( 3341): memDiff : 108, timeDiff : 14990
06-23 16:39:23.666 D/SecurityCenter( 3341): cycle_memory
06-23 16:39:23.667 D/SecurityCenter( 3341): screen on : true, enable : true
06-23 16:39:23.667 D/SecurityCenter( 3341): notifyNotification
06-23 16:39:23.913 D/SpaceNotificationService( 3128): onNotificationPosted pkgname:com.miui.securitycenter key:0|com.miui.securitycenter|20004|null|1000 userId:0 currentUserId:0 isFloat: false
06-23 16:39:23.916 D/SpaceNotificationService( 3128): We don't care notifications posted from current users.
06-23 16:39:23.919 W/Parcel  ( 3341): **** enforceInterface() expected 'com.miui.gamebooster.service.INotificationListener' but read 'android.service.notification.INotificationListener'
06-23 16:39:23.920 W/Binder  ( 3341): Binder call failed.
06-23 16:39:23.920 W/Binder  ( 3341): java.lang.SecurityException: Binder invocation to an incorrect interface
06-23 16:39:23.920 W/Binder  ( 3341): 	at android.os.Parcel.nativeEnforceInterface(Native Method)
06-23 16:39:23.920 W/Binder  ( 3341): 	at android.os.Parcel.enforceInterface(Parcel.java:613)
06-23 16:39:23.920 W/Binder  ( 3341): 	at com.miui.gamebooster.service.INotificationListener$Stub.onTransact(Unknown Source:16)
06-23 16:39:23.920 W/Binder  ( 3341): 	at android.os.Binder.execTransact(Binder.java:735)
06-23 16:39:23.941 D/StatusBar( 2513): No peeking: miui smart intercept: 0|com.miui.securitycenter|20004|null|1000
06-23 16:39:25.741 E/storaged( 1102): getDiskStats failed with result NOT_SUPPORTED and size 0
06-23 16:39:28.676 D/SecurityCenter( 3341): memDiff : 1, timeDiff : 4980
06-23 16:39:31.819 I/mars::stn( 5469): [longlink_connect_monitor.cc, __LongLinkStateToSystemLog, 118]:longlink_progress longlink state: connect failed connect socket error, disconnected time: 69828682
06-23 16:39:32.195 V/APM_AudioPolicyManager(  797): AudioPolicyManager:setRecordSilenced(uid:10218, silenced:1)
06-23 16:39:32.199 V/LocationPolicy( 2337): writePolicyLocked()
06-23 16:39:32.205 V/AudioFlinger(  797): AudioFlinger::setRecordSilenced(uid:10218, silenced:1)
06-23 16:39:32.350 I/mars::stn( 5469): [longlink_connect_monitor.cc, __IntervalConnect, 256]:longlink_progress next connect interval: 30000, process active state: true, process foreground: true
06-23 16:39:32.362 I/mars::stn( 5469): [longlink_connect_monitor.cc, __AutoIntervalConnect, 318]:longlink_progress set rebuild alarm, reason: rebuild longlink alarm, current time: 69829225, next rebuild time interval: 13210
06-23 16:39:33.683 D/SecurityCenter( 3341): memDiff : 1, timeDiff : 9987
06-23 16:39:33.846 I/StatusBar( 2513): onRankingUpdate
06-23 16:39:34.049 D/StatusBar( 2513): updateNotificationRankingDelayed messageReceiveTime=30089939
06-23 16:39:35.194 W/jg_sc_pool_thre(31284): type=1400 audit(0.0:57495): avc: denied { read } for name="u:object_r:deviceid_prop:s0" dev="tmpfs" ino=12235 scontext=u:r:untrusted_app_27:s0:c512,c768 tcontext=u:object_r:deviceid_prop:s0 tclass=file permissive=0
06-23 16:39:35.205 E/libc    (31284): Access denied finding property "ro.ril.miui.imei0"
06-23 16:39:35.194 W/jg_sc_pool_thre(31284): type=1400 audit(0.0:57496): avc: denied { read } for name="u:object_r:deviceid_prop:s0" dev="tmpfs" ino=12235 scontext=u:r:untrusted_app_27:s0:c512,c768 tcontext=u:object_r:deviceid_prop:s0 tclass=file permissive=0
06-23 16:39:35.205 E/libc    (31284): Access denied finding property "ro.ril.miui.imei"
06-23 16:39:35.194 W/jg_sc_pool_thre(31284): type=1400 audit(0.0:57497): avc: denied { read } for name="u:object_r:deviceid_prop:s0" dev="tmpfs" ino=12235 scontext=u:r:untrusted_app_27:s0:c512,c768 tcontext=u:object_r:deviceid_prop:s0 tclass=file permissive=0
06-23 16:39:35.205 E/libc    (31284): Access denied finding property "ro.ril.miui.imei1"
06-23 16:39:35.194 W/jg_sc_pool_thre(31284): type=1400 audit(0.0:57498): avc: denied { read } for name="u:object_r:deviceid_prop:s0" dev="tmpfs" ino=12235 scontext=u:r:untrusted_app_27:s0:c512,c768 tcontext=u:object_r:deviceid_prop:s0 tclass=file permissive=0
06-23 16:39:35.206 E/libc    (31284): Access denied finding property "ro.ril.oem.imei1"
06-23 16:39:35.194 W/jg_sc_pool_thre(31284): type=1400 audit(0.0:57499): avc: denied { read } for name="u:object_r:deviceid_prop:s0" dev="tmpfs" ino=12235 scontext=u:r:untrusted_app_27:s0:c512,c768 tcontext=u:object_r:deviceid_prop:s0 tclass=file permissive=0
06-23 16:39:35.194 W/jg_sc_pool_thre(31284): type=1400 audit(0.0:57500): avc: denied { read } for name="u:object_r:deviceid_prop:s0" dev="tmpfs" ino=12235 scontext=u:r:untrusted_app_27:s0:c512,c768 tcontext=u:object_r:deviceid_prop:s0 tclass=file permissive=0
06-23 16:39:35.206 E/libc    (31284): Access denied finding property "ro.ril.oem.imei2"
06-23 16:39:35.207 E/libc    (31284): Access denied finding property "persist.radio.imei1"
06-23 16:39:35.207 E/libc    (31284): Access denied finding property "persist.radio.imei2"
06-23 16:39:35.208 E/libc    (31284): Access denied finding property "vendor.cellular.ril.imsi"
06-23 16:39:35.246 D/IdProviderImpl(31284): getAAID
06-23 16:39:35.253 D/IdProviderImpl(31284): getVAID
06-23 16:39:35.257 D/IdProviderImpl(31284): getOAID
06-23 16:39:35.264 D/IdProviderImpl(31284): getAAID
06-23 16:39:35.269 D/IdProviderImpl(31284): getVAID
06-23 16:39:35.272 D/IdProviderImpl(31284): getOAID
06-23 16:39:38.693 D/SecurityCenter( 3341): memDiff : 0, timeDiff : 14997
06-23 16:39:43.703 D/SecurityCenter( 3341): memDiff : 0, timeDiff : 20007
06-23 16:39:44.107 D/KeyguardUpdateMonitor( 2513): received broadcast android.intent.action.BATTERY_CHANGED
06-23 16:39:44.108 D/KeyguardUpdateMonitor( 2513): handleBatteryUpdate
06-23 16:39:44.108 E/UsbDeviceManager( 2337): handle message = 9
06-23 16:39:44.110 D/PowerCheckerService( 3547): onBatteryChanged, mBatteryLevel = 70, status = 2, level = 70, plug = 2, scale = 100
06-23 16:39:44.111 D/SecurityCenter( 3341): update_battery
06-23 16:39:44.111 I/BatteryInfoReceiver( 3341): ACTION_BATTERY_CHANGED
06-23 16:39:45.567 I/mars::stn( 5469): [longlink_connect_monitor.cc, __IntervalConnect, 256]:longlink_progress next connect interval: 30000, process active state: true, process foreground: true
06-23 16:39:45.569 I/mars::stn( 5469): [longlink_connect_monitor.cc, __OnAlarm, 393]:longlink_progress onalarm log, reason: rebuild alarm, alarm after 13210 millsecond, spend time 13214
06-23 16:39:45.593 I/mars::stn( 5469): [longlink_connect_monitor.cc, __LongLinkStateToSystemLog, 118]:longlink_progress longlink state: connecting time: 69842456
06-23 16:39:45.594 E/libc    ( 5469): Access denied finding property "net.dns1"
06-23 16:39:45.594 E/libc    ( 5469): Access denied finding property "net.dns2"
06-23 16:39:45.608 E/libc    ( 5469): Access denied finding property "net.dns1"
06-23 16:39:45.608 E/libc    ( 5469): Access denied finding property "net.dns2"
06-23 16:39:47.486 D/KeyguardUpdateMonitor( 2513): received broadcast android.intent.action.BATTERY_CHANGED
06-23 16:39:47.487 D/KeyguardUpdateMonitor( 2513): handleBatteryUpdate
06-23 16:39:47.494 D/PowerCheckerService( 3547): onBatteryChanged, mBatteryLevel = 70, status = 2, level = 70, plug = 2, scale = 100
06-23 16:39:47.495 D/SecurityCenter( 3341): update_battery
06-23 16:39:47.496 I/BatteryInfoReceiver( 3341): ACTION_BATTERY_CHANGED
06-23 16:39:48.713 D/SecurityCenter( 3341): memDiff : 0, timeDiff : 25017
06-23 16:39:47.483 E/UsbDeviceManager( 2337): handle message = 9
