06-23 16:38:05.811 W/BaseMiuiPhoneWindowManager( 2337): keyCode:82 down:false eventTime:30001903 downTime:30001838 policyFlags:2b000002 flags:48 deviceId:-1 isScreenOn:true keyguardActive:false repeatCount:0
06-23 16:38:05.915 I/ActivityManager( 2337): START u0 {flg=0x10884000 cmp=com.android.systemui/.recents.RecentsActivity (has extras)} from uid 1000
06-23 16:38:05.929 I/ActivityManager( 2337): Ignoring FLAG_ACTIVITY_NEW_DOCUMENT, launchMode is "singleInstance" or "singleTask"
06-23 16:38:05.940 I/chatty  ( 2337): uid=1000(system) Binder:2337_1D expire 12 lines
06-23 16:38:05.952 D/ScreenElementRoot( 2762): pause
06-23 16:38:05.952 D/ScreenElementRoot( 2762): pause
06-23 16:38:05.964 I/octvm_power( 3160): power mode [normal] start 1624437485
06-23 16:38:05.964 I/octvm_power( 3160): Action: set_bcbc_cust_state(disable) for [foreground_change]
06-23 16:38:05.964 I/octvm_drv( 3160): common drv: platform_set_bcbc_cust_state -> platform not support
06-23 16:38:05.964 I/octvm_power( 3160): Action: set_lcd_mode(default) for [foreground_change]
06-23 16:38:05.964 I/octvm_drv( 3160): common drv: platform_set_lcd_mode -> platform not support
06-23 16:38:05.964 I/octvm_power( 3160): Action: set_thermal_config(restore) for [foreground_change]
06-23 16:38:05.965 I/octvm_drv( 3160): platform_set_thermal_mode cur_global_config:[1], target mode:[restore], profile=1, ret=0
06-23 16:38:05.965 I/octvm_power( 3160): onPowerModeChanged[normal] called
06-23 16:38:05.967 I/Timeline( 2337): Timeline: App_transition_ready time:30002059
06-23 16:38:05.974 I/Timeline( 2337): Timeline: App_transition_ready time:30002066
06-23 16:38:05.975 I/NotifierManager( 2762): onUnregister: miui.maml.NotifierManager$MultiBroadcastNotifier@8d62121
06-23 16:38:05.976 D/LifecycleResourceManager( 2762): begin check cache... 
06-23 16:38:05.976 I/RenderThread( 2762): RenderThread paused, waiting for signal
06-23 16:38:05.976 I/chatty  ( 2337): uid=1000(system) ActivityManager expire 16 lines
06-23 16:38:06.001 D/Launcher.AdPendantUtils( 2762): updateAdvertisementPendantVisibility, mIsAdPendantEnable=false, mIsPullActionEnable=false, mIsEditDisabled=true, mCurrentScreenId=1, mDefaultScreenId=2, mIsLauncherVisible=false, mIsMinusOneScreenShow=false
06-23 16:38:06.020 D/Boost   ( 2337): hostingType=service, hostingName=net.csdn.csdnplus/.push.JPushService, callerPackage=net.csdn.csdnplus, isSystem=false, isBoostNeeded=false.
06-23 16:38:06.022 I/ActivityManager( 2337): Start proc 5293:net.csdn.csdnplus:pushcore/u0a163 for service net.csdn.csdnplus/.push.JPushService caller=net.csdn.csdnplus
06-23 16:38:06.032 I/Timeline( 2337): Timeline: App_transition_ready time:30002124
06-23 16:38:06.040 I/Timeline( 2337): Timeline: App_transition_ready time:30002132
06-23 16:38:06.041 I/chatty  ( 5293): uid=10163 net.csdn.csdnplus:pushcore expire 15 lines
06-23 16:38:06.041 D/TouchAssistant( 6962): topActivity.getPackageName(),packageName:com.android.systemui
06-23 16:38:06.042 D/TouchAssistant( 6962): onTopAppChanged packageName:com.android.systemui
06-23 16:38:06.042 D/TouchAssistant( 6962): onTopAppChanged show
06-23 16:38:06.042 D/TouchAssistant( 6962): AssistantWindowHelper isWeltHidden
06-23 16:38:06.042 D/TouchAssistant( 6962): AssistantWindowHelper forceSlideAway()
06-23 16:38:06.045 D/TouchAssistant( 6962): updateAll and mViewAdded = true
06-23 16:38:06.052 I/Timeline( 2337): Timeline: App_transition_ready time:30002144
06-23 16:38:06.056 I/chatty  ( 2337): uid=1000(system) Binder:2337_F expire 11 lines
06-23 16:38:06.071 I/Timeline( 2337): Timeline: App_transition_ready time:30002163
06-23 16:38:06.079 I/Timeline( 2337): Timeline: App_transition_ready time:30002171
06-23 16:38:06.093 I/Timeline( 2337): Timeline: App_transition_ready time:30002185
06-23 16:38:06.104 I/Timeline( 2337): Timeline: App_transition_ready time:30002196
06-23 16:38:06.249 I/ActivityManager( 2337): Killing 2256:net.csdn.csdnplus/u0a163 (adj 904): empty #17
06-23 16:38:06.251 I/chatty  ( 2337): uid=1000(system) ActivityManager expire 58 lines
06-23 16:38:06.258 W/SurfaceFlinger(  799): Attempting to set client state on removed layer: com.miui.home/com.miui.home.launcher.Launcher#0
06-23 16:38:06.258 W/SurfaceFlinger(  799): Attempting to destroy on removed layer: com.miui.home/com.miui.home.launcher.Launcher#0
06-23 16:38:06.280 I/Timeline( 2337): Timeline: App_transition_stopped time:30002372
06-23 16:38:06.283 I/Timeline( 2337): Timeline: Activity_windows_visible id: ActivityRecord{1a3761 u0 com.android.systemui/.recents.RecentsActivity t1150} time:30002375
06-23 16:38:06.320 D/ConnectivityService( 2337): ConnectivityService NetworkRequestInfo binderDied(NetworkRequest [ LISTEN id=812, [ Capabilities: INTERNET&NOT_RESTRICTED&TRUSTED Unwanted:  Uid: 10163] ], android.os.BinderProxy@a286dfc)
06-23 16:38:06.320 D/ConnectivityService( 2337): ConnectivityService NetworkRequestInfo binderDied(NetworkRequest [ LISTEN id=811, [ Capabilities: INTERNET&NOT_RESTRICTED&TRUSTED Unwanted:  Uid: 10163] ], android.os.BinderProxy@1a1cc85)
06-23 16:38:06.321 D/ProcessRecordInjector( 2337): Begin to report kill process events...
06-23 16:38:06.332 I/Zygote  ( 1066): Process 2256 exited due to signal (9)
06-23 16:38:06.497 D/TouchAssistant( 6962): AssistantWindowHelper handleAutoSlideAway, forceSlideAway()
06-23 16:38:06.497 D/TouchAssistant( 6962): AssistantWindowHelper forceSlideAway()
06-23 16:38:06.501 D/TouchAssistant( 6962): updateAll and mViewAdded = true
06-23 16:38:07.521 D/ServiceStateProvider( 2750): subId=7
06-23 16:38:07.610 D/RecentsActivity( 2513): removeTask: [id=1282 stackId=-1 windowingMode=1 user=0 lastActiveTime=69741169] 
06-23 16:38:07.612 I/ProcessManager( 2337): Kill reason SwipeUpClean from pid=2513
06-23 16:38:07.638 I/ProcessManager( 2337): SwipeUpClean: kill com.android.fileexplorer Adj=900 State=17
06-23 16:38:07.638 I/ActivityManager( 2337): Killing 1223:com.android.fileexplorer/u0a114 (adj 900): SwipeUpClean
06-23 16:38:07.646 E/TaskPersister( 2337): File error accessing recents directory (directory doesn't exist?).
06-23 16:38:07.697 W/ActivityManager( 2337): setHasOverlayUi called on unknown pid: 1223
06-23 16:38:07.698 V/APM_AudioPolicyManager(  797): AudioPolicyManager:setRecordSilenced(uid:10114, silenced:1)
06-23 16:38:07.698 V/AudioFlinger(  797): AudioFlinger::setRecordSilenced(uid:10114, silenced:1)
06-23 16:38:07.700 I/Zygote  ( 1065): Process 1223 exited due to signal (9)
06-23 16:38:07.713 E/PowerKeeper.Sensor( 3547): setAppSensorsControlPolicyjava.lang.UnsupportedOperationException
06-23 16:38:07.837 E/ANDR-PERF-MPCTL(  779): Invalid profile no. 0, total profiles 0 only
06-23 16:38:08.142 D/RecentsActivity( 2513): removeTask: [id=1283 stackId=-1 windowingMode=1 user=0 lastActiveTime=69285051] 
06-23 16:38:08.145 I/ProcessManager( 2337): Kill reason SwipeUpClean from pid=2513
06-23 16:38:08.148 I/chatty  ( 2337): uid=1000(system) Binder:2337_1B expire 11 lines
06-23 16:38:08.150 I/ProcessManager( 2337): SwipeUpClean: kill com.android.settings Adj=900 State=17
06-23 16:38:08.150 I/ActivityManager( 2337): Killing 29185:com.android.settings/1000 (adj 900): SwipeUpClean
06-23 16:38:08.159 E/TaskPersister( 2337): File error accessing recents directory (directory doesn't exist?).
06-23 16:38:08.207 I/Zygote  ( 1065): Process 29185 exited due to signal (9)
06-23 16:38:08.209 W/ActivityManager( 2337): setHasOverlayUi called on unknown pid: 29185
06-23 16:38:08.330 E/ANDR-PERF-MPCTL(  779): Invalid profile no. 0, total profiles 0 only
06-23 16:38:08.649 D/RecentsActivity( 2513): removeTask: [id=1279 stackId=-1 windowingMode=1 user=0 lastActiveTime=68273979] 
06-23 16:38:08.651 I/ProcessManager( 2337): Kill reason SwipeUpClean from pid=2513
06-23 16:38:08.653 I/chatty  ( 2337): uid=1000(system) Binder:2337_12 expire 23 lines
06-23 16:38:08.656 I/ProcessManager( 2337): SwipeUpClean: force-stop com.douban.frodo Adj=901 State=17
06-23 16:38:08.657 I/ActivityManager( 2337): Force stopping com.douban.frodo appid=10165 user=0: SwipeUpClean
06-23 16:38:08.658 I/ActivityManager( 2337): Killing 23831:com.douban.frodo/u0a165 (adj 901): stop com.douban.frodo: SwipeUpClean
06-23 16:38:08.673 I/chatty  ( 3547): uid=1000(system) NativePowerKeep expire 12 lines
06-23 16:38:08.676 I/ActivityManager( 2337): Killing 23893:com.google.android.webview:sandboxed_process0/u0a165i23 (adj 0): isolated not needed
06-23 16:38:08.686 D/SpaceNotificationService( 3128): onNotificationPosted pkgname:com.miui.securitycenter key:0|com.miui.securitycenter|20004|null|1000 userId:0 currentUserId:0 isFloat: false
06-23 16:38:08.688 D/SpaceNotificationService( 3128): We don't care notifications posted from current users.
06-23 16:38:08.694 I/ActivityManager( 2337): START u0 {act=android.intent.action.MAIN cat=[android.intent.category.HOME] flg=0x10200000 cmp=com.miui.home/.launcher.Launcher} from uid 1000
06-23 16:38:08.697 D/CarrierSvcBindHelper( 2750): No carrier app for: 0
06-23 16:38:08.704 D/CarrierSvcBindHelper( 2750): No carrier app for: 1
06-23 16:38:08.706 I/chatty  ( 3341): uid=1000(system) Binder:3341_2 expire 3 lines
06-23 16:38:08.713 I/chatty  ( 2337): uid=1000(system) Binder:2337_16 expire 6 lines
06-23 16:38:08.730 I/Zygote  ( 2538): Process 23893 exited due to signal (9)
06-23 16:38:08.731 D/Launcher( 2762): get showing item successnull
06-23 16:38:08.731 I/Timeline( 2337): Timeline: App_transition_ready time:30004823
06-23 16:38:08.736 E/TaskPersister( 2337): File error accessing recents directory (directory doesn't exist?).
06-23 16:38:08.737 I/Timeline( 2337): Timeline: App_transition_ready time:30004829
06-23 16:38:08.738 I/octvm_power( 3160): power mode [home] start 1624437488
06-23 16:38:08.740 I/octvm_power( 3160): Action: set_bcbc_cust_state(disable) for [foreground_change]
06-23 16:38:08.740 I/octvm_drv( 3160): common drv: platform_set_bcbc_cust_state -> platform not support
06-23 16:38:08.740 I/octvm_power( 3160): Action: set_lcd_mode(default) for [foreground_change]
06-23 16:38:08.740 I/octvm_drv( 3160): common drv: platform_set_lcd_mode -> platform not support
06-23 16:38:08.740 I/octvm_power( 3160): Action: set_thermal_config(restore) for [foreground_change]
06-23 16:38:08.742 I/Timeline( 2337): Timeline: App_transition_ready time:30004834
06-23 16:38:08.743 I/octvm_drv( 3160): platform_set_thermal_mode cur_global_config:[1], target mode:[restore], profile=1, ret=0
06-23 16:38:08.744 I/octvm_power( 3160): onPowerModeChanged[home] called
06-23 16:38:08.757 I/Timeline( 2337): Timeline: App_transition_ready time:30004849
06-23 16:38:08.760 I/RenderThread( 2762): RenderThread resumed
06-23 16:38:08.760 D/ScreenElementRoot( 2762): resume
06-23 16:38:08.760 D/Launcher.AdPendantUtils( 2762): updateAdvertisementPendantVisibility, mIsAdPendantEnable=false, mIsPullActionEnable=false, mIsEditDisabled=true, mCurrentScreenId=1, mDefaultScreenId=2, mIsLauncherVisible=true, mIsMinusOneScreenShow=false
06-23 16:38:08.762 D/ScreenElementRoot( 2762): resume
06-23 16:38:08.766 D/PowerKeeper.FrozenApp( 3547): updateWakelockBlockedUid, uid = 10165, isBlocked = false
06-23 16:38:08.768 D/TouchAssistant( 6962): getPackageNameFromPid packageName:com.miui.home
06-23 16:38:08.768 I/NotifierManager( 2762): onRegister: miui.maml.NotifierManager$MultiBroadcastNotifier@8d62121
06-23 16:38:08.768 D/TouchAssistant( 6962): onTopAppChanged packageName:com.miui.home
06-23 16:38:08.768 D/TouchAssistant( 6962): onTopAppChanged show
06-23 16:38:08.768 D/TouchAssistant( 6962): AssistantWindowHelper isWeltHidden
06-23 16:38:08.769 D/TouchAssistant( 6962): AssistantWindowHelper forceSlideAway()
06-23 16:38:08.769 D/Launcher.XOutUtils( 2762): canRecommendScreenShow, isShowXout=false
06-23 16:38:08.769 E/Launcher.RecommendLog( 2762): don't request, because recommend screen can't show
06-23 16:38:08.769 E/Launcher.RecommendLog( 2762): folder display and try to request recommend list
06-23 16:38:08.769 D/Launcher.XOutUtils( 2762): canRecommendScreenShow, isShowXout=false
06-23 16:38:08.769 E/Launcher.RecommendLog( 2762): don't request, because recommend screen can't show
06-23 16:38:08.769 E/Launcher.RecommendLog( 2762): folder display and try to request recommend list
06-23 16:38:08.771 V/LocationPolicy( 2337): writePolicyLocked()
06-23 16:38:08.772 D/PowerKeeperPolicy( 2337): Caller[1000] updateWakelockBlockedUid:uid=10165, tag=null, block=false
06-23 16:38:08.775 D/TouchAssistant( 6962): updateAll and mViewAdded = true
06-23 16:38:08.781 I/Timeline( 2337): Timeline: App_transition_ready time:30004873
06-23 16:38:08.783 I/chatty  ( 3547): uid=1000(system) android.bg expire 2 lines
06-23 16:38:08.785 D/PowerKeeper.FrozenApp( 3547): updateWakelockBlockedUid, uid = 10165, isBlocked = false
06-23 16:38:08.797 I/Timeline( 2337): Timeline: App_transition_ready time:30004889
06-23 16:38:08.799 D/ConnectivityService( 2337): ConnectivityService NetworkRequestInfo binderDied(NetworkRequest [ LISTEN id=778, [ Capabilities: INTERNET&NOT_RESTRICTED&TRUSTED Unwanted:  Uid: 10165] ], android.os.BinderProxy@1d839ad)
06-23 16:38:08.799 D/ConnectivityService( 2337): ConnectivityService NetworkRequestInfo binderDied(NetworkRequest [ TRACK_DEFAULT id=777, [ Capabilities: INTERNET&NOT_RESTRICTED&TRUSTED Unwanted:  Uid: 10165] ], android.os.BinderProxy@7bd36c4)
06-23 16:38:08.800 I/Timeline( 2337): Timeline: App_transition_ready time:30004892
06-23 16:38:08.800 I/AssistHolderView( 2762): dispatchDraw
06-23 16:38:08.804 W/ActivityManager( 2337): setHasOverlayUi called on unknown pid: 23831
06-23 16:38:08.811 I/Zygote  ( 1065): Process 23831 exited due to signal (9)
06-23 16:38:08.812 I/Timeline( 2337): Timeline: App_transition_ready time:30004904
06-23 16:38:08.813 D/QcrilMsgTunnelIfaceManager( 2923): handleMessage what = 1
06-23 16:38:08.815 I/QcrilOemhookMsgTunnel( 2923): [0]invokeOemRilRequestRaw: serial=2450 length=24
06-23 16:38:08.820 I/Timeline( 2337): Timeline: App_transition_ready time:30004912
06-23 16:38:08.823 I/Timeline( 2337): Timeline: App_transition_ready time:30004915
06-23 16:38:08.834 I/QcrilOemhookMsgTunnel( 2923): [0]processOemHookResponse serial no: 2450 error: 0length=0
06-23 16:38:08.835 D/QcrilMsgTunnelIfaceManager( 2923): handleMessage what = 2
06-23 16:38:08.836 D/QcrilMsgTunnelIfaceManager( 2923): handleMessage what = 1
06-23 16:38:08.836 I/Timeline( 2337): Timeline: App_transition_ready time:30004928
06-23 16:38:08.837 I/QcrilOemhookMsgTunnel( 2923): [1]invokeOemRilRequestRaw: serial=2451 length=24
06-23 16:38:08.838 I/QcrilOemhookMsgTunnel( 2923): [1]processOemHookResponse serial no: 2451 error: 0length=0
06-23 16:38:08.838 D/QcrilMsgTunnelIfaceManager( 2923): handleMessage what = 2
06-23 16:38:08.856 I/QcrilOemhookMsgTunnel( 2923): [0]processOemHookIndication length=28
06-23 16:38:08.862 W/SurfaceFlinger(  799): Attempting to set client state on removed layer: com.android.systemui/com.android.systemui.recents.RecentsActivity#0
06-23 16:38:08.863 W/SurfaceFlinger(  799): Attempting to destroy on removed layer: com.android.systemui/com.android.systemui.recents.RecentsActivity#0
06-23 16:38:08.863 D/QcrilMsgTunnelIfaceManager( 2923): handleMessage what = 0
06-23 16:38:08.865 I/QcrilOemhookMsgTunnel( 2923): [1]processOemHookIndication length=28
06-23 16:38:08.866 D/QcrilMsgTunnelIfaceManager( 2923): handleMessage what = 0
06-23 16:38:08.882 W/MediaAnalyticsItem( 1079): Failed to record: [1:drm.vendor.Google.WidevineCDM:364:-1:com.douban.frodo:0:-1:1:0:0:] [forcenew=0]
06-23 16:38:08.882 E/PluginMetricsReporting( 1079): selfrecord() returned false. sessioId 364
06-23 16:38:08.901 W/MediaAnalyticsItem( 1079): Failed to record: [1:drm.vendor.Google.WidevineCDM:366:-1:com.douban.frodo:0:-1:1:0:0:] [forcenew=0]
06-23 16:38:08.901 E/PluginMetricsReporting( 1079): selfrecord() returned false. sessioId 366
06-23 16:38:08.924 I/AssistHolderView( 2762): dispatchDraw
06-23 16:38:08.973 I/Timeline( 2337): Timeline: Activity_windows_visible id: ActivityRecord{da0739e u0 com.miui.home/.launcher.Launcher t1} time:30005065
06-23 16:38:08.975 I/Timeline( 2337): Timeline: App_transition_stopped time:30005067
06-23 16:38:09.226 D/TouchAssistant( 6962): AssistantWindowHelper handleAutoSlideAway, forceSlideAway()
06-23 16:38:09.226 D/TouchAssistant( 6962): AssistantWindowHelper forceSlideAway()
06-23 16:38:09.231 D/TouchAssistant( 6962): updateAll and mViewAdded = true
06-23 16:38:09.900 D/Launcher( 2762): Launcher.dispatchTouchEvent:0
06-23 16:38:09.901 D/Launcher.Workspace( 2762): Workspace touch down
06-23 16:38:09.902 D/ScreenElementRoot( 2762): pause
06-23 16:38:09.903 D/ScreenElementRoot( 2762): pause
06-23 16:38:09.905 I/NotifierManager( 2762): onUnregister: miui.maml.NotifierManager$MultiBroadcastNotifier@8d62121
06-23 16:38:09.905 I/RenderThread( 2762): RenderThread paused, waiting for signal
06-23 16:38:09.931 E/ANDR-PERF-MPCTL(  779): Invalid profile no. 0, total profiles 0 only
06-23 16:38:09.979 D/Launcher( 2762): Launcher.dispatchTouchEvent:1
06-23 16:38:09.979 D/Launcher.Workspace( 2762): Workspace touch up or cancel
06-23 16:38:10.225 D/FancyDrawable( 2762): doPause:   [miui.maml.FancyDrawable@f37f22]
06-23 16:38:10.234 D/MultipleRenderable( 2762): setPause: true miui.maml.FancyDrawable@f37f22
06-23 16:38:10.234 D/RendererCore( 2762): self pause: miui.maml.RendererCore@d8093b6
06-23 16:38:10.234 D/Launcher.XOutUtils( 2762): canRecommendScreenShow, isShowXout=false
06-23 16:38:10.235 E/Launcher.RecommendLog( 2762): don't request, because recommend screen can't show
06-23 16:38:10.235 E/Launcher.RecommendLog( 2762): folder display and try to request recommend list
06-23 16:38:10.235 D/Launcher.XOutUtils( 2762): canRecommendScreenShow, isShowXout=false
06-23 16:38:10.235 E/Launcher.RecommendLog( 2762): don't request, because recommend screen can't show
06-23 16:38:10.235 E/Launcher.RecommendLog( 2762): folder display and try to request recommend list
06-23 16:38:10.235 D/Launcher.XOutUtils( 2762): canRecommendScreenShow, isShowXout=false
06-23 16:38:10.236 E/Launcher.RecommendLog( 2762): don't request, because recommend screen can't show
06-23 16:38:10.236 E/Launcher.RecommendLog( 2762): folder display and try to request recommend list
06-23 16:38:10.236 D/Launcher.XOutUtils( 2762): canRecommendScreenShow, isShowXout=false
06-23 16:38:10.236 E/Launcher.RecommendLog( 2762): don't request, because recommend screen can't show
06-23 16:38:10.236 E/Launcher.RecommendLog( 2762): folder display and try to request recommend list
06-23 16:38:10.236 D/Launcher.XOutUtils( 2762): canRecommendScreenShow, isShowXout=false
06-23 16:38:10.236 E/Launcher.RecommendLog( 2762): don't request, because recommend screen can't show
06-23 16:38:10.236 E/Launcher.RecommendLog( 2762): folder display and try to request recommend list
06-23 16:38:10.236 D/Launcher.XOutUtils( 2762): canRecommendScreenShow, isShowXout=false
06-23 16:38:10.237 E/Launcher.RecommendLog( 2762): don't request, because recommend screen can't show
06-23 16:38:10.237 E/Launcher.RecommendLog( 2762): folder display and try to request recommend list
06-23 16:38:10.237 D/Launcher.XOutUtils( 2762): canRecommendScreenShow, isShowXout=false
06-23 16:38:10.237 E/Launcher.RecommendLog( 2762): don't request, because recommend screen can't show
06-23 16:38:10.237 E/Launcher.RecommendLog( 2762): folder display and try to request recommend list
06-23 16:38:10.237 D/Launcher.XOutUtils( 2762): canRecommendScreenShow, isShowXout=false
06-23 16:38:10.237 E/Launcher.RecommendLog( 2762): don't request, because recommend screen can't show
06-23 16:38:10.237 E/Launcher.RecommendLog( 2762): folder display and try to request recommend list
06-23 16:38:10.237 D/Launcher.AdPendantUtils( 2762): updateAdvertisementPendantVisibility, mIsAdPendantEnable=false, mIsPullActionEnable=false, mIsEditDisabled=true, mCurrentScreenId=2, mDefaultScreenId=2, mIsLauncherVisible=true, mIsMinusOneScreenShow=false
06-23 16:38:10.237 I/RenderThread( 2762): RenderThread resumed
06-23 16:38:10.237 I/RenderThread( 2762): All controllers paused.
06-23 16:38:10.238 I/RenderThread( 2762): RenderThread paused, waiting for signal
06-23 16:38:11.701 D/Launcher( 2762): Launcher.dispatchTouchEvent:0
06-23 16:38:11.701 D/Launcher.Workspace( 2762): Workspace touch down
06-23 16:38:11.720 D/Launcher( 2762): Launcher.dispatchTouchEvent:1
06-23 16:38:11.721 D/Launcher.Workspace( 2762): Workspace touch up or cancel
06-23 16:38:11.722 I/RenderThread( 2762): RenderThread resumed
06-23 16:38:11.722 I/RenderThread( 2762): All controllers paused.
06-23 16:38:11.722 I/RenderThread( 2762): RenderThread paused, waiting for signal
06-23 16:38:11.725 D/Launcher.XOutUtils( 2762): canRecommendScreenShow, isShowXout=false
06-23 16:38:11.727 D/Launcher.XOutUtils( 2762): canRecommendScreenShow, isShowXout=false
06-23 16:38:11.731 I/chatty  ( 2337): uid=1000(system) Binder:2337_1A expire 28 lines
06-23 16:38:11.754 I/AssistHolderView( 2762): dispatchDraw
06-23 16:38:11.761 D/IdProviderImpl(16159): getOAID
06-23 16:38:11.975 D/Launcher.XOutUtils( 2762): canRecommendScreenShow, isShowXout=false
06-23 16:38:11.975 D/Launcher.XOutUtils( 2762): canRecommendScreenShow, isShowXout=false
06-23 16:38:12.700 D/Launcher( 2762): Launcher.dispatchTouchEvent:0
06-23 16:38:12.729 D/Launcher( 2762): Launcher.dispatchTouchEvent:1
06-23 16:38:12.745 I/Timeline( 2762): Timeline: Activity_launch_request time:30008837 intent:Intent { act=android.intent.action.MAIN cat=[android.intent.category.LAUNCHER] flg=0x10200000 cmp=com.tencent.mm/.ui.LauncherUI bnds=[454,897][622,1065] (has extras) }
06-23 16:38:12.750 I/ActivityManager( 2337): START u0 {act=android.intent.action.MAIN cat=[android.intent.category.LAUNCHER] flg=0x10200000 cmp=com.tencent.mm/.ui.LauncherUI bnds=[454,897][622,1065] (has extras)} from uid 10050
06-23 16:38:12.767 E/ANDR-PERF-MPCTL(  779): Invalid profile no. 0, total profiles 0 only
06-23 16:38:12.770 W/hwservicemanager(  609): getTransport: Cannot find entry vendor.qti.hardware.iop@2.0::IIop/default in either framework or device manifest.
06-23 16:38:12.817 D/Boost   ( 2337): hostingType=activity, hostingName=com.tencent.mm/.ui.LauncherUI, callerPackage=com.miui.home, isSystem=true, isBoostNeeded=true.
06-23 16:38:12.818 D/ProcessPolicyManager( 2337): promote com.tencent.mm maxAdj to hvy  , maxProcState to + HVY 
06-23 16:38:12.818 I/ActivityManager( 2337): Start proc 5358:com.tencent.mm/u0a218 for activity com.tencent.mm/.ui.LauncherUI caller=com.miui.home enableBoost=true
06-23 16:38:12.827 I/chatty  ( 5358): uid=10218(com.tencent.mm) expire 53 lines
06-23 16:38:12.864 W/thermal-engine( 1049): type=1400 audit(0.0:57261): avc: denied { read } for name="u:object_r:system_prop:s0" dev="tmpfs" ino=19481 scontext=u:r:thermal-engine:s0 tcontext=u:object_r:system_prop:s0 tclass=file permissive=0
06-23 16:38:12.870 D/ActivityManagerServiceInjector( 2337): Begin to report package foreground events...
06-23 16:38:12.872 I/octvm_power( 3160): power mode [class0_bcbc] start 1624437492
06-23 16:38:12.872 I/octvm_power( 3160): Action: set_bcbc_cust_state(enable) for [foreground_change]
06-23 16:38:12.872 I/octvm_drv( 3160): common drv: platform_set_bcbc_cust_state -> platform not support
06-23 16:38:12.872 I/octvm_power( 3160): Action: set_lcd_mode(default) for [foreground_change]
06-23 16:38:12.872 I/octvm_drv( 3160): common drv: platform_set_lcd_mode -> platform not support
06-23 16:38:12.872 I/octvm_power( 3160): Action: set_thermal_config(class0) for [foreground_change]
06-23 16:38:12.872 I/octvm_drv( 3160): platform_set_thermal_mode cur_global_config:[1], target mode:[class0], profile=11, ret=0
06-23 16:38:12.873 I/octvm_power( 3160): onPowerModeChanged[class0_bcbc] called
06-23 16:38:12.873 E/libc    ( 1049): Access denied finding property "persist.sys.thermal.config"
06-23 16:38:12.874 I/ThermalEngine( 1049): Loading configuration file /vendor/etc/thermal-engine-normal.conf
06-23 16:38:12.877 V/LocationPolicy( 2337): writePolicyLocked()
06-23 16:38:12.879 I/ThermalEngine( 1049): Parsing section global
06-23 16:38:12.879 I/Timeline( 2337): Timeline: App_transition_ready time:30008971
06-23 16:38:12.879 I/ThermalEngine( 1049): Created section 'LCD_MANAGEMENT'
06-23 16:38:12.879 I/ThermalEngine( 1049): Algo Type 'monitor'
06-23 16:38:12.879 I/ThermalEngine( 1049): Parsing section LCD_MANAGEMENT
06-23 16:38:12.879 I/ThermalEngine( 1049): Found field 'sampling'
06-23 16:38:12.879 I/ThermalEngine( 1049): Found field 'sensor'
06-23 16:38:12.879 I/ThermalEngine( 1049): Found field 'thresholds'
06-23 16:38:12.879 I/ThermalEngine( 1049): Found field 'thresholds_clr'
06-23 16:38:12.879 I/ThermalEngine( 1049): Found field 'actions'
06-23 16:38:12.879 I/ThermalEngine( 1049): Found field 'action_info'
06-23 16:38:12.879 I/ThermalEngine( 1049): Created section 'BATTERY_CHARGING_CTL'
06-23 16:38:12.879 I/ThermalEngine( 1049): Algo Type 'monitor'
06-23 16:38:12.879 I/ThermalEngine( 1049): Parsing section BATTERY_CHARGING_CTL
06-23 16:38:12.879 I/ThermalEngine( 1049): Found field 'sampling'
06-23 16:38:12.879 I/ThermalEngine( 1049): Found field 'sensor'
06-23 16:38:12.879 I/ThermalEngine( 1049): Found field 'thresholds'
06-23 16:38:12.879 I/ThermalEngine( 1049): Found field 'thresholds_clr'
06-23 16:38:12.879 I/ThermalEngine( 1049): Found field 'actions'
06-23 16:38:12.879 I/ThermalEngine( 1049): Found field 'action_info'
06-23 16:38:12.879 I/ThermalEngine( 1049): Found section 'SS-QUIET-THERM-SILVER'
06-23 16:38:12.879 I/ThermalEngine( 1049): Algo Type 'ss'
06-23 16:38:12.879 I/ThermalEngine( 1049): Parsing section SS-QUIET-THERM-SILVER
06-23 16:38:12.879 I/ThermalEngine( 1049): Found field 'disable'
06-23 16:38:12.879 I/ThermalEngine( 1049): Found field 'sampling'
06-23 16:38:12.879 I/ThermalEngine( 1049): Found field 'sensor'
06-23 16:38:12.879 I/ThermalEngine( 1049): Found field 'device'
06-23 16:38:12.879 I/ThermalEngine( 1049): Found field 'set_point'
06-23 16:38:12.879 I/ThermalEngine( 1049): Found field 'set_point_clr'
06-23 16:38:12.879 I/ThermalEngine( 1049): Found field 'time_constant'
06-23 16:38:12.879 I/ThermalEngine( 1049): Found field 'device_max_limit'
06-23 16:38:12.879 I/ThermalEngine( 1049): Found section 'SS-QUIET-THERM-GOLD'
06-23 16:38:12.879 I/ThermalEngine( 1049): Algo Type 'ss'
06-23 16:38:12.879 I/ThermalEngine( 1049): Parsing section SS-QUIET-THERM-GOLD
06-23 16:38:12.879 I/ThermalEngine( 1049): Found field 'disable'
06-23 16:38:12.879 I/ThermalEngine( 1049): Found field 'sampling'
06-23 16:38:12.879 I/ThermalEngine( 1049): Found field 'sensor'
06-23 16:38:12.879 I/ThermalEngine( 1049): Found field 'device'
06-23 16:38:12.879 I/ThermalEngine( 1049): Found field 'set_point'
06-23 16:38:12.879 I/ThermalEngine( 1049): Found field 'set_point_clr'
06-23 16:38:12.879 I/ThermalEngine( 1049): Found field 'time_constant'
06-23 16:38:12.879 I/ThermalEngine( 1049): Found field 'device_max_limit'
06-23 16:38:12.880 I/ThermalEngine( 1049): Created section 'SS-MSM-THERM-SILVER'
06-23 16:38:12.880 I/ThermalEngine( 1049): Algo Type 'ss'
06-23 16:38:12.880 I/ThermalEngine( 1049): Parsing section SS-MSM-THERM-SILVER
06-23 16:38:12.880 I/ThermalEngine( 1049): Found field 'sampling'
06-23 16:38:12.880 I/ThermalEngine( 1049): Found field 'sensor'
06-23 16:38:12.880 I/ThermalEngine( 1049): Found field 'device'
06-23 16:38:12.880 I/ThermalEngine( 1049): Found field 'set_point'
06-23 16:38:12.880 I/ThermalEngine( 1049): Found field 'set_point_clr'
06-23 16:38:12.880 I/ThermalEngine( 1049): Found field 'time_constant'
06-23 16:38:12.880 I/ThermalEngine( 1049): Found field 'device_max_limit'
06-23 16:38:12.880 I/ThermalEngine( 1049): Created section 'SS-MSM-THERM-GOLD'
06-23 16:38:12.880 I/ThermalEngine( 1049): Algo Type 'ss'
06-23 16:38:12.880 I/ThermalEngine( 1049): Parsing section SS-MSM-THERM-GOLD
06-23 16:38:12.880 I/ThermalEngine( 1049): Found field 'sampling'
06-23 16:38:12.880 I/ThermalEngine( 1049): Found field 'sensor'
06-23 16:38:12.880 I/ThermalEngine( 1049): Found field 'device'
06-23 16:38:12.880 I/ThermalEngine( 1049): Found field 'set_point'
06-23 16:38:12.880 I/ThermalEngine( 1049): Found field 'set_point_clr'
06-23 16:38:12.880 I/ThermalEngine( 1049): Found field 'time_constant'
06-23 16:38:12.880 I/ThermalEngine( 1049): Found field 'device_max_limit'
06-23 16:38:12.880 I/ThermalEngine( 1049): Created section 'SS-MSM-THERM-SILVER2'
06-23 16:38:12.880 I/ThermalEngine( 1049): Algo Type 'ss'
06-23 16:38:12.880 I/ThermalEngine( 1049): Parsing section SS-MSM-THERM-SILVER2
06-23 16:38:12.880 I/ThermalEngine( 1049): Found field 'sampling'
06-23 16:38:12.880 I/ThermalEngine( 1049): Found field 'sensor'
06-23 16:38:12.880 I/ThermalEngine( 1049): Found field 'device'
06-23 16:38:12.880 I/ThermalEngine( 1049): Found field 'set_point'
06-23 16:38:12.880 I/ThermalEngine( 1049): Found field 'set_point_clr'
06-23 16:38:12.880 I/ThermalEngine( 1049): Found field 'time_constant'
06-23 16:38:12.880 I/ThermalEngine( 1049): Found field 'device_max_limit'
06-23 16:38:12.880 I/ThermalEngine( 1049): Created section 'SS-MSM-THERM-GOLD2'
06-23 16:38:12.880 I/ThermalEngine( 1049): Algo Type 'ss'
06-23 16:38:12.880 I/ThermalEngine( 1049): Parsing section SS-MSM-THERM-GOLD2
06-23 16:38:12.880 I/ThermalEngine( 1049): Found field 'sampling'
06-23 16:38:12.880 I/ThermalEngine( 1049): Found field 'sensor'
06-23 16:38:12.880 I/ThermalEngine( 1049): Found field 'device'
06-23 16:38:12.880 I/ThermalEngine( 1049): Found field 'set_point'
06-23 16:38:12.880 I/ThermalEngine( 1049): Found field 'set_point_clr'
06-23 16:38:12.880 I/ThermalEngine( 1049): Found field 'time_constant'
06-23 16:38:12.880 I/ThermalEngine( 1049): Found field 'device_max_limit'
06-23 16:38:12.880 I/ThermalEngine( 1049): Created section 'SS-MSM-THERM-GOLD3'
06-23 16:38:12.880 I/ThermalEngine( 1049): Algo Type 'ss'
06-23 16:38:12.880 I/ThermalEngine( 1049): Parsing section SS-MSM-THERM-GOLD3
06-23 16:38:12.880 I/ThermalEngine( 1049): Found field 'sampling'
06-23 16:38:12.880 I/ThermalEngine( 1049): Found field 'sensor'
06-23 16:38:12.880 I/ThermalEngine( 1049): Found field 'device'
06-23 16:38:12.880 I/ThermalEngine( 1049): Found field 'set_point'
06-23 16:38:12.880 I/ThermalEngine( 1049): Found field 'set_point_clr'
06-23 16:38:12.880 I/ThermalEngine( 1049): Found field 'time_constant'
06-23 16:38:12.880 I/ThermalEngine( 1049): Found field 'device_max_limit'
06-23 16:38:12.880 I/ThermalEngine( 1049): Found section 'SS-GPU'
06-23 16:38:12.880 I/ThermalEngine( 1049): Algo Type 'ss'
06-23 16:38:12.880 I/ThermalEngine( 1049): Parsing section SS-GPU
06-23 16:38:12.880 I/ThermalEngine( 1049): Found field 'sampling'
06-23 16:38:12.880 I/ThermalEngine( 1049): Found field 'sensor'
06-23 16:38:12.880 I/ThermalEngine( 1049): Found field 'device'
06-23 16:38:12.880 I/ThermalEngine( 1049): Found field 'set_point'
06-23 16:38:12.880 I/ThermalEngine( 1049): Found field 'set_point_clr'
06-23 16:38:12.880 I/ThermalEngine( 1049): Found field 'time_constant'
06-23 16:38:12.880 I/ThermalEngine( 1049): Found section 'SPEAKER-CAL'
06-23 16:38:12.880 I/ThermalEngine( 1049): Algo Type 'eq'
06-23 16:38:12.880 I/ThermalEngine( 1049): Parsing section SPEAKER-CAL
06-23 16:38:12.880 I/ThermalEngine( 1049): Found field 'sampling'
06-23 16:38:12.880 I/ThermalEngine( 1049): Found field 'sensor'
06-23 16:38:12.880 I/ThermalEngine( 1049): Found field 'sensors'
06-23 16:38:12.880 I/ThermalEngine( 1049): Found field 'temp_range'
06-23 16:38:12.880 I/ThermalEngine( 1049): Found field 'max_temp'
06-23 16:38:12.880 I/ThermalEngine( 1049): Found field 'offset'
06-23 16:38:12.880 I/ThermalEngine( 1049): Created section 'CPU5_HOTPLUG_MONITOR'
06-23 16:38:12.880 I/ThermalEngine( 1049): Algo Type 'monitor'
06-23 16:38:12.880 I/ThermalEngine( 1049): Parsing section CPU5_HOTPLUG_MONITOR
06-23 16:38:12.880 I/ThermalEngine( 1049): Found field 'sampling'
06-23 16:38:12.880 I/ThermalEngine( 1049): Found field 'sensor'
06-23 16:38:12.880 I/ThermalEngine( 1049): Found field 'thresholds'
06-23 16:38:12.880 I/ThermalEngine( 1049): Found field 'thresholds_clr'
06-23 16:38:12.880 I/ThermalEngine( 1049): Found field 'actions'
06-23 16:38:12.880 I/ThermalEngine( 1049): Found field 'action_info'
06-23 16:38:12.880 I/ThermalEngine( 1049): Created section 'CPU2_HOTPLUG_MONITOR'
06-23 16:38:12.880 I/ThermalEngine( 1049): Algo Type 'monitor'
06-23 16:38:12.881 I/ThermalEngine( 1049): Parsing section CPU2_HOTPLUG_MONITOR
06-23 16:38:12.881 I/ThermalEngine( 1049): Found field 'sampling'
06-23 16:38:12.881 I/ThermalEngine( 1049): Found field 'sensor'
06-23 16:38:12.881 I/ThermalEngine( 1049): Found field 'thresholds'
06-23 16:38:12.881 I/ThermalEngine( 1049): Found field 'thresholds_clr'
06-23 16:38:12.881 I/ThermalEngine( 1049): Found field 'actions'
06-23 16:38:12.881 I/ThermalEngine( 1049): Found field 'action_info'
06-23 16:38:12.881 I/ThermalEngine( 1049): Created section 'CPU3_HOTPLUG_MONITOR'
06-23 16:38:12.881 I/ThermalEngine( 1049): Algo Type 'monitor'
06-23 16:38:12.881 I/ThermalEngine( 1049): Parsing section CPU3_HOTPLUG_MONITOR
06-23 16:38:12.881 I/ThermalEngine( 1049): Found field 'sampling'
06-23 16:38:12.881 I/ThermalEngine( 1049): Found field 'sensor'
06-23 16:38:12.881 I/ThermalEngine( 1049): Found field 'thresholds'
06-23 16:38:12.881 I/ThermalEngine( 1049): Found field 'thresholds_clr'
06-23 16:38:12.881 I/ThermalEngine( 1049): Found field 'actions'
06-23 16:38:12.881 I/ThermalEngine( 1049): Found field 'action_info'
06-23 16:38:12.881 I/ThermalEngine( 1049): Created section 'CPU7_HOTPLUG_MONITOR'
06-23 16:38:12.881 I/ThermalEngine( 1049): Algo Type 'monitor'
06-23 16:38:12.881 I/ThermalEngine( 1049): Parsing section CPU7_HOTPLUG_MONITOR
06-23 16:38:12.881 I/ThermalEngine( 1049): Found field 'sampling'
06-23 16:38:12.881 I/ThermalEngine( 1049): Found field 'sensor'
06-23 16:38:12.881 I/ThermalEngine( 1049): Found field 'thresholds'
06-23 16:38:12.881 I/ThermalEngine( 1049): Found field 'thresholds_clr'
06-23 16:38:12.881 I/ThermalEngine( 1049): Found field 'actions'
06-23 16:38:12.881 I/ThermalEngine( 1049): Found field 'action_info'
06-23 16:38:12.881 I/ThermalEngine( 1049): Created section 'LCD_MONITOR'
06-23 16:38:12.881 I/ThermalEngine( 1049): Algo Type 'monitor'
06-23 16:38:12.881 I/ThermalEngine( 1049): Parsing section LCD_MONITOR
06-23 16:38:12.881 I/ThermalEngine( 1049): Found field 'sampling'
06-23 16:38:12.881 I/ThermalEngine( 1049): Found field 'sensor'
06-23 16:38:12.881 I/ThermalEngine( 1049): Found field 'thresholds'
06-23 16:38:12.881 I/ThermalEngine( 1049): Found field 'thresholds_clr'
06-23 16:38:12.881 I/ThermalEngine( 1049): Found field 'actions'
06-23 16:38:12.881 I/ThermalEngine( 1049): Found field 'action_info'
06-23 16:38:12.881 I/ThermalEngine( 1049): Created section 'CPU_HOTPLUG_MONITOR'
06-23 16:38:12.881 I/ThermalEngine( 1049): Algo Type 'monitor'
06-23 16:38:12.881 I/ThermalEngine( 1049): Parsing section CPU_HOTPLUG_MONITOR
06-23 16:38:12.881 I/ThermalEngine( 1049): Found field 'sampling'
06-23 16:38:12.881 I/ThermalEngine( 1049): Found field 'sensor'
06-23 16:38:12.881 I/ThermalEngine( 1049): Found field 'thresholds'
06-23 16:38:12.881 I/ThermalEngine( 1049): Found field 'thresholds_clr'
06-23 16:38:12.881 I/ThermalEngine( 1049): Found field 'actions'
06-23 16:38:12.881 I/ThermalEngine( 1049): Found field 'action_info'
06-23 16:38:12.881 I/ThermalEngine( 1049): Created section 'QUITE_TEMP_STATE'
06-23 16:38:12.881 I/ThermalEngine( 1049): Algo Type 'monitor'
06-23 16:38:12.881 I/ThermalEngine( 1049): Parsing section QUITE_TEMP_STATE
06-23 16:38:12.881 I/ThermalEngine( 1049): Found field 'sampling'
06-23 16:38:12.881 I/ThermalEngine( 1049): Found field 'sensor'
06-23 16:38:12.881 I/ThermalEngine( 1049): Found field 'thresholds'
06-23 16:38:12.881 I/ThermalEngine( 1049): Found field 'thresholds_clr'
06-23 16:38:12.881 I/ThermalEngine( 1049): Found field 'actions'
06-23 16:38:12.881 I/ThermalEngine( 1049): Found field 'action_info'
06-23 16:38:12.881 I/ThermalEngine( 1049): Found section 'VDD_RSTR_MONITOR-TSENS13'
06-23 16:38:12.881 I/ThermalEngine( 1049): Algo Type 'monitor'
06-23 16:38:12.881 I/ThermalEngine( 1049): Parsing section VDD_RSTR_MONITOR-TSENS13
06-23 16:38:12.881 I/ThermalEngine( 1049): Found field 'sampling'
06-23 16:38:12.881 I/ThermalEngine( 1049): Found field 'sensor'
06-23 16:38:12.881 I/ThermalEngine( 1049): Found field 'thresholds'
06-23 16:38:12.881 I/ThermalEngine( 1049): Found field 'thresholds_clr'
06-23 16:38:12.881 I/ThermalEngine( 1049): Found field 'actions'
06-23 16:38:12.881 I/ThermalEngine( 1049): Found field 'action_info'
06-23 16:38:12.881 I/ThermalEngine( 1049): Found field 'descending'
06-23 16:38:12.881 I/ThermalEngine( 1049): Found section 'VDD_RSTR_MONITOR-TSENS12'
06-23 16:38:12.881 I/ThermalEngine( 1049): Algo Type 'monitor'
06-23 16:38:12.881 I/ThermalEngine( 1049): Parsing section VDD_RSTR_MONITOR-TSENS12
06-23 16:38:12.881 I/ThermalEngine( 1049): Found field 'sampling'
06-23 16:38:12.881 I/ThermalEngine( 1049): Found field 'sensor'
06-23 16:38:12.881 I/ThermalEngine( 1049): Found field 'thresholds'
06-23 16:38:12.881 I/ThermalEngine( 1049): Found field 'thresholds_clr'
06-23 16:38:12.881 I/ThermalEngine( 1049): Found field 'actions'
06-23 16:38:12.881 I/ThermalEngine( 1049): Found field 'action_info'
06-23 16:38:12.881 I/ThermalEngine( 1049): Found field 'descending'
06-23 16:38:12.881 I/ThermalEngine( 1049): Found section 'VDD_RSTR_MONITOR-TSENS11'
06-23 16:38:12.881 I/ThermalEngine( 1049): Algo Type 'monitor'
06-23 16:38:12.882 I/ThermalEngine( 1049): Parsing section VDD_RSTR_MONITOR-TSENS11
06-23 16:38:12.882 I/ThermalEngine( 1049): Found field 'sampling'
06-23 16:38:12.882 I/ThermalEngine( 1049): Found field 'sensor'
06-23 16:38:12.882 I/ThermalEngine( 1049): Found field 'thresholds'
06-23 16:38:12.882 I/ThermalEngine( 1049): Found field 'thresholds_clr'
06-23 16:38:12.882 I/ThermalEngine( 1049): Found field 'actions'
06-23 16:38:12.882 I/ThermalEngine( 1049): Found field 'action_info'
06-23 16:38:12.882 I/ThermalEngine( 1049): Found field 'descending'
06-23 16:38:12.882 I/ThermalEngine( 1049): Found section 'VDD_RSTR_MONITOR-TSENS10'
06-23 16:38:12.882 I/ThermalEngine( 1049): Algo Type 'monitor'
06-23 16:38:12.882 I/ThermalEngine( 1049): Parsing section VDD_RSTR_MONITOR-TSENS10
06-23 16:38:12.882 I/ThermalEngine( 1049): Found field 'sampling'
06-23 16:38:12.882 I/ThermalEngine( 1049): Found field 'sensor'
06-23 16:38:12.882 I/ThermalEngine( 1049): Found field 'thresholds'
06-23 16:38:12.882 I/ThermalEngine( 1049): Found field 'thresholds_clr'
06-23 16:38:12.882 I/ThermalEngine( 1049): Found field 'actions'
06-23 16:38:12.882 I/ThermalEngine( 1049): Found field 'action_info'
06-23 16:38:12.882 I/ThermalEngine( 1049): Found field 'descending'
06-23 16:38:12.882 I/ThermalEngine( 1049): Found section 'VDD_RSTR_MONITOR-TSENS9'
06-23 16:38:12.882 I/ThermalEngine( 1049): Algo Type 'monitor'
06-23 16:38:12.882 I/ThermalEngine( 1049): Parsing section VDD_RSTR_MONITOR-TSENS9
06-23 16:38:12.882 I/ThermalEngine( 1049): Found field 'sampling'
06-23 16:38:12.882 I/ThermalEngine( 1049): Found field 'sensor'
06-23 16:38:12.882 I/ThermalEngine( 1049): Found field 'thresholds'
06-23 16:38:12.882 I/ThermalEngine( 1049): Found field 'thresholds_clr'
06-23 16:38:12.882 I/ThermalEngine( 1049): Found field 'actions'
06-23 16:38:12.882 I/ThermalEngine( 1049): Found field 'action_info'
06-23 16:38:12.882 I/ThermalEngine( 1049): Found field 'descending'
06-23 16:38:12.882 I/ThermalEngine( 1049): Found section 'VDD_RSTR_MONITOR-TSENS8'
06-23 16:38:12.882 I/ThermalEngine( 1049): Algo Type 'monitor'
06-23 16:38:12.882 I/ThermalEngine( 1049): Parsing section VDD_RSTR_MONITOR-TSENS8
06-23 16:38:12.882 I/ThermalEngine( 1049): Found field 'sampling'
06-23 16:38:12.882 I/ThermalEngine( 1049): Found field 'sensor'
06-23 16:38:12.882 I/ThermalEngine( 1049): Found field 'thresholds'
06-23 16:38:12.882 I/ThermalEngine( 1049): Found field 'thresholds_clr'
06-23 16:38:12.882 I/ThermalEngine( 1049): Found field 'actions'
06-23 16:38:12.882 I/ThermalEngine( 1049): Found field 'action_info'
06-23 16:38:12.882 I/ThermalEngine( 1049): Found field 'descending'
06-23 16:38:12.882 I/ThermalEngine( 1049): Found section 'VDD_RSTR_MONITOR-TSENS7'
06-23 16:38:12.882 I/ThermalEngine( 1049): Algo Type 'monitor'
06-23 16:38:12.882 I/ThermalEngine( 1049): Parsing section VDD_RSTR_MONITOR-TSENS7
06-23 16:38:12.882 I/ThermalEngine( 1049): Found field 'sampling'
06-23 16:38:12.882 I/ThermalEngine( 1049): Found field 'sensor'
06-23 16:38:12.882 I/ThermalEngine( 1049): Found field 'thresholds'
06-23 16:38:12.882 I/ThermalEngine( 1049): Found field 'thresholds_clr'
06-23 16:38:12.882 I/ThermalEngine( 1049): Found field 'actions'
06-23 16:38:12.882 I/ThermalEngine( 1049): Found field 'action_info'
06-23 16:38:12.882 I/ThermalEngine( 1049): Found field 'descending'
06-23 16:38:12.882 I/ThermalEngine( 1049): Found section 'VDD_RSTR_MONITOR-TSENS6'
06-23 16:38:12.882 I/ThermalEngine( 1049): Algo Type 'monitor'
06-23 16:38:12.882 I/ThermalEngine( 1049): Parsing section VDD_RSTR_MONITOR-TSENS6
06-23 16:38:12.882 I/ThermalEngine( 1049): Found field 'sampling'
06-23 16:38:12.882 I/ThermalEngine( 1049): Found field 'sensor'
06-23 16:38:12.882 I/ThermalEngine( 1049): Found field 'thresholds'
06-23 16:38:12.882 I/ThermalEngine( 1049): Found field 'thresholds_clr'
06-23 16:38:12.882 I/ThermalEngine( 1049): Found field 'actions'
06-23 16:38:12.882 I/ThermalEngine( 1049): Found field 'action_info'
06-23 16:38:12.882 I/ThermalEngine( 1049): Found field 'descending'
06-23 16:38:12.882 I/ThermalEngine( 1049): Found section 'VDD_RSTR_MONITOR-TSENS5'
06-23 16:38:12.882 I/ThermalEngine( 1049): Algo Type 'monitor'
06-23 16:38:12.882 I/ThermalEngine( 1049): Parsing section VDD_RSTR_MONITOR-TSENS5
06-23 16:38:12.882 I/ThermalEngine( 1049): Found field 'sampling'
06-23 16:38:12.882 I/ThermalEngine( 1049): Found field 'sensor'
06-23 16:38:12.882 I/ThermalEngine( 1049): Found field 'thresholds'
06-23 16:38:12.882 I/ThermalEngine( 1049): Found field 'thresholds_clr'
06-23 16:38:12.882 I/ThermalEngine( 1049): Found field 'actions'
06-23 16:38:12.882 I/ThermalEngine( 1049): Found field 'action_info'
06-23 16:38:12.882 I/ThermalEngine( 1049): Found field 'descending'
06-23 16:38:12.882 I/ThermalEngine( 1049): Found section 'VDD_RSTR_MONITOR-TSENS4'
06-23 16:38:12.882 I/ThermalEngine( 1049): Algo Type 'monitor'
06-23 16:38:12.882 I/ThermalEngine( 1049): Parsing section VDD_RSTR_MONITOR-TSENS4
06-23 16:38:12.882 I/ThermalEngine( 1049): Found field 'sampling'
06-23 16:38:12.882 I/ThermalEngine( 1049): Found field 'sensor'
06-23 16:38:12.882 I/ThermalEngine( 1049): Found field 'thresholds'
06-23 16:38:12.882 I/ThermalEngine( 1049): Found field 'thresholds_clr'
06-23 16:38:12.882 I/ThermalEngine( 1049): Found field 'actions'
06-23 16:38:12.882 I/ThermalEngine( 1049): Found field 'action_info'
06-23 16:38:12.882 I/ThermalEngine( 1049): Found field 'descending'
06-23 16:38:12.882 I/ThermalEngine( 1049): Found section 'VDD_RSTR_MONITOR-TSENS3'
06-23 16:38:12.883 I/ThermalEngine( 1049): Algo Type 'monitor'
06-23 16:38:12.883 I/ThermalEngine( 1049): Parsing section VDD_RSTR_MONITOR-TSENS3
06-23 16:38:12.883 I/ThermalEngine( 1049): Found field 'sampling'
06-23 16:38:12.883 I/ThermalEngine( 1049): Found field 'sensor'
06-23 16:38:12.883 D/TouchAssistant( 6962): getPackageNameFromPid packageName:com.tencent.mm
06-23 16:38:12.883 D/TouchAssistant( 6962): onTopAppChanged packageName:com.tencent.mm
06-23 16:38:12.883 D/TouchAssistant( 6962): onTopAppChanged show
06-23 16:38:12.884 D/TouchAssistant( 6962): AssistantWindowHelper isWeltHidden
06-23 16:38:12.884 D/TouchAssistant( 6962): AssistantWindowHelper forceSlideAway()
06-23 16:38:12.885 V/APM_AudioPolicyManager(  797): AudioPolicyManager:setRecordSilenced(uid:10218, silenced:0)
06-23 16:38:12.885 V/AudioFlinger(  797): AudioFlinger::setRecordSilenced(uid:10218, silenced:0)
06-23 16:38:12.886 D/TouchAssistant( 6962): updateAll and mViewAdded = true
06-23 16:38:12.893 I/Timeline( 2337): Timeline: App_transition_ready time:30008985
06-23 16:38:12.898 I/Timeline( 2337): Timeline: App_transition_ready time:30008990
06-23 16:38:12.911 I/Timeline( 2337): Timeline: App_transition_ready time:30009003
06-23 16:38:13.151 E/LoadedApk( 5358): Unable to instantiate appComponentFactory
06-23 16:38:13.151 E/LoadedApk( 5358): java.lang.ClassNotFoundException: Didn't find class "androidx.core.app.CoreComponentFactory" on path: DexPathList[[zip file "/system/framework/org.apache.http.legacy.boot.jar", zip file "/system/framework/com.google.android.maps.jar", zip file "/data/app/com.tencent.mm-d3Rw5iYnRnMei-44IQqk2A==/base.apk"],nativeLibraryDirectories=[/data/app/com.tencent.mm-d3Rw5iYnRnMei-44IQqk2A==/lib/arm64, /data/app/com.tencent.mm-d3Rw5iYnRnMei-44IQqk2A==/base.apk!/lib/arm64-v8a, /system/lib64]]
06-23 16:38:13.151 E/LoadedApk( 5358): 	at dalvik.system.BaseDexClassLoader.findClass(BaseDexClassLoader.java:134)
06-23 16:38:13.151 E/LoadedApk( 5358): 	at java.lang.ClassLoader.loadClass(ClassLoader.java:379)
06-23 16:38:13.151 E/LoadedApk( 5358): 	at java.lang.ClassLoader.loadClass(ClassLoader.java:312)
06-23 16:38:13.151 E/LoadedApk( 5358): 	at android.app.LoadedApk.createAppFactory(LoadedApk.java:228)
06-23 16:38:13.151 E/LoadedApk( 5358): 	at android.app.LoadedApk.createOrUpdateClassLoaderLocked(LoadedApk.java:733)
06-23 16:38:13.151 E/LoadedApk( 5358): 	at android.app.LoadedApk.getClassLoader(LoadedApk.java:812)
06-23 16:38:13.151 E/LoadedApk( 5358): 	at android.app.LoadedApk.getResources(LoadedApk.java:1034)
06-23 16:38:13.151 E/LoadedApk( 5358): 	at android.app.ContextImpl.createAppContext(ContextImpl.java:2357)
06-23 16:38:13.151 E/LoadedApk( 5358): 	at android.app.ActivityThread.handleBindApplication(ActivityThread.java:5821)
06-23 16:38:13.151 E/LoadedApk( 5358): 	at android.app.ActivityThread.access$1200(ActivityThread.java:200)
06-23 16:38:13.151 E/LoadedApk( 5358): 	at android.app.ActivityThread$H.handleMessage(ActivityThread.java:1673)
06-23 16:38:13.151 E/LoadedApk( 5358): 	at android.os.Handler.dispatchMessage(Handler.java:106)
06-23 16:38:13.151 E/LoadedApk( 5358): 	at android.os.Looper.loop(Looper.java:201)
06-23 16:38:13.151 E/LoadedApk( 5358): 	at android.app.ActivityThread.main(ActivityThread.java:6810)
06-23 16:38:13.151 E/LoadedApk( 5358): 	at java.lang.reflect.Method.invoke(Native Method)
06-23 16:38:13.151 E/LoadedApk( 5358): 	at com.android.internal.os.RuntimeInit$MethodAndArgsCaller.run(RuntimeInit.java:547)
06-23 16:38:13.151 E/LoadedApk( 5358): 	at com.android.internal.os.ZygoteInit.main(ZygoteInit.java:873)
06-23 16:38:14.233 I/chatty  ( 5293): uid=10163(net.csdn.csdnplus) Profile Saver expire 1 line
06-23 16:38:14.573 E/ActivityThread( 5358): Failed to find provider info for com.tencent.mm.coolassist.debugprovider
06-23 16:38:14.722 W/DropBoxManagerService( 2337): Dropping: data_app_wtf (3613 > 0 bytes)
06-23 16:38:14.796 E/ActivityThread( 5358): Failed to find provider info for com.google.android.gms.phenotype
06-23 16:38:14.798 I/Timeline( 5358): Timeline: Activity_launch_request time:30010890 intent:Intent { cmp=com.tencent.mm/.app.WeChatSplashActivity (has extras) }
06-23 16:38:14.798 I/ActivityManager( 2337): START u0 {cmp=com.tencent.mm/.app.WeChatSplashActivity (has extras)} from uid 10218
06-23 16:38:14.802 I/chatty  ( 2337): uid=1000(system) Binder:2337_20 expire 23 lines
06-23 16:38:14.814 I/chatty  ( 5358): uid=10218(com.tencent.mm) Binder:intercep expire 14 lines
06-23 16:38:14.842 I/chatty  ( 5358): uid=10218(com.tencent.mm) expire 28 lines
06-23 16:38:14.855 E/SchedPolicy( 5358): set_timerslack_ns write failed: Operation not permitted
06-23 16:38:15.015 I/chatty  ( 5358): uid=10218(com.tencent.mm) parallels-0 expire 2 lines
06-23 16:38:15.050 I/chatty  ( 5358): uid=10218(com.tencent.mm) parallels-5 expire 26 lines
06-23 16:38:15.064 I/chatty  ( 5358): uid=10218(com.tencent.mm) [GT]ColdPool#2 expire 12 lines
06-23 16:38:15.183 I/chatty  ( 2337): uid=1000(system) Binder:2337_E expire 11 lines
06-23 16:38:15.235 I/Timeline( 2337): Timeline: App_transition_ready time:30011327
06-23 16:38:15.246 D/Launcher( 2762): Launcher.dispatchTouchEvent:0
06-23 16:38:15.258 I/Timeline( 2337): Timeline: App_transition_ready time:30011350
06-23 16:38:15.260 I/Timeline( 2337): Timeline: App_transition_ready time:30011352
06-23 16:38:15.263 I/chatty  ( 5358): uid=10218(com.tencent.mm) RenderThread expire 8 lines
06-23 16:38:15.287 D/Launcher( 2762): Launcher.dispatchTouchEvent:1
06-23 16:38:15.297 I/Timeline( 2762): Timeline: Activity_launch_request time:30011389 intent:Intent { act=android.intent.action.MAIN cat=[android.intent.category.LAUNCHER] flg=0x10200000 cmp=com.tencent.mm/.ui.LauncherUI bnds=[454,897][622,1065] (has extras) }
06-23 16:38:15.299 I/ActivityManager( 2337): START u0 {act=android.intent.action.MAIN cat=[android.intent.category.LAUNCHER] flg=0x10200000 cmp=com.tencent.mm/.ui.LauncherUI bnds=[454,897][622,1065] (has extras)} from uid 10050
06-23 16:38:15.304 I/Timeline( 2337): Timeline: App_transition_ready time:30011396
06-23 16:38:15.491 I/Timeline( 2337): Timeline: App_transition_ready time:30011583
06-23 16:38:15.494 I/Timeline( 2337): Timeline: App_transition_ready time:30011586
06-23 16:38:15.507 I/Timeline( 2337): Timeline: App_transition_ready time:30011599
06-23 16:38:15.509 I/Timeline( 2337): Timeline: App_transition_ready time:30011601
06-23 16:38:15.510 I/Timeline( 2337): Timeline: App_transition_ready time:30011602
06-23 16:38:15.511 I/Timeline( 2337): Timeline: App_transition_ready time:30011603
06-23 16:38:15.549 I/chatty  ( 2513): uid=1000(system) com.android.systemui expire 29 lines
06-23 16:38:15.549 I/Timeline( 2337): Timeline: App_transition_ready time:30011641
06-23 16:38:15.549 I/Timeline( 2337): Timeline: App_transition_stopped time:30011641
06-23 16:38:15.556 I/Timeline( 2337): Timeline: Activity_windows_visible id: ActivityRecord{5ba0645 u0 com.tencent.mm/.app.WeChatSplashActivity t1284} time:30011648
