06-23 16:38:27.165 D/QcrilMsgTunnelIfaceManager( 2923): handleMessage what = 0
06-23 16:38:27.238 I/cent.mm:toolsm( 6076): The ClassLoaderContext is a special shared library.
06-23 16:38:27.249 E/libc    ( 5932): Access denied finding property "net.dns1"
06-23 16:38:27.308 W/cent.mm:toolsm( 6076): Accessing hidden field Landroid/app/ActivityThread$H;->APPLICATION_INFO_CHANGED:I (dark greylist, reflection)
06-23 16:38:27.356 I/encent.mm:tool( 5932): Background concurrent copying GC freed 99653(8MB) AllocSpace objects, 67(2MB) LOS objects, 49% free, 15MB/31MB, paused 898us total 112.710ms
06-23 16:38:27.424 W/Activity( 5932): Slow Operation: Activity com.tencent.mm/.plugin.webview.ui.tools.WebViewUI onCreate took 1099ms
06-23 16:38:27.443 I/MMKV    ( 6076): <native-bridge.cpp:108::JNI_OnLoad> current API level = 28
06-23 16:38:27.443 I/MMKV    ( 6076): <native-bridge.cpp:125::JNI_OnLoad> armv8 AES instructions is supported
06-23 16:38:27.443 I/MMKV    ( 6076): <native-bridge.cpp:130::JNI_OnLoad> armv8 CRC32 instructions is supported
06-23 16:38:27.445 I/MMKV    ( 6076): <MMKV.cpp:144::initialize> version v1.2.1 page size:4096
06-23 16:38:27.445 I/MMKV    ( 6076): <MMKV.cpp:161::initializeMMKV> root dir: /data/user/0/com.tencent.mm/files/mmkv
06-23 16:38:27.474 E/libc    ( 5932): Access denied finding property "net.dns1"
06-23 16:38:27.475 E/libc    ( 5932): Access denied finding property "net.dns1"
06-23 16:38:27.478 E/libc    ( 5932): Access denied finding property "net.dns1"
06-23 16:38:27.494 I/chatty  ( 2337): uid=1000(system) Binder:2337_7 expire 4 lines
06-23 16:38:27.502 D/PhoneSwitcherNetworkRequstListener( 2750): got request NetworkRequest [ TRACK_DEFAULT id=822, [ Capabilities: INTERNET&NOT_RESTRICTED&TRUSTED Unwanted:  Uid: 10218] ] with score 0
06-23 16:38:27.503 D/QcrilMsgTunnelIfaceManager( 2923): handleMessage what = 1
06-23 16:38:27.504 I/QcrilOemhookMsgTunnel( 2923): [0]invokeOemRilRequestRaw: serial=2462 length=24
06-23 16:38:27.505 I/QcrilOemhookMsgTunnel( 2923): [0]processOemHookResponse serial no: 2462 error: 0length=0
06-23 16:38:27.505 D/QcrilMsgTunnelIfaceManager( 2923): handleMessage what = 2
06-23 16:38:27.506 D/QcrilMsgTunnelIfaceManager( 2923): handleMessage what = 1
06-23 16:38:27.507 I/QcrilOemhookMsgTunnel( 2923): [1]invokeOemRilRequestRaw: serial=2463 length=24
06-23 16:38:27.507 I/QcrilOemhookMsgTunnel( 2923): [0]processOemHookIndication length=28
06-23 16:38:27.507 D/QcrilMsgTunnelIfaceManager( 2923): handleMessage what = 0
06-23 16:38:27.509 I/QcrilOemhookMsgTunnel( 2923): [1]processOemHookResponse serial no: 2463 error: 0length=0
06-23 16:38:27.509 D/QcrilMsgTunnelIfaceManager( 2923): handleMessage what = 2
06-23 16:38:27.510 I/QcrilOemhookMsgTunnel( 2923): [1]processOemHookIndication length=28
06-23 16:38:27.511 D/QcrilMsgTunnelIfaceManager( 2923): handleMessage what = 0
06-23 16:38:27.524 W/SQLiteCompatibilityWalFlags( 6076): Cannot read global setting sqlite_compatibility_wal_flags - Application state not available
06-23 16:38:27.541 I/encent.mm:tool( 5932): The ClassLoaderContext is a special shared library.
06-23 16:38:27.541 W/encent.mm:tool( 5932): Failed to find OatDexFile for DexFile /data/user/0/com.tencent.mm/app_tbs_64/core_share/native_ad_plugin_dex.jar (canonical path /data/data/com.tencent.mm/app_tbs_64/core_share/native_ad_plugin_dex.jar) in OatFile /data/user/0/com.tencent.mm/app_tbs_64/core_share/oat/arm64/native_ad_plugin_dex.odex
06-23 16:38:27.546 I/Timeline( 2337): Timeline: App_transition_ready time:30023638
06-23 16:38:27.546 E/ActivityThread( 6076): Failed to find provider info for com.tencent.mm.coolassist.debugprovider
06-23 16:38:27.550 I/Timeline( 2337): Timeline: App_transition_ready time:30023642
06-23 16:38:27.552 I/Adreno  ( 5932): QUALCOMM build                   : cf57c9c, I1cb5c4d1cc
06-23 16:38:27.552 I/Adreno  ( 5932): Build Date                       : 09/23/18
06-23 16:38:27.552 I/Adreno  ( 5932): OpenGL ES Shader Compiler Version: EV031.25.03.01
06-23 16:38:27.552 I/Adreno  ( 5932): Local Branch                     : 
06-23 16:38:27.552 I/Adreno  ( 5932): Remote Branch                    : 
06-23 16:38:27.552 I/Adreno  ( 5932): Remote Branch                    : 
06-23 16:38:27.552 I/Adreno  ( 5932): Reconstruct Branch               : 
06-23 16:38:27.552 I/Adreno  ( 5932): Build Config                     : S L 6.0.7 AArch64
06-23 16:38:27.574 I/Adreno  ( 5932): PFP: 0x005ff112, ME: 0x005ff066
06-23 16:38:27.575 I/ConfigStore( 5932): android::hardware::configstore::V1_0::ISurfaceFlingerConfigs::hasWideColorDisplay retrieved: 0
06-23 16:38:27.575 I/ConfigStore( 5932): android::hardware::configstore::V1_0::ISurfaceFlingerConfigs::hasHDRDisplay retrieved: 0
06-23 16:38:27.576 I/OpenGLRenderer( 5932): Initialized EGL, version 1.4
06-23 16:38:27.576 D/OpenGLRenderer( 5932): Swap behavior 2
06-23 16:38:27.590 W/View    ( 5932): requestLayout() improperly called by androidx.appcompat.widget.ContentFrameLayout{e3c1883 V.E...... ......ID 0,0-1080,2210 #1020002 android:id/content} during layout: running second layout pass
06-23 16:38:27.590 W/View    ( 5932): requestLayout() improperly called by com.tencent.mm.ui.LayoutListenerView{7608a00 V.E...... ......ID 0,130-1080,2210 #7f092280 app:id/ffv} during layout: running second layout pass
06-23 16:38:27.649 I/encent.mm:tool( 5932): The ClassLoaderContext is a special shared library.
06-23 16:38:27.649 W/encent.mm:tool( 5932): Failed to find OatDexFile for DexFile /data/user/0/com.tencent.mm/app_tbs_64/core_share/tbs_hercules_plugin.jar (canonical path /data/data/com.tencent.mm/app_tbs_64/core_share/tbs_hercules_plugin.jar) in OatFile /data/user/0/com.tencent.mm/app_tbs_64/core_share/oat/arm64/tbs_hercules_plugin.odex
06-23 16:38:27.662 I/encent.mm:tool( 5932): The ClassLoaderContext is a special shared library.
06-23 16:38:27.690 V/NativeCrash( 6076): Alternative stack installed.
06-23 16:38:27.691 V/NativeCrash( 6076): Signal handler installed.
06-23 16:38:27.748 I/Timeline( 2337): Timeline: App_transition_ready time:30023840
06-23 16:38:27.751 V/RabbitEye( 6076): Alternative stack installed.
06-23 16:38:27.751 V/RabbitEye( 6076): Signal handler installed.
06-23 16:38:27.744 I/chatty  ( 2337): uid=1000 system_server expire 1 line
06-23 16:38:27.755 I/chatty  ( 2337): uid=1000(system) android.display expire 1 line
06-23 16:38:27.799 E/SELinux (  609): avc:  denied  { find } for interface=android.hardware.memtrack::IMemtrack pid=5932 scontext=u:r:untrusted_app:s0:c218,c256,c512,c768 tcontext=u:object_r:hal_memtrack_hwservice:s0 tclass=hwservice_manager permissive=0
06-23 16:38:27.799 E/memtrack( 5932): Couldn't load memtrack module
06-23 16:38:27.799 W/android.os.Debug( 5932): failed to get memory consumption info: -1
06-23 16:38:27.864 E/cent.mm:toolsm( 6076): Invalid ID 0x00000000.
--------- beginning of crash
06-23 16:38:27.864 F/libc    ( 5932): FORTIFY: vsnprintf: prevented 1536-byte write into 1024-byte buffer
06-23 16:38:27.872 I/crash_recorder( 5932): getJavaCallStackImpl, @thread: 6238, 
06-23 16:38:27.872 I/crash_recorder( 5932):     android.os.MessageQueue.nativePollOnce(Native Method)
06-23 16:38:27.872 I/crash_recorder( 5932):     android.os.MessageQueue.next(MessageQueue.java:326)
06-23 16:38:27.872 I/crash_recorder( 5932):     android.os.Looper.loop(Looper.java:165)
06-23 16:38:27.872 I/crash_recorder( 5932):     android.os.HandlerThread.run(HandlerThread.java:65)
06-23 16:38:27.896 I/cent.mm:toolsm( 6076): The ClassLoaderContext is a special shared library.
06-23 16:38:27.919 I/crash_recorder( 6239): ExceptionHandler::DoDump, 5932
06-23 16:38:27.920 I/crash_recorder( 6239): #checkCriteria#, crashType: unknown, isLoading: 0
06-23 16:38:27.920 I/crash_recorder( 6239): starting WriteMicrodump for pid: 5932
06-23 16:38:27.920 I/cent.mm:toolsm( 6076): The ClassLoaderContext is a special shared library.
06-23 16:38:27.925 D/cr_XWalkViewDelegate( 6076): [XWalkViewDelegate.java:544] load :/data/user/0/com.tencent.mm/app_xwalk_2853/extracted_xwalkcore/libxwalkcore.so
06-23 16:38:27.960 I/mars::stn( 5469): [shortlink_task_manager.cc, __SingleRespHandle, 614]:cgi trace error: (4, -10087), cost:9090, rtt:0, svr:(120.241.21.113, 80, BackupIP)
06-23 16:38:27.961 I/chromium( 6076): [0623/163827.961045:INFO:webview_entry_point.cc(25)] JNI_OnLoad
06-23 16:38:27.962 D/cr_XWalkViewDelegate( 6076): [XWalkViewDelegate.java:556] Native library is built for ARM
06-23 16:38:27.964 D/cr_XWalkViewDelegate( 6076): [XWalkViewDelegate.java:712] Device ABI: arm64-v8a
06-23 16:38:28.015 I/Timeline( 2337): Timeline: Activity_windows_visible id: ActivityRecord{478f85f u0 com.tencent.mm/.plugin.webview.ui.tools.WebViewUI t1284} time:30024107
06-23 16:38:28.016 I/Timeline( 2337): Timeline: App_transition_stopped time:30024108
06-23 16:38:28.017 I/chromium( 6076): [0623/163828.017264:INFO:xweb_common_logic.cc(63)] [XWEB] DIR_MODULE:/data/app/com.tencent.mm-d3Rw5iYnRnMei-44IQqk2A==/lib/arm64/libwechatxlog.so
06-23 16:38:28.018 I/chatty  ( 2513): uid=1000(system) com.android.systemui expire 25 lines
06-23 16:38:28.018 W/SurfaceFlinger(  799): Attempting to set client state on removed layer: Surface(name=AppWindowToken{9011b75 token=Token{ba8e2ac ActivityRecord{478f85f u0 com.tencent.mm/.plugin.webview.ui.tools.WebViewUI t1284}}})/@0x1d71b6c - animation-leash#0
06-23 16:38:28.019 W/SurfaceFlinger(  799): Attempting to destroy on removed layer: Surface(name=AppWindowToken{9011b75 token=Token{ba8e2ac ActivityRecord{478f85f u0 com.tencent.mm/.plugin.webview.ui.tools.WebViewUI t1284}}})/@0x1d71b6c - animation-leash#0
06-23 16:38:28.019 I/xweb:fake_dlfcn( 6076): 7dabbc8000-7dabc6e000 r-xp 00000000 fc:02 2887001                        /data/app/com.tencent.mm-d3Rw5iYnRnMei-44IQqk2A==/lib/arm64/libwechatxlog.so
06-23 16:38:28.019 I/xweb:fake_dlfcn( 6076): /data/app/com.tencent.mm-d3Rw5iYnRnMei-44IQqk2A==/lib/arm64/libwechatxlog.so loaded in Android at 0x7dabbc8000
06-23 16:38:28.020 I/xweb:fake_dlfcn( 6076): xlogger_IsEnabledFor found at 0x7dabbe42b4
06-23 16:38:28.020 I/xweb:fake_dlfcn( 6076): xlogger_VPrint found at 0x7dabbe43a8
06-23 16:38:28.020 I/chromium( 6076): [0623/163828.020320:INFO:xweb_common_logic.cc(79)] [XWEB] initNativeXlog success
06-23 16:38:28.066 E/libc    ( 5469): Access denied finding property "net.dns1"
06-23 16:38:28.066 E/libc    ( 5469): Access denied finding property "net.dns2"
06-23 16:38:28.124 I/cent.mm:toolsm( 6076): The ClassLoaderContext is a special shared library.
06-23 16:38:28.139 I/SysUtils( 6076): setLocalStoragePatthSuffix = com.tencent.mm.toolsmp.4390
06-23 16:38:28.141 I/mars::stn( 5469): [longlink_connect_monitor.cc, __LongLinkStateToSystemLog, 118]:longlink_progress longlink state: connecting time: 69765004
06-23 16:38:28.154 E/libc    ( 5469): Access denied finding property "net.dns1"
06-23 16:38:28.154 E/libc    ( 5469): Access denied finding property "net.dns2"
06-23 16:38:28.192 E/libc    ( 5469): Access denied finding property "net.dns1"
06-23 16:38:28.192 E/libc    ( 5469): Access denied finding property "net.dns2"
06-23 16:38:28.258 V/RabbitEye( 6076): Alternative stack restored.
06-23 16:38:28.258 V/RabbitEye( 6076): Signal handler restored.
06-23 16:38:28.258 V/RabbitEye( 6076): Alternative stack installed.
06-23 16:38:28.258 V/RabbitEye( 6076): Signal handler installed.
06-23 16:38:28.272 I/WCDB    ( 6076): Initialize JNI module (1/12) CursorWindow...
06-23 16:38:28.272 V/WCDB.JNIHelp( 6076): Registering com/tencent/wcdb/CursorWindow natives
06-23 16:38:28.273 I/WCDB    ( 6076): Initialize JNI module (2/12) ChunkedCursorWindow...
06-23 16:38:28.273 V/WCDB.JNIHelp( 6076): Registering com/tencent/wcdb/database/ChunkedCursorWindow natives
06-23 16:38:28.273 V/WCDB.JNIHelp( 6076): Registering com/tencent/wcdb/database/SQLiteAsyncQuery natives
06-23 16:38:28.273 I/WCDB    ( 6076): Initialize JNI module (3/12) SQLiteConnection...
06-23 16:38:28.274 I/WCDB    ( 6076): Initialize JNI module (4/12) SQLiteDebug...
06-23 16:38:28.274 V/WCDB.JNIHelp( 6076): Registering com/tencent/wcdb/database/SQLiteDebug natives
06-23 16:38:28.275 I/WCDB    ( 6076): Initialize JNI module (5/12) SQLiteDirectCursor...
06-23 16:38:28.275 V/WCDB.JNIHelp( 6076): Registering com/tencent/wcdb/database/SQLiteDirectQuery natives
06-23 16:38:28.275 I/WCDB    ( 6076): Initialize JNI module (6/12) SQLiteGlobal...
06-23 16:38:28.275 V/WCDB.JNIHelp( 6076): Registering com/tencent/wcdb/database/SQLiteGlobal natives
06-23 16:38:28.275 I/WCDB    ( 6076): Initialize JNI module (7/12) MMFtsTokenizer...
06-23 16:38:28.275 V/WCDB.JNIHelp( 6076): Registering com/tencent/wcdb/extension/fts/MMFtsTokenizer natives
06-23 16:38:28.275 I/WCDB    ( 6076): Initialize JNI module (8/12) FileUtils...
06-23 16:38:28.275 V/WCDB.JNIHelp( 6076): Registering com/tencent/wcdb/FileUtils natives
06-23 16:38:28.275 I/WCDB    ( 6076): Initialize JNI module (9/12) DBBackup...
06-23 16:38:28.275 V/WCDB.JNIHelp( 6076): Registering com/tencent/wcdb/repair/BackupKit natives
06-23 16:38:28.275 V/WCDB.JNIHelp( 6076): Registering com/tencent/wcdb/repair/RecoverKit natives
06-23 16:38:28.275 I/WCDB    ( 6076): Initialize JNI module (10/12) DBDumpUtil...
06-23 16:38:28.275 V/WCDB.JNIHelp( 6076): Registering com/tencent/wcdb/repair/DBDumpUtil natives
06-23 16:38:28.276 I/WCDB    ( 6076): Initialize JNI module (11/12) DBRepair...
06-23 16:38:28.276 V/WCDB.JNIHelp( 6076): Registering com/tencent/wcdb/repair/RepairKit$RepairCursor natives
06-23 16:38:28.277 I/WCDB    ( 6076): Initialize JNI module (12/12) Log...
06-23 16:38:28.277 V/WCDB.JNIHelp( 6076): Registering com/tencent/wcdb/support/Log natives
06-23 16:38:28.291 F/google-breakpad( 6239): -----BEGIN BREAKPAD MICRODUMP-----
06-23 16:38:28.291 F/google-breakpad( 6239): V UNKNOWN:0.0.0.0
06-23 16:38:28.291 F/google-breakpad( 6239): O A arm64 08 aarch64 4.4.153-perf+ #1 SMP PREEMPT Tue Apr 2 23:48:13 CST 2019
06-23 16:38:28.291 F/google-breakpad( 6239): P UNKNOWN
06-23 16:38:28.291 F/google-breakpad( 6239): G UNKNOWN
06-23 16:38:28.291 F/google-breakpad( 6239): -----starting crashing thread-----
06-23 16:38:28.321 D/HARDCODER( 6076): [com_tencent_mm_hardcoder_HardCoderJNI.cpp,Java_com_tencent_mm_hardcoder_HardCoderJNI_setDebug:415]"setDebug: 1"
06-23 16:38:28.325 D/HARDCODER( 6076): [com_tencent_mm_hardcoder_HardCoderJNI.cpp,Java_com_tencent_mm_hardcoder_HardCoderJNI_setHCEnable:400]"setEnable: 1"
06-23 16:38:28.325 D/HARDCODER( 6076): [client.h,setEnable:422]"setEnable 1 to 1, restart:0"
06-23 16:38:28.334 V/NativeCrash( 5932): Entered signal handler.
06-23 16:38:28.335 D/HARDCODER( 6076): [com_tencent_mm_hardcoder_HardCoderJNI.cpp,Java_com_tencent_mm_hardcoder_HardCoderJNI_initHardCoder:152]"initHardCoder, start."
06-23 16:38:28.324 W/[GT]ColdPool#0( 6076): type=1400 audit(0.0:57385): avc: denied { connectto } for path=006D6975695F626F6F73746572 scontext=u:r:untrusted_app:s0:c218,c256,c512,c768 tcontext=u:r:miuibooster:s0 tclass=unix_stream_socket permissive=0
06-23 16:38:28.335 D/HARDCODER( 6076): [client.h,init:476]"init m_remote:miui_booster, HEADER_VERSION:4"
06-23 16:38:28.335 D/HARDCODER( 6076): [client.h,tryStartEngine:370]"tryStartEngine, TimeDiff:939870447, remote:miui_booster, running:-1"
06-23 16:38:28.335 W/HARDCODER( 6076): [localsocket.h,uninit:215]"uninit, pipe:[0,0], m_fd:0, queue:0, flag:1"
06-23 16:38:28.335 D/HARDCODER( 6076): [localsocket.h,createSocket:249]"createSocket, localPath: com.tencent.mm.hardcoder.client.sock, remotePath: miui_booster"
06-23 16:38:28.335 W/HARDCODER( 6076): [localsocket.h,createSocket:310]"createSocket, connect socket, ret:-1, local:com.tencent.mm.hardcoder.client.sock, remote:miui_booster"
06-23 16:38:28.335 E/HARDCODER( 6076): [localsocket.h,createSocket:333]"createSocket, connect failed ret:-1 fd:157 path:miui_booster"
06-23 16:38:28.335 W/HARDCODER( 6076): [localsocket.h,uninit:215]"uninit, pipe:[155,156], m_fd:0, queue:0, flag:0"
06-23 16:38:28.335 D/HARDCODER( 6076): [com_tencent_mm_hardcoder_HardCoderJNI.cpp,Java_com_tencent_mm_hardcoder_HardCoderJNI_initHardCoder:157]"initHardCoder, end."
06-23 16:38:28.336 V/NativeCrash( 5932): SP: 0x7fd7118710
06-23 16:38:28.361 E/libc    ( 5932): Access denied finding property "net.dns1"
06-23 16:38:28.412 V/NativeCrash( 6278): Opening dump file: /data/user/0/com.tencent.mm/files/crash/NativeCrash_com.tencent.mm_tools_1624437504916.dmp
06-23 16:38:28.417 V/NativeCrash( 6278): Opening dump file: /data/user/0/com.tencent.mm/files/crash/NativeCrash_com.tencent.mm_tools_1624437504916.fulldmp
06-23 16:38:28.418 V/NativeCrash( 6278): shortFlags: 0x0000074f, fullFlags: 0x00000800
06-23 16:38:28.418 V/NativeCrash( 6278): Preset custom: Device: Redmi Note 7
06-23 16:38:28.418 V/NativeCrash( 6278): API Level: 28
06-23 16:38:28.418 V/NativeCrash( 6278): Fingerprint: xiaomi/lavender/lavender:9/PKQ1.180904.001/V10.3.1.0.PFGCNXM:user/release-keys
06-23 16:38:28.418 V/NativeCrash( 6278): Kernel: 4.4.153-perf+
06-23 16:38:28.418 V/NativeCrash( 6278): Client Version: 0x2800063D
06-23 16:38:28.418 V/NativeCrash( 6278): Base Version: 0x28000635
06-23 16:38:28.418 V/NativeCrash( 6278): system webview get nothing...
06-23 16:38:28.418 V/NativeCrash( 6278): tbs_core_version:45617;tbs_sdk_version:43809;
06-23 16:38:28.418 V/NativeCrash( 6278): system webview get nothing...
06-23 16:38:28.418 V/NativeCrash( 6278): tbs_core_version:45617;tbs_sdk_version:43809;
06-23 16:38:28.422 E/WUPTask ( 5932): java.net.ConnectException: Failed to connect to /121.51.18.3:8080
06-23 16:38:28.422 E/WUPTask ( 5932): java.net.ConnectException: Failed to connect to /121.51.18.3:8080
06-23 16:38:28.422 E/WUPTask ( 5932): 	at com.android.okhttp.internal.io.RealConnection.connectSocket(RealConnection.java:143)
06-23 16:38:28.422 E/WUPTask ( 5932): 	at com.android.okhttp.internal.io.RealConnection.connect(RealConnection.java:112)
06-23 16:38:28.422 E/WUPTask ( 5932): 	at com.android.okhttp.internal.http.StreamAllocation.findConnection(StreamAllocation.java:184)
06-23 16:38:28.422 E/WUPTask ( 5932): 	at com.android.okhttp.internal.http.StreamAllocation.findHealthyConnection(StreamAllocation.java:126)
06-23 16:38:28.422 E/WUPTask ( 5932): 	at com.android.okhttp.internal.http.StreamAllocation.newStream(StreamAllocation.java:95)
06-23 16:38:28.422 E/WUPTask ( 5932): 	at com.android.okhttp.internal.http.HttpEngine.connect(HttpEngine.java:281)
06-23 16:38:28.422 E/WUPTask ( 5932): 	at com.android.okhttp.internal.http.HttpEngine.sendRequest(HttpEngine.java:224)
06-23 16:38:28.422 E/WUPTask ( 5932): 	at com.android.okhttp.internal.huc.HttpURLConnectionImpl.execute(HttpURLConnectionImpl.java:461)
06-23 16:38:28.422 E/WUPTask ( 5932): 	at com.android.okhttp.internal.huc.HttpURLConnectionImpl.connect(HttpURLConnectionImpl.java:127)
06-23 16:38:28.422 E/WUPTask ( 5932): 	at com.android.okhttp.internal.huc.HttpURLConnectionImpl.getOutputStream(HttpURLConnectionImpl.java:258)
06-23 16:38:28.422 E/WUPTask ( 5932): 	at com.tencent.common.http.HttpRequesterBase.fillPostBody(TbsJavaCore:564)
06-23 16:38:28.422 E/WUPTask ( 5932): 	at com.tencent.common.http.HttpRequesterBase.a(TbsJavaCore:150)
06-23 16:38:28.422 E/WUPTask ( 5932): 	at com.tencent.common.http.HttpRequesterBase.realExecute(TbsJavaCore:78)
06-23 16:38:28.422 E/WUPTask ( 5932): 	at com.tencent.common.http.Requester.execute(TbsJavaCore:114)
06-23 16:38:28.422 E/WUPTask ( 5932): 	at com.tencent.common.wup.WUPTask.c(TbsJavaCore:966)
06-23 16:38:28.422 E/WUPTask ( 5932): 	at com.tencent.common.wup.WUPTask.doRun(TbsJavaCore:728)
06-23 16:38:28.422 E/WUPTask ( 5932): 	at com.tencent.mtt.base.task.Task.run(TbsJavaCore:272)
06-23 16:38:28.422 E/WUPTask ( 5932): 	at com.tencent.common.threadpool.MyThreadPoolExecutor.a(TbsJavaCore:1093)
06-23 16:38:28.422 E/WUPTask ( 5932): 	at com.tencent.common.threadpool.MyThreadPoolExecutor$a.run(TbsJavaCore:581)
06-23 16:38:28.422 E/WUPTask ( 5932): 	at java.lang.Thread.run(Thread.java:764)
06-23 16:38:28.422 E/WUPTask ( 5932): 	at com.tencent.common.threadpool.QBThreadFactory$1.run(TbsJavaCore:48)
06-23 16:38:28.430 E/libc    ( 5932): Access denied finding property "net.dns1"
06-23 16:38:28.447 V/NativeCrash( 6278): Found abort message: FORTIFY: vsnprintf: prevented 1536-byte write into 1024-byte buffer
06-23 16:38:28.557 I/chatty  ( 3341): uid=1000(system) cycleMemory expire 10 lines
06-23 16:38:28.710 D/IdProviderImpl( 6076): getOAID
06-23 16:38:28.818 D/PhoneSwitcherNetworkRequstListener( 2750): got request NetworkRequest [ TRACK_DEFAULT id=824, [ Capabilities: INTERNET&NOT_RESTRICTED&TRUSTED Unwanted:  Uid: 10218] ] with score 0
06-23 16:38:28.819 D/QcrilMsgTunnelIfaceManager( 2923): handleMessage what = 1
06-23 16:38:28.820 I/QcrilOemhookMsgTunnel( 2923): [0]invokeOemRilRequestRaw: serial=2464 length=24
06-23 16:38:28.821 I/QcrilOemhookMsgTunnel( 2923): [0]processOemHookResponse serial no: 2464 error: 0length=0
06-23 16:38:28.822 D/QcrilMsgTunnelIfaceManager( 2923): handleMessage what = 2
06-23 16:38:28.823 D/QcrilMsgTunnelIfaceManager( 2923): handleMessage what = 1
06-23 16:38:28.824 I/QcrilOemhookMsgTunnel( 2923): [0]processOemHookIndication length=28
06-23 16:38:28.824 I/QcrilOemhookMsgTunnel( 2923): [1]invokeOemRilRequestRaw: serial=2465 length=24
06-23 16:38:28.824 D/QcrilMsgTunnelIfaceManager( 2923): handleMessage what = 0
06-23 16:38:28.827 I/QcrilOemhookMsgTunnel( 2923): [1]processOemHookResponse serial no: 2465 error: 0length=0
06-23 16:38:28.828 D/QcrilMsgTunnelIfaceManager( 2923): handleMessage what = 2
06-23 16:38:28.829 I/QcrilOemhookMsgTunnel( 2923): [1]processOemHookIndication length=28
06-23 16:38:28.829 D/QcrilMsgTunnelIfaceManager( 2923): handleMessage what = 0
06-23 16:38:28.848 I/chatty  ( 2703): uid=1000(system) .dataservices expire 1 line
06-23 16:38:28.849 W/DPMJ    ( 2703): |SERVICE| DPM received ACTION_ANY_DATA_CONNECTION_STATE_CHANGEDmms
06-23 16:38:28.849 D/DPMJ    ( 2703): |SERVICE| DPM currently does not support this apnType=mms
06-23 16:38:28.852 D/DPMJ    ( 2703): |SERVICE| DPM received action android.intent.action.ANY_DATA_STATE
06-23 16:38:28.852 W/DPMJ    ( 2703): |SERVICE| DPM received ACTION_ANY_DATA_CONNECTION_STATE_CHANGEDcbs
06-23 16:38:28.852 D/DPMJ    ( 2703): |SERVICE| DPM currently does not support this apnType=cbs
06-23 16:38:28.856 D/DPMJ    ( 2703): |SERVICE| DPM received action android.intent.action.ANY_DATA_STATE
06-23 16:38:28.856 W/DPMJ    ( 2703): |SERVICE| DPM received ACTION_ANY_DATA_CONNECTION_STATE_CHANGEDfota
06-23 16:38:28.856 D/DPMJ    ( 2703): |SERVICE| DPM currently does not support this apnType=fota
06-23 16:38:28.859 D/DPMJ    ( 2703): |SERVICE| DPM received action android.intent.action.ANY_DATA_STATE
06-23 16:38:28.859 W/DPMJ    ( 2703): |SERVICE| DPM received ACTION_ANY_DATA_CONNECTION_STATE_CHANGEDsupl
06-23 16:38:28.859 D/DPMJ    ( 2703): |SERVICE| DPM currently does not support this apnType=supl
06-23 16:38:28.863 D/DPMJ    ( 2703): |SERVICE| DPM received action android.intent.action.ANY_DATA_STATE
06-23 16:38:28.863 W/DPMJ    ( 2703): |SERVICE| DPM received ACTION_ANY_DATA_CONNECTION_STATE_CHANGEDdun
06-23 16:38:28.863 D/DPMJ    ( 2703): |SERVICE| DPM currently does not support this apnType=dun
06-23 16:38:28.866 D/DPMJ    ( 2703): |SERVICE| DPM received action android.intent.action.ANY_DATA_STATE
06-23 16:38:28.866 W/DPMJ    ( 2703): |SERVICE| DPM received ACTION_ANY_DATA_CONNECTION_STATE_CHANGEDhipri
06-23 16:38:28.866 D/DPMJ    ( 2703): |SERVICE| DPM currently does not support this apnType=hipri
06-23 16:38:28.870 D/DPMJ    ( 2703): |SERVICE| DPM received action android.intent.action.ANY_DATA_STATE
06-23 16:38:28.870 W/DPMJ    ( 2703): |SERVICE| DPM received ACTION_ANY_DATA_CONNECTION_STATE_CHANGEDims
06-23 16:38:28.870 D/DPMJ    ( 2703): |SERVICE| DPM currently does not support this apnType=ims
06-23 16:38:28.991 V/NativeCrash( 6278): Dump Java in cloned process
06-23 16:38:29.008 V/NativeCrash( 5932): Call crash dump callback.
06-23 16:38:29.102 I/TuringFdNative( 5932): TuringFD v57 (881179247DE54736, tbs, 1013b10, compiled 2020_12_29_18_20_28) success 
06-23 16:38:29.115 W/System.err( 5932): android.content.pm.PackageManager$NameNotFoundException: ComponentInfo{com.tencent.mm/androidx.core.content.FileProvider}
06-23 16:38:29.115 W/System.err( 5932): 	at android.app.ApplicationPackageManager.getProviderInfo(ApplicationPackageManager.java:482)
06-23 16:38:29.115 W/System.err( 5932): 	at com.tencent.tbs.ug.core.UgUtils.getAuthorityByClassName(Unknown Source:32)
06-23 16:38:29.115 W/System.err( 5932): 	at com.tencent.tbs.ug.core.UgUtils.getApkFileUri(Unknown Source:51)
06-23 16:38:29.115 W/System.err( 5932): 	at com.tencent.tbs.ug.core.UgUtils.writeFileSyncContentProvider(Unknown Source:90)
06-23 16:38:29.115 W/System.err( 5932): 	at com.tencent.tbs.ug.core.UgUtils.writeFileSync(Unknown Source:33)
06-23 16:38:29.115 W/System.err( 5932): 	at com.tencent.tbs.ug.core.UgUtils$1.run(Unknown Source:12)
06-23 16:38:29.115 W/System.err( 5932): 	at com.tencent.tbs.tbsshell.partner.reader.service.q$3.doRun(TbsJavaCore:529)
06-23 16:38:29.115 W/System.err( 5932): 	at com.tencent.common.threadpool.BrowserExecutorSupplier$BackgroundRunable.run(TbsJavaCore:817)
06-23 16:38:29.115 W/System.err( 5932): 	at com.tencent.common.threadpool.MyThreadPoolExecutor.a(TbsJavaCore:1093)
06-23 16:38:29.115 W/System.err( 5932): 	at com.tencent.common.threadpool.MyThreadPoolExecutor$a.run(TbsJavaCore:581)
06-23 16:38:29.115 W/System.err( 5932): 	at java.lang.Thread.run(Thread.java:764)
06-23 16:38:29.115 W/System.err( 5932): 	at com.tencent.common.threadpool.QBThreadFactory$1.run(TbsJavaCore:48)
06-23 16:38:29.230 E/memtrack( 5932): Couldn't load memtrack module
06-23 16:38:29.231 W/android.os.Debug( 5932): failed to get memory consumption info: -1
06-23 16:38:29.550 D/Boost   ( 2337): hostingType=service, hostingName=com.tencent.mm/.sandbox.monitor.ExceptionMonitorService, callerPackage=com.tencent.mm, isSystem=false, isBoostNeeded=false.
06-23 16:38:29.551 I/ActivityManager( 2337): Start proc 6330:com.tencent.mm:sandbox/u0a218 for service com.tencent.mm/.sandbox.monitor.ExceptionMonitorService caller=com.tencent.mm
06-23 16:38:29.558 E/cent.mm:sandbo( 6330): Not starting debugger since process cannot load the jdwp agent.
06-23 16:38:29.605 I/cent.mm:sandbo( 6330): The ClassLoaderContext is a special shared library.
06-23 16:38:29.709 V/NativeCrash( 5932): Signal handler restored.
06-23 16:38:29.709 V/NativeCrash( 5932): Signal handler mutex released.
06-23 16:38:29.709 V/NativeCrash( 5932): Resend signal 6, code: -6
06-23 16:38:29.725 F/libc    ( 5932): Fatal signal 6 (SIGABRT), code -6 (SI_TKILL) in tid 5932 (encent.mm:tools), pid 5932 (encent.mm:tools)
06-23 16:38:29.748 E/TaskPersister( 2337): File error accessing recents directory (directory doesn't exist?).
06-23 16:38:29.788 E/LoadedApk( 6330): Unable to instantiate appComponentFactory
06-23 16:38:29.788 E/LoadedApk( 6330): java.lang.ClassNotFoundException: Didn't find class "androidx.core.app.CoreComponentFactory" on path: DexPathList[[zip file "/system/framework/org.apache.http.legacy.boot.jar", zip file "/system/framework/com.google.android.maps.jar", zip file "/data/app/com.tencent.mm-d3Rw5iYnRnMei-44IQqk2A==/base.apk"],nativeLibraryDirectories=[/data/app/com.tencent.mm-d3Rw5iYnRnMei-44IQqk2A==/lib/arm64, /data/app/com.tencent.mm-d3Rw5iYnRnMei-44IQqk2A==/base.apk!/lib/arm64-v8a, /system/lib64]]
06-23 16:38:29.788 E/LoadedApk( 6330): 	at dalvik.system.BaseDexClassLoader.findClass(BaseDexClassLoader.java:134)
06-23 16:38:29.788 E/LoadedApk( 6330): 	at java.lang.ClassLoader.loadClass(ClassLoader.java:379)
06-23 16:38:29.788 E/LoadedApk( 6330): 	at java.lang.ClassLoader.loadClass(ClassLoader.java:312)
06-23 16:38:29.788 E/LoadedApk( 6330): 	at android.app.LoadedApk.createAppFactory(LoadedApk.java:228)
06-23 16:38:29.788 E/LoadedApk( 6330): 	at android.app.LoadedApk.createOrUpdateClassLoaderLocked(LoadedApk.java:733)
06-23 16:38:29.788 E/LoadedApk( 6330): 	at android.app.LoadedApk.getClassLoader(LoadedApk.java:812)
06-23 16:38:29.788 E/LoadedApk( 6330): 	at android.app.LoadedApk.getResources(LoadedApk.java:1034)
06-23 16:38:29.788 E/LoadedApk( 6330): 	at android.app.ContextImpl.createAppContext(ContextImpl.java:2357)
06-23 16:38:29.788 E/LoadedApk( 6330): 	at android.app.ActivityThread.handleBindApplication(ActivityThread.java:5821)
06-23 16:38:29.788 E/LoadedApk( 6330): 	at android.app.ActivityThread.access$1200(ActivityThread.java:200)
06-23 16:38:29.788 E/LoadedApk( 6330): 	at android.app.ActivityThread$H.handleMessage(ActivityThread.java:1673)
06-23 16:38:29.788 E/LoadedApk( 6330): 	at android.os.Handler.dispatchMessage(Handler.java:106)
06-23 16:38:29.788 E/LoadedApk( 6330): 	at android.os.Looper.loop(Looper.java:201)
06-23 16:38:29.788 E/LoadedApk( 6330): 	at android.app.ActivityThread.main(ActivityThread.java:6810)
06-23 16:38:29.788 E/LoadedApk( 6330): 	at java.lang.reflect.Method.invoke(Native Method)
06-23 16:38:29.788 E/LoadedApk( 6330): 	at com.android.internal.os.RuntimeInit$MethodAndArgsCaller.run(RuntimeInit.java:547)
06-23 16:38:29.788 E/LoadedApk( 6330): 	at com.android.internal.os.ZygoteInit.main(ZygoteInit.java:873)
06-23 16:38:29.800 I/Perf    ( 6330): Connecting to perf service.
06-23 16:38:29.826 E/cent.mm:sandbo( 6330): Invalid ID 0x00000000.
06-23 16:38:30.006 I/crash_dump64( 6347): obtaining output fd from tombstoned, type: kDebuggerdTombstone
06-23 16:38:30.013 I//system/bin/tombstoned( 1133): received crash request for pid 5932
06-23 16:38:30.020 I/crash_dump64( 6347): performing dump of process 5932 (target tid = 5932)
06-23 16:38:30.046 F/DEBUG   ( 6347): *** *** *** *** *** *** *** *** *** *** *** *** *** *** *** ***
06-23 16:38:30.046 F/DEBUG   ( 6347): Build fingerprint: 'xiaomi/lavender/lavender:9/PKQ1.180904.001/V10.3.1.0.PFGCNXM:user/release-keys'
06-23 16:38:30.046 F/DEBUG   ( 6347): Revision: '0'
06-23 16:38:30.046 F/DEBUG   ( 6347): ABI: 'arm64'
06-23 16:38:30.046 F/DEBUG   ( 6347): pid: 5932, tid: 5932, name: encent.mm:tools  >>> com.tencent.mm:tools <<<
06-23 16:38:30.046 F/DEBUG   ( 6347): signal 6 (SIGABRT), code -6 (SI_TKILL), fault addr --------
06-23 16:38:30.046 F/DEBUG   ( 6347): Abort message: 'FORTIFY: vsnprintf: prevented 1536-byte write into 1024-byte buffer'
06-23 16:38:30.046 F/DEBUG   ( 6347):     x0  0000000000000000  x1  000000000000172c  x2  0000000000000006  x3  0000000000000008
06-23 16:38:30.046 F/DEBUG   ( 6347):     x4  0000008080808080  x5  0000008080808080  x6  0000008080808080  x7  0000000000000020
06-23 16:38:30.046 F/DEBUG   ( 6347):     x8  0000000000000083  x9  50fdcf6e0e7776e1  x10 0000000000000000  x11 fffffffc7ffffbdf
06-23 16:38:30.046 F/DEBUG   ( 6347):     x12 0000000000000001  x13 0000000060d2f303  x14 0032f63dc4142000  x15 000098727d3f063b
06-23 16:38:30.046 F/DEBUG   ( 6347):     x16 0000007e5b7e22b0  x17 0000007e5b701cd0  x18 0000000000000008  x19 000000000000172c
06-23 16:38:30.047 F/DEBUG   ( 6347):     x20 000000000000172c  x21 0000007dd8c14c00  x22 0000007fd7118dc0  x23 0000007da5e74ede
06-23 16:38:30.047 F/DEBUG   ( 6347):     x24 0000000000000000  x25 0000007d9e3a7248  x26 0000000000000600  x27 0000000000000000
06-23 16:38:30.047 F/DEBUG   ( 6347):     x28 0000007fd7118b00  x29 0000007fd7118750
06-23 16:38:30.047 F/DEBUG   ( 6347):     sp  0000007fd7118710  lr  0000007e5b6f5144  pc  0000007e5b6f516c
06-23 16:38:30.052 I/unwind  ( 6347): Malformed section header found, ignoring...
06-23 16:38:30.169 I/encent.mm:tool( 5932): ProcessProfilingInfo new_methods=387 is saved saved_to_disk=1 resolve_classes_delay=8000
06-23 16:38:30.286 I/cent.mm:sandbo( 6330): The ClassLoaderContext is a special shared library.
06-23 16:38:30.328 W/cent.mm:sandbo( 6330): Accessing hidden field Landroid/app/ActivityThread$H;->APPLICATION_INFO_CHANGED:I (dark greylist, reflection)
06-23 16:38:30.368 F/DEBUG   ( 6347): 
06-23 16:38:30.368 F/DEBUG   ( 6347): backtrace:
06-23 16:38:30.368 F/DEBUG   ( 6347):     #00 pc 000000000002216c  /system/lib64/libc.so (abort+116)
06-23 16:38:30.368 F/DEBUG   ( 6347):     #01 pc 000000000004c07c  /system/lib64/libc.so (__fortify_fatal(char const*, ...)+120)
06-23 16:38:30.368 F/DEBUG   ( 6347):     #02 pc 000000000004cb98  /system/lib64/libc.so (__vsnprintf_chk+140)
06-23 16:38:30.368 F/DEBUG   ( 6347):     #03 pc 00000000012d85a4  /data/data/com.tencent.mm/app_tbs_64/core_share/libmttwebview.so
06-23 16:38:30.369 F/DEBUG   ( 6347):     #04 pc 00000000012d8708  /data/data/com.tencent.mm/app_tbs_64/core_share/libmttwebview.so
06-23 16:38:30.369 F/DEBUG   ( 6347):     #05 pc 00000000012d957c  /data/data/com.tencent.mm/app_tbs_64/core_share/libmttwebview.so
06-23 16:38:30.369 F/DEBUG   ( 6347):     #06 pc 00000000005603e0  /system/lib64/libart.so (art_quick_generic_jni_trampoline+144)
06-23 16:38:30.369 F/DEBUG   ( 6347):     #07 pc 000000000055764c  /system/lib64/libart.so (art_quick_invoke_static_stub+604)
06-23 16:38:30.369 F/DEBUG   ( 6347):     #08 pc 00000000000cfce8  /system/lib64/libart.so (art::ArtMethod::Invoke(art::Thread*, unsigned int*, unsigned int, art::JValue*, char const*)+232)
06-23 16:38:30.369 F/DEBUG   ( 6347):     #09 pc 0000000000280338  /system/lib64/libart.so (art::interpreter::ArtInterpreterToCompiledCodeBridge(art::Thread*, art::ArtMethod*, art::ShadowFrame*, unsigned short, art::JValue*)+344)
06-23 16:38:30.369 F/DEBUG   ( 6347):     #10 pc 000000000027a34c  /system/lib64/libart.so (bool art::interpreter::DoCall<false, false>(art::ArtMethod*, art::Thread*, art::ShadowFrame&, art::Instruction const*, unsigned short, art::JValue*)+968)
06-23 16:38:30.369 F/DEBUG   ( 6347):     #11 pc 0000000000527964  /system/lib64/libart.so (MterpInvokeStatic+204)
06-23 16:38:30.369 F/DEBUG   ( 6347):     #12 pc 0000000000549a94  /system/lib64/libart.so (ExecuteMterpImpl+14612)
06-23 16:38:30.369 F/DEBUG   ( 6347):     #13 pc 000000000022b190  /dev/ashmem/dalvik-classes.dex extracted in memory from /data/user/0/com.tencent.mm/app_tbs_64/core_share/tbs_jars_fusion_dex.jar (deleted) (com.tencent.smtt.webkit.RenderMonitor.c)
06-23 16:38:30.369 F/DEBUG   ( 6347):     #14 pc 0000000000254050  /system/lib64/libart.so (_ZN3art11interpreterL7ExecuteEPNS_6ThreadERKNS_20CodeItemDataAccessorERNS_11ShadowFrameENS_6JValueEb.llvm.3375396565+488)
06-23 16:38:30.369 F/DEBUG   ( 6347):     #15 pc 0000000000259b44  /system/lib64/libart.so (art::interpreter::ArtInterpreterToInterpreterBridge(art::Thread*, art::CodeItemDataAccessor const&, art::ShadowFrame*, art::JValue*)+216)
06-23 16:38:30.369 F/DEBUG   ( 6347):     #16 pc 000000000027a330  /system/lib64/libart.so (bool art::interpreter::DoCall<false, false>(art::ArtMethod*, art::Thread*, art::ShadowFrame&, art::Instruction const*, unsigned short, art::JValue*)+940)
06-23 16:38:30.369 F/DEBUG   ( 6347):     #17 pc 0000000000527964  /system/lib64/libart.so (MterpInvokeStatic+204)
06-23 16:38:30.369 F/DEBUG   ( 6347):     #18 pc 0000000000549a94  /system/lib64/libart.so (ExecuteMterpImpl+14612)
06-23 16:38:30.369 F/DEBUG   ( 6347):     #19 pc 000000000022b3ec  /dev/ashmem/dalvik-classes.dex extracted in memory from /data/user/0/com.tencent.mm/app_tbs_64/core_share/tbs_jars_fusion_dex.jar (deleted) (com.tencent.smtt.webkit.RenderMonitor.H+60)
06-23 16:38:30.369 F/DEBUG   ( 6347):     #20 pc 0000000000254050  /system/lib64/libart.so (_ZN3art11interpreterL7ExecuteEPNS_6ThreadERKNS_20CodeItemDataAccessorERNS_11ShadowFrameENS_6JValueEb.llvm.3375396565+488)
06-23 16:38:30.369 F/DEBUG   ( 6347):     #21 pc 0000000000259b44  /system/lib64/libart.so (art::interpreter::ArtInterpreterToInterpreterBridge(art::Thread*, art::CodeItemDataAccessor const&, art::ShadowFrame*, art::JValue*)+216)
06-23 16:38:30.369 F/DEBUG   ( 6347):     #22 pc 000000000027a330  /system/lib64/libart.so (bool art::interpreter::DoCall<false, false>(art::ArtMethod*, art::Thread*, art::ShadowFrame&, art::Instruction const*, unsigned short, art::JValue*)+940)
06-23 16:38:30.369 F/DEBUG   ( 6347):     #23 pc 0000000000527964  /system/lib64/libart.so (MterpInvokeStatic+204)
06-23 16:38:30.369 F/DEBUG   ( 6347):     #24 pc 0000000000549a94  /system/lib64/libart.so (ExecuteMterpImpl+14612)
06-23 16:38:30.369 F/DEBUG   ( 6347):     #25 pc 000000000022ba50  /dev/ashmem/dalvik-classes.dex extracted in memory from /data/user/0/com.tencent.mm/app_tbs_64/core_share/tbs_jars_fusion_dex.jar (deleted) (com.tencent.smtt.webkit.RenderMonitor.l)
06-23 16:38:30.369 F/DEBUG   ( 6347):     #26 pc 0000000000254050  /system/lib64/libart.so (_ZN3art11interpreterL7ExecuteEPNS_6ThreadERKNS_20CodeItemDataAccessorERNS_11ShadowFrameENS_6JValueEb.llvm.3375396565+488)
06-23 16:38:30.369 F/DEBUG   ( 6347):     #27 pc 0000000000259b44  /system/lib64/libart.so (art::interpreter::ArtInterpreterToInterpreterBridge(art::Thread*, art::CodeItemDataAccessor const&, art::ShadowFrame*, art::JValue*)+216)
06-23 16:38:30.369 F/DEBUG   ( 6347):     #28 pc 000000000027a330  /system/lib64/libart.so (bool art::interpreter::DoCall<false, false>(art::ArtMethod*, art::Thread*, art::ShadowFrame&, art::Instruction const*, unsigned short, art::JValue*)+940)
06-23 16:38:30.369 F/DEBUG   ( 6347):     #29 pc 0000000000527964  /system/lib64/libart.so (MterpInvokeStatic+204)
06-23 16:38:30.369 F/DEBUG   ( 6347):     #30 pc 0000000000549a94  /system/lib64/libart.so (ExecuteMterpImpl+14612)
06-23 16:38:30.369 F/DEBUG   ( 6347):     #31 pc 000000000022a76c  /dev/ashmem/dalvik-classes.dex extracted in memory from /data/user/0/com.tencent.mm/app_tbs_64/core_share/tbs_jars_fusion_dex.jar (deleted) (com.tencent.smtt.webkit.RenderMonitor$1.handleMessage+12)
06-23 16:38:30.369 F/DEBUG   ( 6347):     #32 pc 0000000000254050  /system/lib64/libart.so (_ZN3art11interpreterL7ExecuteEPNS_6ThreadERKNS_20CodeItemDataAccessorERNS_11ShadowFrameENS_6JValueEb.llvm.3375396565+488)
06-23 16:38:30.369 F/DEBUG   ( 6347):     #33 pc 0000000000516d14  /system/lib64/libart.so (artQuickToInterpreterBridge+1020)
06-23 16:38:30.369 F/DEBUG   ( 6347):     #34 pc 00000000005604fc  /system/lib64/libart.so (art_quick_to_interpreter_bridge+92)
06-23 16:38:30.370 F/DEBUG   ( 6347):     #35 pc 000000000176de04  /system/framework/arm64/boot-framework.oat (offset 0xa2a000) (android.os.Handler.dispatchMessage+180)
06-23 16:38:30.370 F/DEBUG   ( 6347):     #36 pc 0000000001f66748  /system/framework/arm64/boot-framework.oat (offset 0xa2a000) (android.os.Looper.loop+1304)
06-23 16:38:30.370 F/DEBUG   ( 6347):     #37 pc 0000000000f14438  /system/framework/arm64/boot-framework.oat (offset 0xa2a000) (android.app.ActivityThread.main+664)
06-23 16:38:30.370 F/DEBUG   ( 6347):     #38 pc 000000000055764c  /system/lib64/libart.so (art_quick_invoke_static_stub+604)
06-23 16:38:30.370 F/DEBUG   ( 6347):     #39 pc 00000000000cfce8  /system/lib64/libart.so (art::ArtMethod::Invoke(art::Thread*, unsigned int*, unsigned int, art::JValue*, char const*)+232)
06-23 16:38:30.370 F/DEBUG   ( 6347):     #40 pc 000000000045dd14  /system/lib64/libart.so (art::(anonymous namespace)::InvokeWithArgArray(art::ScopedObjectAccessAlreadyRunnable const&, art::ArtMethod*, art::(anonymous namespace)::ArgArray*, art::JValue*, char const*)+104)
06-23 16:38:30.370 F/DEBUG   ( 6347):     #41 pc 000000000045f768  /system/lib64/libart.so (art::InvokeMethod(art::ScopedObjectAccessAlreadyRunnable const&, _jobject*, _jobject*, _jobject*, unsigned long)+1440)
06-23 16:38:30.370 F/DEBUG   ( 6347):     #42 pc 00000000003ef398  /system/lib64/libart.so (art::Method_invoke(_JNIEnv*, _jobject*, _jobject*, _jobjectArray*)+52)
06-23 16:38:30.370 F/DEBUG   ( 6347):     #43 pc 000000000078eed4  /system/framework/arm64/boot-core-oj.oat (offset 0x2dc000) (java.lang.Class.getDeclaredMethodInternal [DEDUPED]+180)
06-23 16:38:30.370 F/DEBUG   ( 6347):     #44 pc 0000000002447e68  /system/framework/arm64/boot-framework.oat (offset 0xa2a000) (com.android.internal.os.RuntimeInit$MethodAndArgsCaller.run+136)
06-23 16:38:30.370 F/DEBUG   ( 6347):     #45 pc 00000000024541bc  /system/framework/arm64/boot-framework.oat (offset 0xa2a000) (com.android.internal.os.ZygoteInit.main+2028)
06-23 16:38:30.370 F/DEBUG   ( 6347):     #46 pc 000000000055764c  /system/lib64/libart.so (art_quick_invoke_static_stub+604)
06-23 16:38:30.370 F/DEBUG   ( 6347):     #47 pc 00000000000cfce8  /system/lib64/libart.so (art::ArtMethod::Invoke(art::Thread*, unsigned int*, unsigned int, art::JValue*, char const*)+232)
06-23 16:38:30.370 F/DEBUG   ( 6347):     #48 pc 000000000045dd14  /system/lib64/libart.so (art::(anonymous namespace)::InvokeWithArgArray(art::ScopedObjectAccessAlreadyRunnable const&, art::ArtMethod*, art::(anonymous namespace)::ArgArray*, art::JValue*, char const*)+104)
06-23 16:38:30.370 F/DEBUG   ( 6347):     #49 pc 000000000045d974  /system/lib64/libart.so (art::InvokeWithVarArgs(art::ScopedObjectAccessAlreadyRunnable const&, _jobject*, _jmethodID*, std::__va_list)+424)
06-23 16:38:30.370 F/DEBUG   ( 6347):     #50 pc 0000000000362cd8  /system/lib64/libart.so (art::JNI::CallStaticVoidMethodV(_JNIEnv*, _jclass*, _jmethodID*, std::__va_list)+652)
06-23 16:38:30.370 F/DEBUG   ( 6347):     #51 pc 00000000000b253c  /system/lib64/libandroid_runtime.so (_JNIEnv::CallStaticVoidMethod(_jclass*, _jmethodID*, ...)+116)
06-23 16:38:30.370 F/DEBUG   ( 6347):     #52 pc 00000000000b50d8  /system/lib64/libandroid_runtime.so (android::AndroidRuntime::start(char const*, android::Vector<android::String8> const&, bool)+924)
06-23 16:38:30.370 F/DEBUG   ( 6347):     #53 pc 0000000000002528  /system/bin/app_process64 (main+2012)
06-23 16:38:30.370 F/DEBUG   ( 6347):     #54 pc 00000000000c9270  /system/lib64/libc.so (__libc_init+88)
06-23 16:38:30.402 I/MMKV    ( 6330): <native-bridge.cpp:108::JNI_OnLoad> current API level = 28
06-23 16:38:30.402 I/MMKV    ( 6330): <native-bridge.cpp:125::JNI_OnLoad> armv8 AES instructions is supported
06-23 16:38:30.402 I/MMKV    ( 6330): <native-bridge.cpp:130::JNI_OnLoad> armv8 CRC32 instructions is supported
06-23 16:38:30.403 I/MMKV    ( 6330): <MMKV.cpp:144::initialize> version v1.2.1 page size:4096
06-23 16:38:30.403 I/MMKV    ( 6330): <MMKV.cpp:161::initializeMMKV> root dir: /data/user/0/com.tencent.mm/files/mmkv
06-23 16:38:30.442 W/SQLiteCompatibilityWalFlags( 6330): Cannot read global setting sqlite_compatibility_wal_flags - Application state not available
06-23 16:38:30.458 E/ActivityThread( 6330): Failed to find provider info for com.tencent.mm.coolassist.debugprovider
06-23 16:38:30.551 V/NativeCrash( 6330): Alternative stack installed.
06-23 16:38:30.551 V/NativeCrash( 6330): Signal handler installed.
06-23 16:38:30.558 V/RabbitEye( 6330): Alternative stack installed.
06-23 16:38:30.558 V/RabbitEye( 6330): Signal handler installed.
06-23 16:38:30.710 D/HARDCODER( 6330): [com_tencent_mm_hardcoder_HardCoderJNI.cpp,Java_com_tencent_mm_hardcoder_HardCoderJNI_setDebug:415]"setDebug: 1"
06-23 16:38:30.714 D/HARDCODER( 6330): [com_tencent_mm_hardcoder_HardCoderJNI.cpp,Java_com_tencent_mm_hardcoder_HardCoderJNI_setHCEnable:400]"setEnable: 1"
06-23 16:38:30.714 D/HARDCODER( 6330): [client.h,setEnable:422]"setEnable 1 to 1, restart:0"
06-23 16:38:30.714 W/[GT]ColdPool#0( 6330): type=1400 audit(0.0:57388): avc: denied { connectto } for path=006D6975695F626F6F73746572 scontext=u:r:untrusted_app:s0:c218,c256,c512,c768 tcontext=u:r:miuibooster:s0 tclass=unix_stream_socket permissive=0
06-23 16:38:30.720 D/HARDCODER( 6330): [com_tencent_mm_hardcoder_HardCoderJNI.cpp,Java_com_tencent_mm_hardcoder_HardCoderJNI_initHardCoder:152]"initHardCoder, start."
06-23 16:38:30.720 D/HARDCODER( 6330): [client.h,init:476]"init m_remote:miui_booster, HEADER_VERSION:4"
06-23 16:38:30.720 D/HARDCODER( 6330): [client.h,tryStartEngine:370]"tryStartEngine, TimeDiff:939872832, remote:miui_booster, running:-1"
06-23 16:38:30.720 W/HARDCODER( 6330): [localsocket.h,uninit:215]"uninit, pipe:[0,0], m_fd:0, queue:0, flag:1"
06-23 16:38:30.720 D/HARDCODER( 6330): [localsocket.h,createSocket:249]"createSocket, localPath: com.tencent.mm.hardcoder.client.sock, remotePath: miui_booster"
06-23 16:38:30.721 W/HARDCODER( 6330): [localsocket.h,createSocket:310]"createSocket, connect socket, ret:-1, local:com.tencent.mm.hardcoder.client.sock, remote:miui_booster"
06-23 16:38:30.721 E/HARDCODER( 6330): [localsocket.h,createSocket:333]"createSocket, connect failed ret:-1 fd:101 path:miui_booster"
06-23 16:38:30.721 W/HARDCODER( 6330): [localsocket.h,uninit:215]"uninit, pipe:[99,100], m_fd:0, queue:0, flag:0"
06-23 16:38:30.721 D/HARDCODER( 6330): [com_tencent_mm_hardcoder_HardCoderJNI.cpp,Java_com_tencent_mm_hardcoder_HardCoderJNI_initHardCoder:157]"initHardCoder, end."
06-23 16:38:31.044 D/IdProviderImpl( 6330): getOAID
06-23 16:38:31.455 D/NetworkSecurityConfig( 6330): Using Network Security Config from resource bn debugBuild: false
06-23 16:38:31.710 E/crash_dump64( 6347): cannot open libmiuindbg.so: No such file or directory
06-23 16:38:31.714 D/PowerKeeper.Event( 3547): notifyAMCrash packageName: 0, pid:2337
06-23 16:38:31.721 W/ActivityManager( 2337):   Force finishing activity com.tencent.mm/.plugin.webview.ui.tools.WebViewUI
06-23 16:38:31.727 I/chatty  ( 2337): uid=1000 system_server expire 1 line
06-23 16:38:31.738 E//system/bin/tombstoned( 1133): Tombstone written to: /data/tombstones/tombstone_01
06-23 16:38:31.738 W/ActivityManager( 2337):   Force finishing activity com.tencent.mm/.ui.LauncherUI
06-23 16:38:31.749 W/DropBoxManagerService( 2337): Dropping: data_app_native_crash (10 > 0 bytes)
06-23 16:38:31.771 D/Launcher( 2762): get showing item successandroid.graphics.Bitmap@a199b62
06-23 16:38:31.772 E/lowmemorykiller(  798): Error writing /proc/5932/oom_score_adj; errno=22
06-23 16:38:31.797 D/ConnectivityService( 2337): ConnectivityService NetworkRequestInfo binderDied(NetworkRequest [ TRACK_DEFAULT id=820, [ Capabilities: INTERNET&NOT_RESTRICTED&TRUSTED Unwanted:  Uid: 10218] ], android.os.BinderProxy@80ad48a)
06-23 16:38:31.798 D/ConnectivityService( 2337): ConnectivityService NetworkRequestInfo binderDied(NetworkRequest [ LISTEN id=821, [ Capabilities: INTERNET&NOT_RESTRICTED&TRUSTED Unwanted:  Uid: 10218] ], android.os.BinderProxy@61abafb)
06-23 16:38:31.800 D/ConnectivityService( 2337): ConnectivityService NetworkRequestInfo binderDied(NetworkRequest [ LISTEN id=823, [ Capabilities: INTERNET&NOT_RESTRICTED&TRUSTED Unwanted:  Uid: 10218] ], android.os.BinderProxy@77c4718)
06-23 16:38:31.802 I/WindowManager( 2337): WIN DEATH: Window{1aa6b0e u0 com.tencent.mm/com.tencent.mm.plugin.webview.ui.tools.WebViewUI}
06-23 16:38:31.803 D/ConnectivityService( 2337): ConnectivityService NetworkRequestInfo binderDied(NetworkRequest [ TRACK_DEFAULT id=822, [ Capabilities: INTERNET&NOT_RESTRICTED&TRUSTED Unwanted:  Uid: 10218] ], android.os.BinderProxy@223c571)
06-23 16:38:31.805 I/ActivityManager( 2337): Process com.tencent.mm:tools (pid 5932) has died: vis  +99TOP 
06-23 16:38:31.810 D/QcrilMsgTunnelIfaceManager( 2923): handleMessage what = 1
06-23 16:38:31.811 D/PowerKeeper.Event( 3547): notifyAMProcDied pacakageName: com.tencent.mm:tools, pid:5932
06-23 16:38:31.815 I/Zygote  ( 1065): Process 5932 exited due to signal (6)
06-23 16:38:31.816 I/chatty  ( 2337): uid=1000(system) ActivityManager expire 25 lines
06-23 16:38:31.817 I/QcrilOemhookMsgTunnel( 2923): [0]invokeOemRilRequestRaw: serial=2466 length=24
06-23 16:38:31.819 I/QcrilOemhookMsgTunnel( 2923): [0]processOemHookResponse serial no: 2466 error: 0length=0
06-23 16:38:31.820 D/QcrilMsgTunnelIfaceManager( 2923): handleMessage what = 2
06-23 16:38:31.822 D/QcrilMsgTunnelIfaceManager( 2923): handleMessage what = 1
06-23 16:38:31.824 I/QcrilOemhookMsgTunnel( 2923): [1]invokeOemRilRequestRaw: serial=2467 length=24
06-23 16:38:31.827 I/QcrilOemhookMsgTunnel( 2923): [0]processOemHookIndication length=28
06-23 16:38:31.828 D/QcrilMsgTunnelIfaceManager( 2923): handleMessage what = 0
06-23 16:38:31.829 I/QcrilOemhookMsgTunnel( 2923): [1]processOemHookResponse serial no: 2467 error: 0length=0
06-23 16:38:31.832 I/QcrilOemhookMsgTunnel( 2923): [1]processOemHookIndication length=28
06-23 16:38:31.843 W/SurfaceFlinger(  799): Attempting to set client state on removed layer: com.tencent.mm/com.tencent.mm.plugin.webview.ui.tools.WebViewUI#0
06-23 16:38:31.843 W/SurfaceFlinger(  799): Attempting to destroy on removed layer: com.tencent.mm/com.tencent.mm.plugin.webview.ui.tools.WebViewUI#0
06-23 16:38:31.854 D/WindowManager( 2337): Fetching specs wasn't finished in time.
06-23 16:38:31.858 I/chatty  ( 2337): uid=1000(system) Binder:2337_1D expire 2 lines
06-23 16:38:31.868 I/Timeline( 2337): Timeline: App_transition_ready time:30027960
06-23 16:38:31.871 W/BroadcastQueue( 2337): Permission Denial: broadcasting Intent { act=com.tencent.mm.ui.ACTION_DEACTIVE flg=0x10 (has extras) } from com.tencent.mm (pid=5358, uid=10218) is not exported from uid 10166 due to receiver com.snda.wifilocating/com.lantern.analytics.receiver.NetworkReceiver
06-23 16:38:31.878 D/QcrilMsgTunnelIfaceManager( 2923): handleMessage what = 2
06-23 16:38:31.878 D/QcrilMsgTunnelIfaceManager( 2923): handleMessage what = 0
06-23 16:38:31.884 W/ActivityManager( 2337): setHasOverlayUi called on unknown pid: 5932
06-23 16:38:31.885 D/TouchAssistant( 6962): getPackageNameFromPid packageName:com.miui.home
06-23 16:38:31.885 D/TouchAssistant( 6962): onTopAppChanged packageName:com.miui.home
06-23 16:38:31.885 D/TouchAssistant( 6962): onTopAppChanged show
06-23 16:38:31.887 I/Timeline( 2337): Timeline: App_transition_ready time:30027979
06-23 16:38:31.889 D/TouchAssistant( 6962): AssistantWindowHelper isWeltHidden
06-23 16:38:31.889 D/TouchAssistant( 6962): AssistantWindowHelper forceSlideAway()
06-23 16:38:31.891 I/octvm_power( 3160): power mode [home] start 1624437511
06-23 16:38:31.891 I/chatty  ( 3341): uid=1000(system) Binder:3341_8 expire 1 line
06-23 16:38:31.891 I/octvm_power( 3160): Action: set_bcbc_cust_state(disable) for [foreground_change]
06-23 16:38:31.898 D/QcrilMsgTunnelIfaceManager( 2923): handleMessage what = 1
