06-23 16:34:17.283 D/CleanCloud( 1332): isUseAbroadServer,bRet=false
06-23 16:34:17.283 D/CleanCloud( 1332): isUseAbroadServer,mcc=460
06-23 16:34:17.284 D/CleanCloud( 1332): isUseAbroadServer,bRet=false
06-23 16:34:17.612 I/chatty  ( 1223): uid=10114(com.android.fileexplorer) expire 1 line
06-23 16:34:17.698 I/BinderManager( 1332): action:com.cleanmaster.action.sdk.CleanService   bindCount : 0
06-23 16:34:17.969 E/ANDR-PERF-MPCTL(  779): Invalid profile no. 0, total profiles 0 only
06-23 16:34:18.036 I/chatty  ( 1223): uid=10114(com.android.fileexplorer) expire 1 line
06-23 16:34:18.214 D/DMS_DownloadService(29356): updateLocked enter 
06-23 16:34:18.245 D/DMS_DownloadService(29356): Download 6: activeDownload=false, activeScan=false nextActionMillis=9223372036854775807
06-23 16:34:18.245 D/DMS_DownloadService(29356): Download 22: activeDownload=false, activeScan=false nextActionMillis=9223372036854775807
06-23 16:34:18.245 D/DMS_DownloadService(29356): Download 24: activeDownload=false, activeScan=false nextActionMillis=9223372036854775807
06-23 16:34:18.245 D/DMS_DownloadService(29356): Download 49: activeDownload=false, activeScan=false nextActionMillis=9223372036854775807
06-23 16:34:18.246 D/DMS_DownloadService(29356): Download 55: activeDownload=false, activeScan=false nextActionMillis=9223372036854775807
06-23 16:34:18.246 D/DMS_DownloadService(29356): Download 65: activeDownload=false, activeScan=false nextActionMillis=9223372036854775807
06-23 16:34:18.246 D/DMS_DownloadService(29356): Download 76: activeDownload=false, activeScan=false nextActionMillis=9223372036854775807
06-23 16:34:18.246 D/DMS_DownloadService(29356): Download 77: activeDownload=false, activeScan=false nextActionMillis=9223372036854775807
06-23 16:34:18.246 D/DMS_DownloadService(29356): Download 82: activeDownload=false, activeScan=false nextActionMillis=9223372036854775807
06-23 16:34:18.247 D/DMS_DownloadService(29356): Download 83: activeDownload=false, activeScan=false nextActionMillis=9223372036854775807
06-23 16:34:18.247 D/DMS_DownloadService(29356): Download 86: activeDownload=false, activeScan=false nextActionMillis=9223372036854775807
06-23 16:34:18.247 D/DMS_DownloadService(29356): Download 107: activeDownload=false, activeScan=false nextActionMillis=9223372036854775807
06-23 16:34:18.247 D/DMS_DownloadService(29356): Download 109: activeDownload=false, activeScan=false nextActionMillis=9223372036854775807
06-23 16:34:18.249 D/DMS_DownloadService(29356): Download 111: activeDownload=false, activeScan=false nextActionMillis=9223372036854775807
06-23 16:34:18.249 D/DMS_DownloadService(29356): Download 112: activeDownload=false, activeScan=false nextActionMillis=9223372036854775807
06-23 16:34:18.249 D/DMS_DownloadService(29356): Download 130: activeDownload=false, activeScan=false nextActionMillis=9223372036854775807
06-23 16:34:18.249 D/DMS_DownloadService(29356): Download 136: activeDownload=false, activeScan=false nextActionMillis=9223372036854775807
06-23 16:34:18.250 D/DMS_DownloadService(29356): Download 156: activeDownload=false, activeScan=false nextActionMillis=9223372036854775807
06-23 16:34:18.250 D/DMS_DownloadService(29356): Download 157: activeDownload=false, activeScan=false nextActionMillis=9223372036854775807
06-23 16:34:18.250 D/DMS_DownloadService(29356): Download 158: activeDownload=false, activeScan=false nextActionMillis=9223372036854775807
06-23 16:34:18.250 D/DMS_DownloadService(29356): Download 160: activeDownload=false, activeScan=false nextActionMillis=9223372036854775807
06-23 16:34:18.250 D/DMS_DownloadService(29356): Download 277: activeDownload=false, activeScan=false nextActionMillis=9223372036854775807
06-23 16:34:18.253 D/DMS_DownloadService(29356): Download 321: activeDownload=false, activeScan=false nextActionMillis=9223372036854775807
06-23 16:34:18.254 D/DMS_DownloadService(29356): Download 348: activeDownload=false, activeScan=false nextActionMillis=9223372036854775807
06-23 16:34:18.255 D/DMS_DownloadService(29356): Download 351: activeDownload=false, activeScan=false nextActionMillis=9223372036854775807
06-23 16:34:18.255 D/DMS_DownloadService(29356): Download 357: activeDownload=false, activeScan=false nextActionMillis=9223372036854775807
06-23 16:34:18.255 D/DMS_DownloadService(29356): cusor close before
06-23 16:34:18.256 D/DMS_DownloadService(29356): cusor close after
06-23 16:34:18.264 D/DMS_DownloadService(29356): updateLocked exit totalTime=49 isActive=false nextActionMillis=9223372036854775807
06-23 16:34:18.341 D/DownloadManager(29356): Thread[pool-1-thread-1,5,main]: [java.lang.Object.wait(Native Method), java.lang.Thread.parkFor$(Thread.java:2137), sun.misc.Unsafe.park(Unsafe.java:358), java.util.concurrent.locks.LockSupport.park(LockSupport.java:190), java.util.concurrent.locks.AbstractQueuedSynchronizer$ConditionObject.await(AbstractQueuedSynchronizer.java:2059), java.util.concurrent.LinkedBlockingQueue.take(LinkedBlockingQueue.java:442), java.util.concurrent.ThreadPoolExecutor.getTask(ThreadPoolExecutor.java:1092), java.util.concurrent.ThreadPoolExecutor.runWorker(ThreadPoolExecutor.java:1152), java.util.concurrent.ThreadPoolExecutor$Worker.run(ThreadPoolExecutor.java:641), java.lang.Thread.run(Thread.java:764)]
06-23 16:34:18.341 D/DownloadManager(29356): Thread[pool-7-thread-1,5,main]: [java.lang.Object.wait(Native Method), java.lang.Thread.parkFor$(Thread.java:2137), sun.misc.Unsafe.park(Unsafe.java:358), java.util.concurrent.locks.LockSupport.park(LockSupport.java:190), java.util.concurrent.locks.AbstractQueuedSynchronizer$ConditionObject.await(AbstractQueuedSynchronizer.java:2059), java.util.concurrent.LinkedBlockingQueue.take(LinkedBlockingQueue.java:442), java.util.concurrent.ThreadPoolExecutor.getTask(ThreadPoolExecutor.java:1092), java.util.concurrent.ThreadPoolExecutor.runWorker(ThreadPoolExecutor.java:1152), java.util.concurrent.ThreadPoolExecutor$Worker.run(ThreadPoolExecutor.java:641), java.lang.Thread.run(Thread.java:764)]
06-23 16:34:18.348 D/DownloadManager(29356): Thread[pool-6-thread-1,5,main]: [java.lang.Object.wait(Native Method), java.lang.Thread.parkFor$(Thread.java:2137), sun.misc.Unsafe.park(Unsafe.java:358), java.util.concurrent.locks.LockSupport.parkNanos(LockSupport.java:230), java.util.concurrent.locks.AbstractQueuedSynchronizer$ConditionObject.awaitNanos(AbstractQueuedSynchronizer.java:2101), java.util.concurrent.ScheduledThreadPoolExecutor$DelayedWorkQueue.take(ScheduledThreadPoolExecutor.java:1132), java.util.concurrent.ScheduledThreadPoolExecutor$DelayedWorkQueue.take(ScheduledThreadPoolExecutor.java:849), java.util.concurrent.ThreadPoolExecutor.getTask(ThreadPoolExecutor.java:1092), java.util.concurrent.ThreadPoolExecutor.runWorker(ThreadPoolExecutor.java:1152), java.util.concurrent.ThreadPoolExecutor$Worker.run(ThreadPoolExecutor.java:641), java.lang.Thread.run(Thread.java:764)]
06-23 16:34:18.348 D/DownloadManager(29356): Thread[pool-5-thread-1,5,main]: [java.lang.Object.wait(Native Method), java.lang.Thread.parkFor$(Thread.java:2137), sun.misc.Unsafe.park(Unsafe.java:358), java.util.concurrent.locks.LockSupport.park(LockSupport.java:190), java.util.concurrent.locks.AbstractQueuedSynchronizer$ConditionObject.await(AbstractQueuedSynchronizer.java:2059), java.util.concurrent.LinkedBlockingQueue.take(LinkedBlockingQueue.java:442), java.util.concurrent.ThreadPoolExecutor.getTask(ThreadPoolExecutor.java:1092), java.util.concurrent.ThreadPoolExecutor.runWorker(ThreadPoolExecutor.java:1152), java.util.concurrent.ThreadPoolExecutor$Worker.run(ThreadPoolExecutor.java:641), java.lang.Thread.run(Thread.java:764)]
06-23 16:34:18.348 D/DownloadManager(29356): Thread[pool-8-thread-1,5,main]: [java.lang.Object.wait(Native Method), java.lang.Thread.parkFor$(Thread.java:2137), sun.misc.Unsafe.park(Unsafe.java:358), java.util.concurrent.locks.LockSupport.park(LockSupport.java:190), java.util.concurrent.locks.AbstractQueuedSynchronizer$ConditionObject.await(AbstractQueuedSynchronizer.java:2059), java.util.concurrent.LinkedBlockingQueue.take(LinkedBlockingQueue.java:442), java.util.concurrent.ThreadPoolExecutor.getTask(ThreadPoolExecutor.java:1092), java.util.concurrent.ThreadPoolExecutor.runWorker(ThreadPoolExecutor.java:1152), java.util.concurrent.ThreadPoolExecutor$Worker.run(ThreadPoolExecutor.java:641), java.lang.Thread.run(Thread.java:764)]
06-23 16:34:18.348 D/DownloadManager(29356): Thread[pool-4-thread-1,5,main]: [java.lang.Object.wait(Native Method), java.lang.Thread.parkFor$(Thread.java:2137), sun.misc.Unsafe.park(Unsafe.java:358), java.util.concurrent.locks.LockSupport.park(LockSupport.java:190), java.util.concurrent.locks.AbstractQueuedSynchronizer$ConditionObject.await(AbstractQueuedSynchronizer.java:2059), java.util.concurrent.LinkedBlockingQueue.take(LinkedBlockingQueue.java:442), java.util.concurrent.ThreadPoolExecutor.getTask(ThreadPoolExecutor.java:1092), java.util.concurrent.ThreadPoolExecutor.runWorker(ThreadPoolExecutor.java:1152), java.util.concurrent.ThreadPoolExecutor$Worker.run(ThreadPoolExecutor.java:641), java.lang.Thread.run(Thread.java:764)]
06-23 16:34:18.348 D/DownloadService(29356): Final update pass triggered, isActive=false; someone didn't update correctly.
06-23 16:34:18.349 E/ActivityThread(29356): Failed to find provider info for com.miui.whetstone
06-23 16:34:18.360 D/PersistServiceUtil(29356): call whetstone fail values=is_persist=false service_name=com.android.providers.downloads/.service.DownloadService
06-23 16:34:18.360 D/DownloadService(29356): Nothing left; stopped  startId=1
06-23 16:34:18.360 D/DMS_DownloadService(29356): onDestroy
06-23 16:34:18.361 D/DMS_profile_test(29356): false
06-23 16:34:18.604 E/ANDR-PERF-MPCTL(  779): Invalid profile no. 0, total profiles 0 only
06-23 16:34:18.678 I/BinderManager( 1332): action:com.cleanmaster.action.sdk.CleanService   bindCount : 1
06-23 16:34:18.678 I/BinderManager( 1332): cant find cached binderbind service thread:Thread[Binder:1332_2,5,main]
06-23 16:34:18.684 D/CleanCloud( 1332): isUseAbroadServer,mcc=460
06-23 16:34:18.684 D/CleanCloud( 1332): isUseAbroadServer,bRet=false
06-23 16:34:18.685 D/CleanCloud( 1332): isInIndia,mcc=460
06-23 16:34:18.685 D/CleanCloud( 1332): isInIndia bRet=false
06-23 16:34:18.687 D/CleanCloud( 1332): isUseAbroadServer,mcc=460
06-23 16:34:18.687 D/CleanCloud( 1332): isUseAbroadServer,bRet=false
06-23 16:34:18.688 D/CleanCloud( 1332): isInIndia,mcc=460
06-23 16:34:18.688 D/CleanCloud( 1332): isInIndia bRet=false
06-23 16:34:18.688 D/CleanCloud( 1332): isUseAbroadServer,mcc=460
06-23 16:34:18.688 D/CleanCloud( 1332): isUseAbroadServer,bRet=false
06-23 16:34:18.689 D/CleanCloud( 1332): isUseAbroadServer,mcc=460
06-23 16:34:18.689 D/CleanCloud( 1332): isUseAbroadServer,bRet=false
06-23 16:34:18.690 D/CleanCloud( 1332): isUseAbroadServer,mcc=460
06-23 16:34:18.690 D/CleanCloud( 1332): isUseAbroadServer,bRet=false
06-23 16:34:18.691 I/chatty  ( 1223): uid=10114(com.android.fileexplorer) expire 63 lines
06-23 16:34:18.746 D/FileExplorer( 1223): DirParseService onQueryItem:ShouJiKong index:32 finalCount:19
06-23 16:34:18.749 D/FileExplorer( 1223): DirParseService onQueryItemEnd: ShouJiKong 
06-23 16:34:18.749 D/FileExplorer( 1223): DirParseService onQueryItem:CSDNDownload index:33 finalCount:19
06-23 16:34:18.750 D/FileExplorer( 1223): DirParseService onQueryItemEnd: CSDNDownload 
06-23 16:34:18.751 D/FileExplorer( 1223): DirParseService onQueryItem: index:34 finalCount:19
06-23 16:34:18.752 D/FileExplorer( 1223): DirParseService onQueryItemEnd:  
06-23 16:34:18.752 D/FileExplorer( 1223): DirParseService onQueryItem: index:35 finalCount:19
06-23 16:34:18.754 D/FileExplorer( 1223): DirParseService onQueryItemEnd:  
06-23 16:34:18.754 D/FileExplorer( 1223): DirParseService onQueryItem:kgmusic index:36 finalCount:19
06-23 16:34:18.756 D/FileExplorer( 1223): DirParseService onQueryItemEnd: kgmusic 
06-23 16:34:18.756 D/FileExplorer( 1223): DirParseService onQueryItem:net.csdn.csdnplus index:37 finalCount:19
06-23 16:34:18.758 D/FileExplorer( 1223): DirParseService onQueryItemEnd: net.csdn.csdnplus 
06-23 16:34:18.758 D/FileExplorer( 1223): DirParseService onQueryItem: index:38 finalCount:19
06-23 16:34:18.759 D/FileExplorer( 1223): DirParseService onQueryItemEnd:  
06-23 16:34:18.759 D/FileExplorer( 1223): DirParseService onQueryItem:com.tencent.mtt index:39 finalCount:19
06-23 16:34:18.761 D/FileExplorer( 1223): DirParseService onQueryItemEnd: com.tencent.mtt 
06-23 16:34:18.761 D/FileExplorer( 1223): DirParseService onQueryItem:documents index:40 finalCount:19
06-23 16:34:18.762 D/FileExplorer( 1223): DirParseService onQueryItemEnd: documents 
06-23 16:34:18.763 D/FileExplorer( 1223): DirParseService onQueryItem:szzf index:41 finalCount:19
06-23 16:34:18.764 D/FileExplorer( 1223): DirParseService onQueryItemEnd: szzf 
06-23 16:34:18.764 D/FileExplorer( 1223): DirParseService onQueryItem: index:42 finalCount:19
06-23 16:34:18.766 D/FileExplorer( 1223): DirParseService onQueryItemEnd:  
06-23 16:34:18.766 D/FileExplorer( 1223): DirParseService onQueryItem:mimoDownload index:43 finalCount:19
06-23 16:34:18.767 D/FileExplorer( 1223): DirParseService onQueryItemEnd: mimoDownload 
06-23 16:34:18.767 D/FileExplorer( 1223): DirParseService onQueryItem:AppSearch index:44 finalCount:19
06-23 16:34:18.769 D/FileExplorer( 1223): DirParseService onQueryItemEnd: AppSearch 
06-23 16:34:18.769 D/FileExplorer( 1223): DirParseService onQueryItem:JDIM index:45 finalCount:19
06-23 16:34:18.771 D/FileExplorer( 1223): DirParseService onQueryItemEnd: JDIM 
06-23 16:34:18.771 D/FileExplorer( 1223): DirParseService onQueryItem:app index:46 finalCount:19
06-23 16:34:18.772 I/Timeline( 1223): Timeline: Activity_launch_request time:29774864 intent:Intent { flg=0x20000000 cmp=com.android.fileexplorer/.activity.SearchDetailActivity }
06-23 16:34:18.772 D/FileExplorer( 1223): DirParseService onQueryItemEnd: app 
06-23 16:34:18.773 D/FileExplorer( 1223): DirParseService onQueryItem:mivideo index:47 finalCount:19
06-23 16:34:18.773 I/ActivityManager( 2337): START u0 {flg=0x20000000 cmp=com.android.fileexplorer/.activity.SearchDetailActivity} from uid 10114
06-23 16:34:18.774 D/FileExplorer( 1223): DirParseService onQueryItemEnd: mivideo 
06-23 16:34:18.774 D/FileExplorer( 1223): DirParseService onQueryItem: index:48 finalCount:19
06-23 16:34:18.775 D/FileExplorer( 1223): DirParseService onQueryItemEnd:  
06-23 16:34:18.776 D/FileExplorer( 1223): DirParseService onQueryItem:zhongxinjiantou.szkingdom.android.newphone index:49 finalCount:19
06-23 16:34:18.777 D/FileExplorer( 1223): DirParseService onQueryItemEnd: zhongxinjiantou.szkingdom.android.newphone 
06-23 16:34:18.777 D/FileExplorer( 1223): DirParseService onQueryItem:com.tencent.mm index:50 finalCount:19
06-23 16:34:18.779 D/FileExplorer( 1223): DirParseService onQueryItemEnd: com.tencent.mm 
06-23 16:34:18.779 D/FileExplorer( 1223): DirParseService onQueryItem:com.MobileTicket index:51 finalCount:19
06-23 16:34:18.780 D/FileExplorer( 1223): DirParseService onQueryItemEnd: com.MobileTicket 
06-23 16:34:18.781 D/FileExplorer( 1223): DirParseService onQueryItem:AlivcData index:52 finalCount:19
06-23 16:34:18.782 D/FileExplorer( 1223): DirParseService onQueryItemEnd: AlivcData 
06-23 16:34:18.782 D/FileExplorer( 1223): DirParseService onQueryItem: index:53 finalCount:19
06-23 16:34:18.784 D/FileExplorer( 1223): DirParseService onQueryItemEnd:  
06-23 16:34:18.784 D/FileExplorer( 1223): DirParseService onQueryItem:kds index:54 finalCount:19
06-23 16:34:18.787 D/FileExplorer( 1223): DirParseService onQueryItemEnd: kds 
06-23 16:34:18.787 D/FileExplorer( 1223): DirParseService onQueryItem:Mob index:55 finalCount:19
06-23 16:34:18.788 D/FileExplorer( 1223): DirParseService onQueryItemEnd: Mob 
06-23 16:34:18.789 D/FileExplorer( 1223): DirParseService onQueryItem:oray index:56 finalCount:19
06-23 16:34:18.790 D/FileExplorer( 1223): DirParseService onQueryItemEnd: oray 
06-23 16:34:18.790 D/FileExplorer( 1223): DirParseService onQueryItem:yymobile index:57 finalCount:19
06-23 16:34:18.793 D/FileExplorer( 1223): DirParseService onQueryItemEnd: yymobile YY
06-23 16:34:18.793 D/FileExplorer( 1223): DirParseService onQueryItem:null index:58 finalCount:19
06-23 16:34:18.794 D/FileExplorer( 1223): DirParseService onQueryItemEnd: null 
06-23 16:34:18.795 D/FileExplorer( 1223): DirParseService onQueryItem:yysdk index:59 finalCount:19
06-23 16:34:18.796 D/FileExplorer( 1223): DirParseService onQueryItemEnd: yysdk 
06-23 16:34:18.796 D/FileExplorer( 1223): DirParseService onQueryItem:YYPushService index:60 finalCount:19
06-23 16:34:18.798 D/FileExplorer( 1223): DirParseService onQueryItemEnd: YYPushService YY
06-23 16:34:18.798 D/FileExplorer( 1223): DirParseService onQueryItem:alipay index:61 finalCount:19
06-23 16:34:18.800 D/FileExplorer( 1223): DirParseService onQueryItemEnd: alipay 
06-23 16:34:18.800 D/FileExplorer( 1223): DirParseService onQueryItem:TouchSprite index:62 finalCount:19
06-23 16:34:18.801 D/FileExplorer( 1223): DirParseService onQueryItemEnd: TouchSprite 
06-23 16:34:18.801 D/FileExplorer( 1223): DirParseService onQueryItem:com.tencent.qqpimsecure_TMF_4_C index:63 finalCount:19
06-23 16:34:18.802 D/FileExplorer( 1223): DirParseService onQueryItemEnd: com.tencent.qqpimsecure_TMF_4_C 
06-23 16:34:18.802 D/FileExplorer( 1223): DirParseService onQueryItem:JAVA index:64 finalCount:19
06-23 16:34:18.804 D/FileExplorer( 1223): DirParseService onQueryItemEnd: JAVA 
06-23 16:34:18.804 D/FileExplorer( 1223): DirParseService onQueryItem:com.taf index:65 finalCount:19
06-23 16:34:18.805 D/FileExplorer( 1223): DirParseService onQueryItemEnd: com.taf 
06-23 16:34:18.805 D/FileExplorer( 1223): DirParseService onQueryItem:caton index:66 finalCount:19
06-23 16:34:18.807 D/FileExplorer( 1223): DirParseService onQueryItemEnd: caton 
06-23 16:34:18.807 D/FileExplorer( 1223): DirParseService onQueryItem: index:67 finalCount:19
06-23 16:34:18.808 D/FileExplorer( 1223): DirParseService onQueryItemEnd:  
06-23 16:34:18.809 D/FileExplorer( 1223): DirParseService onQueryItem:wondercv index:68 finalCount:19
06-23 16:34:18.810 D/FileExplorer( 1223): DirParseService onQueryItemEnd: wondercv 
06-23 16:34:18.810 D/FileExplorer( 1223): DirParseService onQueryItem:com.galaxy.stock index:69 finalCount:19
06-23 16:34:18.810 I/Timeline( 2337): Timeline: App_transition_ready time:29774902
06-23 16:34:18.812 D/FileExplorer( 1223): DirParseService onQueryItemEnd: com.galaxy.stock 
06-23 16:34:18.812 D/FileExplorer( 1223): DirParseService onQueryItem:fs index:70 finalCount:19
06-23 16:34:18.812 W/ActivityThread( 1223): handleWindowVisibility: no activity for token android.os.BinderProxy@f1210aa
06-23 16:34:18.813 D/FileExplorer( 1223): DirParseService onQueryItemEnd: fs 
06-23 16:34:18.813 D/FileExplorer( 1223): DirParseService onQueryItem:ssdk index:71 finalCount:19
06-23 16:34:18.815 D/ViewContentFactory( 1223): initViewContentFetcherClass
06-23 16:34:18.815 D/FileExplorer( 1223): DirParseService onQueryItemEnd: ssdk 
06-23 16:34:18.815 I/ContentCatcher( 1223): ViewContentFetcher : ViewContentFetcher
06-23 16:34:18.815 D/ViewContentFactory( 1223): createInterceptor took 0ms
06-23 16:34:18.815 D/FileExplorer( 1223): DirParseService onQueryItem:dsdk index:72 finalCount:19
06-23 16:34:18.817 D/FileExplorer( 1223): DirParseService onQueryItemEnd: dsdk 
06-23 16:34:18.817 D/FileExplorer( 1223): DirParseService onQueryItem:MiMobile index:73 finalCount:19
06-23 16:34:18.818 D/FileExplorer( 1223): DirParseService onQueryItemEnd: MiMobile 
06-23 16:34:18.818 D/FileExplorer( 1223): DirParseService onQueryItem:360Download index:74 finalCount:19
06-23 16:34:18.822 D/FileExplorer( 1223): DirParseService onQueryItemEnd: 360Download 360
06-23 16:34:18.822 D/FileExplorer( 1223): DirParseService onQueryItem:pgame index:75 finalCount:19
06-23 16:34:18.824 D/FileExplorer( 1223): DirParseService onQueryItemEnd: pgame 
06-23 16:34:18.824 D/FileExplorer( 1223): DirParseService onQueryItem:carrot3dj index:76 finalCount:19
06-23 16:34:18.826 D/FileExplorer( 1223): DirParseService onQueryItemEnd: carrot3dj 
06-23 16:34:18.827 D/FileExplorer( 1223): DirParseService onQueryItem:com.tencent.mobileqq index:77 finalCount:19
06-23 16:34:18.831 D/FileExplorer( 1223): DirParseService onQueryItemEnd: com.tencent.mobileqq QQ
06-23 16:34:18.832 D/FileExplorer( 1223): DirParseService onQueryItem:voip-data index:78 finalCount:19
06-23 16:34:18.833 D/FileExplorer( 1223): DirParseService onQueryItemEnd: voip-data 
06-23 16:34:18.833 D/FileExplorer( 1223): DirParseService onQueryItem:com.offcn.zhibo index:79 finalCount:19
06-23 16:34:18.835 D/FileExplorer( 1223): DirParseService onQueryItemEnd: com.offcn.zhibo 
06-23 16:34:18.835 D/FileExplorer( 1223): DirParseService onQueryItem:com.lzx.read index:80 finalCount:19
06-23 16:34:18.837 D/FileExplorer( 1223): DirParseService onQueryItemEnd: com.lzx.read 
06-23 16:34:18.837 D/FileExplorer( 1223): DirParseService onQueryItem:txrtmp index:81 finalCount:19
06-23 16:34:18.839 D/FileExplorer( 1223): DirParseService onQueryItemEnd: txrtmp 
06-23 16:34:18.839 D/FileExplorer( 1223): DirParseService onQueryItem: index:82 finalCount:19
06-23 16:34:18.841 D/FileExplorer( 1223): DirParseService onQueryItemEnd:  
06-23 16:34:18.841 D/FileExplorer( 1223): DirParseService onQueryItem: index:83 finalCount:19
06-23 16:34:18.842 D/FileExplorer( 1223): DirParseService onQueryItemEnd:  
06-23 16:34:18.843 D/FileExplorer( 1223): DirParseService onQueryItem:Catfish index:84 finalCount:19
06-23 16:34:18.844 D/FileExplorer( 1223): DirParseService onQueryItemEnd: Catfish 
06-23 16:34:18.844 D/FileExplorer( 1223): DirParseService onQueryItem:lianjia index:85 finalCount:19
06-23 16:34:18.845 D/FileExplorer( 1223): DirParseService onQueryItemEnd: lianjia 
06-23 16:34:18.845 D/FileExplorer( 1223): DirParseService onQueryItem:yy_video index:86 finalCount:19
06-23 16:34:18.846 I/Timeline( 2337): Timeline: App_transition_ready time:29774938
06-23 16:34:18.847 D/FileExplorer( 1223): DirParseService onQueryItemEnd: yy_video 
06-23 16:34:18.847 D/FileExplorer( 1223): DirParseService onQueryItem:iciba index:87 finalCount:19
06-23 16:34:18.850 D/FileExplorer( 1223): DirParseService onQueryItemEnd: iciba 
06-23 16:34:18.850 D/FileExplorer( 1223): DirParseService onQueryItem:com.zhaopin.social index:88 finalCount:19
06-23 16:34:18.852 D/FileExplorer( 1223): DirParseService onQueryItemEnd: com.zhaopin.social 
06-23 16:34:18.852 D/FileExplorer( 1223): DirParseService onQueryItem:Zhaopin index:89 finalCount:19
06-23 16:34:18.853 D/FileExplorer( 1223): DirParseService onQueryItemEnd: Zhaopin 
06-23 16:34:18.854 D/FileExplorer( 1223): DirParseService onQueryItem:360freewifi index:90 finalCount:19
06-23 16:34:18.856 D/FileExplorer( 1223): DirParseService onQueryItemEnd: 360freewifi 360WiFi
06-23 16:34:18.856 D/FileExplorer( 1223): DirParseService onQueryItem:ramfs_ext index:91 finalCount:19
06-23 16:34:18.858 D/FileExplorer( 1223): DirParseService onQueryItemEnd: ramfs_ext 
06-23 16:34:18.858 D/FileExplorer( 1223): DirParseService onQueryItem: index:92 finalCount:19
06-23 16:34:18.860 D/FileExplorer( 1223): DirParseService onQueryItemEnd:  
06-23 16:34:18.860 D/FileExplorer( 1223): DirParseService onQueryItem: index:93 finalCount:19
06-23 16:34:18.861 D/FileExplorer( 1223): DirParseService onQueryItemEnd:  
06-23 16:34:18.861 D/FileExplorer( 1223): DirParseService onQueryItem:Geetest index:94 finalCount:19
06-23 16:34:18.863 D/FileExplorer( 1223): DirParseService onQueryItemEnd: Geetest 
06-23 16:34:18.863 D/FileExplorer( 1223): DirParseService onQueryItem:userexperience index:95 finalCount:19
06-23 16:34:18.865 D/FileExplorer( 1223): DirParseService onQueryItemEnd: userexperience 
06-23 16:34:18.865 D/FileExplorer( 1223): DirParseService onQueryItem:zhaopin_sd_files index:96 finalCount:19
06-23 16:34:18.866 D/FileExplorer( 1223): DirParseService onQueryItemEnd: zhaopin_sd_files 
06-23 16:34:18.867 D/FileExplorer( 1223): DirParseService onQueryItem:Installation index:97 finalCount:19
06-23 16:34:18.869 D/FileExplorer( 1223): DirParseService onQueryItemEnd: Installation 
06-23 16:34:18.870 D/FileExplorer( 1223): DirParseService onQueryItem:minivision index:98 finalCount:19
06-23 16:34:18.871 D/FileExplorer( 1223): DirParseService onQueryItemEnd: minivision 
06-23 16:34:18.872 D/FileExplorer( 1223): DirParseService onQueryItem:OSSLog index:99 finalCount:19
06-23 16:34:18.873 D/FileExplorer( 1223): DirParseService onQueryItemEnd: OSSLog 
06-23 16:34:18.873 D/FileExplorer( 1223): DirParseService onQueryItem:Qmap index:100 finalCount:19
06-23 16:34:18.875 D/FileExplorer( 1223): DirParseService onQueryItemEnd: Qmap 
06-23 16:34:18.875 D/FileExplorer( 1223): DirParseService onQueryItem:JRTyrell index:101 finalCount:19
06-23 16:34:18.877 D/FileExplorer( 1223): DirParseService onQueryItemEnd: JRTyrell 
06-23 16:34:18.877 D/FileExplorer( 1223): DirParseService onQueryItem:zeus index:102 finalCount:19
06-23 16:34:18.878 D/FileExplorer( 1223): DirParseService onQueryItemEnd: zeus 
06-23 16:34:18.878 D/FileExplorer( 1223): DirParseService onQueryItem: index:103 finalCount:19
06-23 16:34:18.880 D/FileExplorer( 1223): DirParseService onQueryItemEnd:  
06-23 16:34:18.880 D/FileExplorer( 1223): DirParseService onQueryItem:temp index:104 finalCount:19
06-23 16:34:18.881 D/FileExplorer( 1223): DirParseService onQueryItemEnd: temp 
06-23 16:34:18.881 D/FileExplorer( 1223): DirParseService onQueryItem:zhuxuele index:105 finalCount:19
06-23 16:34:18.883 D/FileExplorer( 1223): DirParseService onQueryItemEnd: zhuxuele 
06-23 16:34:18.883 D/FileExplorer( 1223): DirParseService onQueryItem:cache index:106 finalCount:19
06-23 16:34:18.884 D/FileExplorer( 1223): DirParseService onQueryItemEnd: cache 
06-23 16:34:18.884 D/FileExplorer( 1223): DirParseService onQueryItem:zhihu index:107 finalCount:19
06-23 16:34:18.886 D/FileExplorer( 1223): DirParseService onQueryItemEnd: zhihu 
06-23 16:34:18.886 D/FileExplorer( 1223): DirParseService onQueryItem:WifiMasterKey index:108 finalCount:19
06-23 16:34:18.888 D/FileExplorer( 1223): DirParseService onQueryItemEnd: WifiMasterKey 
06-23 16:34:18.888 D/FileExplorer( 1223): DirParseService onQueryItem:LocalVideoInfosNew index:109 finalCount:19
06-23 16:34:18.889 D/FileExplorer( 1223): DirParseService onQueryItemEnd: LocalVideoInfosNew 
06-23 16:34:18.889 D/FileExplorer( 1223): DirParseService onQueryItem:sysdata index:110 finalCount:19
06-23 16:34:18.891 D/FileExplorer( 1223): DirParseService onQueryItemEnd: sysdata 
06-23 16:34:18.891 D/FileExplorer( 1223): DirParseService onQueryItem:TurboNet index:111 finalCount:19
06-23 16:34:18.892 D/FileExplorer( 1223): DirParseService onQueryItemEnd: TurboNet 
06-23 16:34:18.893 D/FileExplorer( 1223): DirParseService onQueryItem:accmeta_vod index:112 finalCount:19
06-23 16:34:18.894 D/FileExplorer( 1223): DirParseService onQueryItemEnd: accmeta_vod 
06-23 16:34:18.894 D/FileExplorer( 1223): DirParseService onQueryItem:tad index:113 finalCount:19
06-23 16:34:18.895 D/FileExplorer( 1223): DirParseService onQueryItemEnd: tad 
06-23 16:34:18.895 D/FileExplorer( 1223): DirParseService onQueryItem:BaiduWenkudownload index:114 finalCount:19
06-23 16:34:18.895 D/FileExplorer( 1223): DirParseService onQueryItemEnd: BaiduWenkudownload 
06-23 16:34:18.896 D/FileExplorer( 1223): DirParseService onQueryItem:data index:115 finalCount:19
06-23 16:34:18.896 D/FileExplorer( 1223): DirParseService onQueryItemEnd: data 
06-23 16:34:18.896 D/FileExplorer( 1223): DirParseService onQueryItem:duowan index:116 finalCount:19
06-23 16:34:18.897 D/FileExplorer( 1223): DirParseService onQueryItemEnd: duowan 
06-23 16:34:18.897 D/FileExplorer( 1223): DirParseService onQueryItem:accdata_vod index:117 finalCount:19
06-23 16:34:18.898 D/FileExplorer( 1223): DirParseService onQueryItemEnd: accdata_vod 
06-23 16:34:18.898 D/FileExplorer( 1223): DirParseService onQueryItem:Angogo index:118 finalCount:19
06-23 16:34:18.899 D/FileExplorer( 1223): DirParseService onQueryItemEnd: Angogo 
06-23 16:34:18.899 D/FileExplorer( 1223): DirParseService onQueryItem:SonicResource index:119 finalCount:19
06-23 16:34:18.900 D/FileExplorer( 1223): DirParseService onQueryItemEnd: SonicResource 
06-23 16:34:18.900 D/FileExplorer( 1223): DirParseService onQueryItem:Backucup index:120 finalCount:19
06-23 16:34:18.901 D/FileExplorer( 1223): DirParseService onQueryItemEnd: Backucup 
06-23 16:34:18.901 D/FileExplorer( 1223): DirParseService onQueryItem:com.UCMobile index:121 finalCount:19
06-23 16:34:18.902 D/FileExplorer( 1223): DirParseService onQueryItemEnd: com.UCMobile 
06-23 16:34:18.903 D/FileExplorer( 1223): DirParseService onQueryItem:tbs index:122 finalCount:19
06-23 16:34:18.904 D/FileExplorer( 1223): DirParseService onQueryItemEnd: tbs 
06-23 16:34:18.905 D/FileExplorer( 1223): DirParseService onQueryItem:miad index:123 finalCount:19
06-23 16:34:18.906 D/FileExplorer( 1223): DirParseService onQueryItemEnd: miad 
06-23 16:34:18.906 D/FileExplorer( 1223): DirParseService onQueryItem:HDOCRFiles index:124 finalCount:19
06-23 16:34:18.908 D/FileExplorer( 1223): DirParseService onQueryItemEnd: HDOCRFiles 
06-23 16:34:18.908 D/FileExplorer( 1223): DirParseService onQueryItem:at index:125 finalCount:19
06-23 16:34:18.909 D/FileExplorer( 1223): DirParseService onQueryItemEnd: at 
06-23 16:34:18.910 D/FileExplorer( 1223): DirParseService onQueryItem:MQ index:126 finalCount:19
06-23 16:34:18.911 D/FileExplorer( 1223): DirParseService onQueryItemEnd: MQ 
06-23 16:34:18.911 D/FileExplorer( 1223): DirParseService onQueryItem:sitemp index:127 finalCount:19
06-23 16:34:18.914 D/FileExplorer( 1223): DirParseService onQueryItemEnd: sitemp 
06-23 16:34:18.914 D/FileExplorer( 1223): DirParseService onQueryItem:storage index:128 finalCount:19
06-23 16:34:18.915 D/FileExplorer( 1223): DirParseService onQueryItemEnd: storage 
06-23 16:34:18.916 E/FileExplorer( 1223): DirParseService onQueryFinish
06-23 16:34:18.916 I/BinderManager( 1332): action:com.cleanmaster.action.sdk.CleanService   bindCount : 0
06-23 16:34:18.951 D/PowerKeeper.Event( 3547): notifyActivityLaunchTime: com.android.fileexplorer/.activity.SearchDetailActivity totalTime: 142
06-23 16:34:18.984 D/IME_STARTUP( 2757): onStartInputView enter!
06-23 16:34:18.984 D/IME_STARTUP( 2757): onStartInputView mOnInitializing = false
06-23 16:34:18.984 W/Settings( 2757): Setting device_provisioned has moved from android.provider.Settings.Secure to android.provider.Settings.Global.
06-23 16:34:18.989 D/SogouIME( 2757): mCurl=
06-23 16:34:18.993 D/AccessUtils( 2757): initData
06-23 16:34:18.993 D/AccessUtils( 2757): initData mIsAccessOn OFF
06-23 16:34:18.993 D/IME_STARTUP( 2757): onStartInputView exit!
06-23 16:34:19.016 I/WindowManager( 2337): input method visible height changed 803
06-23 16:34:19.113 I/chatty  ( 3128): uid=1000(system) com.miui.securitycore.remote expire 10 lines
06-23 16:34:19.120 I/chatty  ( 3341): uid=1000(system) Binder:3341_D expire 19 lines
06-23 16:34:19.125 D/TouchAssistant( 6962): updateAll and mViewAdded = true
06-23 16:34:19.356 I/Timeline( 2337): Timeline: Activity_windows_visible id: ActivityRecord{92a2de u0 com.android.fileexplorer/.activity.SearchDetailActivity t1282} time:29775448
06-23 16:34:19.363 I/Timeline( 2337): Timeline: App_transition_stopped time:29775455
06-23 16:34:20.418 I/.alpha.lagouap( 4268): ProcessProfilingInfo new_methods=0 is saved saved_to_disk=0 resolve_classes_delay=8000
06-23 16:34:20.966 W/CursorWindow( 1223): Window is full: requested allocation 59 bytes, free space 16 bytes, window size 2097152 bytes
06-23 16:34:21.178 I/chatty  ( 3341): uid=1000(system) com.miui.securitycenter.remote expire 13 lines
06-23 16:34:21.179 D/PowerCheckerService( 3547): onBatteryChanged, mBatteryLevel = 69, status = 2, level = 69, plug = 2, scale = 100
06-23 16:34:21.180 E/UsbDeviceManager( 2337): handle message = 9
06-23 16:34:21.726 W/CursorWindow(29356): Window is full: requested allocation 115 bytes, free space 56 bytes, window size 2097152 bytes
06-23 16:34:22.020 W/CursorWindow(29356): Window is full: requested allocation 129 bytes, free space 0 bytes, window size 2097152 bytes
06-23 16:34:22.339 E/TaskPersister( 2337): File error accessing recents directory (directory doesn't exist?).
06-23 16:34:22.809 W/CursorWindow(29356): Window is full: requested allocation 86 bytes, free space 44 bytes, window size 2097152 bytes
06-23 16:34:23.293 W/CursorWindow(29356): Window is full: requested allocation 86 bytes, free space 56 bytes, window size 2097152 bytes
06-23 16:34:23.773 W/CursorWindow(29356): Window is full: requested allocation 103 bytes, free space 16 bytes, window size 2097152 bytes
06-23 16:34:24.134 I/id.fileexplore( 1223): Background concurrent copying GC freed 176918(13MB) AllocSpace objects, 0(0B) LOS objects, 44% free, 29MB/53MB, paused 72us total 115.243ms
06-23 16:34:24.507 W/CursorWindow(29356): Window is full: requested allocation 36 bytes, free space 34 bytes, window size 2097152 bytes
06-23 16:34:24.777 W/CursorWindow(29356): Window is full: requested allocation 86 bytes, free space 40 bytes, window size 2097152 bytes
06-23 16:34:25.085 I/id.fileexplore( 1223): Background concurrent copying GC freed 254431(19MB) AllocSpace objects, 0(0B) LOS objects, 39% free, 37MB/61MB, paused 73us total 134.826ms
06-23 16:34:25.710 W/CursorWindow(29356): Window is full: requested allocation 36 bytes, free space 1 bytes, window size 2097152 bytes
06-23 16:34:25.722 E/storaged( 1102): getDiskStats failed with result NOT_SUPPORTED and size 0
06-23 16:34:25.814 W/CursorWindow(29356): Window is full: requested allocation 183 bytes, free space 36 bytes, window size 2097152 bytes
06-23 16:34:26.739 W/CursorWindow(29356): Window is full: requested allocation 36 bytes, free space 22 bytes, window size 2097152 bytes
06-23 16:34:26.844 W/CursorWindow(29356): Window is full: requested allocation 191 bytes, free space 188 bytes, window size 2097152 bytes
06-23 16:34:27.006 I/id.fileexplore( 1223): Background concurrent copying GC freed 214230(16MB) AllocSpace objects, 0(0B) LOS objects, 31% free, 53MB/77MB, paused 78us total 166.902ms
06-23 16:34:27.659 W/CursorWindow(29356): Window is full: requested allocation 169 bytes, free space 152 bytes, window size 2097152 bytes
06-23 16:34:27.949 W/CursorWindow(29356): Window is full: requested allocation 404 bytes, free space 166 bytes, window size 2097152 bytes
06-23 16:34:28.547 W/CursorWindow(29356): Window is full: requested allocation 139 bytes, free space 72 bytes, window size 2097152 bytes
06-23 16:34:28.827 I/id.fileexplore( 1223): Background concurrent copying GC freed 232328(20MB) AllocSpace objects, 0(0B) LOS objects, 27% free, 62MB/86MB, paused 75us total 196.695ms
06-23 16:34:29.120 W/CursorWindow(29356): Window is full: requested allocation 195 bytes, free space 8 bytes, window size 2097152 bytes
06-23 16:34:29.472 W/CursorWindow(29356): Window is full: requested allocation 156 bytes, free space 56 bytes, window size 2097152 bytes
06-23 16:34:30.317 W/CursorWindow(29356): Window is full: requested allocation 36 bytes, free space 19 bytes, window size 2097152 bytes
06-23 16:34:30.461 I/id.fileexplore( 1223): Background concurrent copying GC freed 200533(20MB) AllocSpace objects, 0(0B) LOS objects, 20% free, 95MB/119MB, paused 119us total 220.974ms
06-23 16:34:31.163 I/id.fileexplore( 1223): Background concurrent copying GC freed 226061(39MB) AllocSpace objects, 0(0B) LOS objects, 22% free, 82MB/106MB, paused 130us total 363.040ms
06-23 16:34:31.209 W/CursorWindow(29356): Window is full: requested allocation 36 bytes, free space 19 bytes, window size 2097152 bytes
06-23 16:34:32.015 I/chatty  ( 2513): uid=1000(system) com.android.systemui expire 27 lines
06-23 16:34:32.025 V/MI_STAT ( 2757): IS_CTA_BUILD false
06-23 16:34:32.025 V/MI_STAT ( 2757): disabled local event upload
06-23 16:34:32.033 I/WindowManager( 2337): input method visible height changed 0
06-23 16:34:32.066 W/CursorWindow(29356): Window is full: requested allocation 112 bytes, free space 96 bytes, window size 2097152 bytes
06-23 16:34:32.140 D/TouchAssistant( 6962): updateAll and mViewAdded = true
06-23 16:34:32.371 I/id.fileexplore( 1223): Background concurrent copying GC freed 322391(32MB) AllocSpace objects, 0(0B) LOS objects, 22% free, 81MB/105MB, paused 82us total 232.025ms
06-23 16:34:32.932 W/CursorWindow(29356): Window is full: requested allocation 109 bytes, free space 28 bytes, window size 2097152 bytes
06-23 16:34:33.771 D/IME_STARTUP( 2757): onStartInputView enter!
06-23 16:34:33.771 D/IME_STARTUP( 2757): onStartInputView mOnInitializing = false
06-23 16:34:33.771 W/Settings( 2757): Setting device_provisioned has moved from android.provider.Settings.Secure to android.provider.Settings.Global.
06-23 16:34:33.776 D/SogouIME( 2757): mCurl=
06-23 16:34:33.783 D/AccessUtils( 2757): initData
06-23 16:34:33.783 D/AccessUtils( 2757): initData mIsAccessOn OFF
06-23 16:34:33.784 D/IME_STARTUP( 2757): onStartInputView exit!
06-23 16:34:33.797 W/CursorWindow(29356): Window is full: requested allocation 102 bytes, free space 32 bytes, window size 2097152 bytes
06-23 16:34:33.812 I/WindowManager( 2337): input method visible height changed 803
06-23 16:34:33.916 D/TouchAssistant( 6962): updateAll and mViewAdded = true
06-23 16:34:34.615 W/CursorWindow(29356): Window is full: requested allocation 139 bytes, free space 0 bytes, window size 2097152 bytes
06-23 16:34:34.901 V/MI_STAT ( 2757): IS_CTA_BUILD false
06-23 16:34:34.901 V/MI_STAT ( 2757): disabled local event upload
06-23 16:34:34.915 I/WindowManager( 2337): input method visible height changed 0
06-23 16:34:34.975 I/id.fileexplore( 1223): Background concurrent copying GC freed 617607(45MB) AllocSpace objects, 0(0B) LOS objects, 28% free, 61MB/85MB, paused 121us total 208.952ms
06-23 16:34:35.013 W/SurfaceFlinger(  799): Attempting to set client state on removed layer: PopupWindow:f35ea24#0
06-23 16:34:35.013 W/SurfaceFlinger(  799): Attempting to destroy on removed layer: PopupWindow:f35ea24#0
06-23 16:34:35.020 D/TouchAssistant( 6962): updateAll and mViewAdded = true
06-23 16:34:35.386 W/CursorWindow(29356): Window is full: requested allocation 36 bytes, free space 21 bytes, window size 2097152 bytes
06-23 16:34:36.232 W/CursorWindow(29356): Window is full: requested allocation 139 bytes, free space 84 bytes, window size 2097152 bytes
06-23 16:34:37.152 W/CursorWindow(29356): Window is full: requested allocation 36 bytes, free space 25 bytes, window size 2097152 bytes
06-23 16:34:37.456 I/chatty  ( 2513): uid=1000(system) SysUiNetBg expire 12 lines
06-23 16:34:37.971 W/CursorWindow(29356): Window is full: requested allocation 117 bytes, free space 44 bytes, window size 2097152 bytes
06-23 16:34:38.077 I/chatty  ( 3341): uid=1000(system) cycleMemory expire 13 lines
06-23 16:34:38.214 I/id.fileexplore( 1223): Background concurrent copying GC freed 226186(17MB) AllocSpace objects, 0(0B) LOS objects, 24% free, 73MB/97MB, paused 76us total 213.544ms
06-23 16:34:38.987 I/ActivityManager( 2337): Killing 719:com.miui.screenrecorder/1000 (adj 904): empty #17
06-23 16:34:38.988 I/chatty  ( 2337): uid=1000(system) ActivityManager expire 20 lines
06-23 16:34:38.990 I/chatty  ( 3547): uid=1000(system) NativePowerKeep expire 16 lines
06-23 16:34:39.013 I/Zygote  ( 1065): Process 719 exited due to signal (9)
06-23 16:34:39.361 I/id.fileexplore( 1223): Background concurrent copying GC freed 174123(21MB) AllocSpace objects, 0(0B) LOS objects, 19% free, 102MB/126MB, paused 119us total 234.715ms
06-23 16:34:39.846 I/id.fileexplore( 1223): Background concurrent copying GC freed 193367(39MB) AllocSpace objects, 0(0B) LOS objects, 17% free, 116MB/140MB, paused 81us total 285.073ms
06-23 16:34:40.767 I/id.fileexplore( 1223): Background concurrent copying GC freed 403474(61MB) AllocSpace objects, 0(0B) LOS objects, 22% free, 82MB/106MB, paused 107us total 230.273ms
06-23 16:34:40.924 I/chatty  ( 2337): uid=1000(system) Binder:2337_14 expire 15 lines
06-23 16:34:42.044 W/IntentService[C(19712): type=1400 audit(0.0:57231): avc: denied { read } for name="stats" dev="proc" ino=4026532836 scontext=u:r:untrusted_app:s0:c135,c256,c512,c768 tcontext=u:object_r:proc_qtaguid_stat:s0 tclass=file permissive=0
06-23 16:34:42.364 I/ActivityManager( 2337): Killing 31217:com.xiaobin.ncenglish/u0a236 (adj 904): empty #17
06-23 16:34:42.395 D/Boost   ( 2337): hostingType=broadcast, hostingName=com.eg.android.AlipayGphone/com.alipay.mobile.common.logging.process.LogReceiverInToolsProcess, callerPackage=com.eg.android.AlipayGphone, isSystem=false, isBoostNeeded=false.
06-23 16:34:42.396 I/ActivityManager( 2337): Start proc 4463:com.eg.android.AlipayGphone:tools/u0a135 for broadcast com.eg.android.AlipayGphone/com.alipay.mobile.common.logging.process.LogReceiverInToolsProcess caller=com.eg.android.AlipayGphone
06-23 16:34:42.409 E/payGphone:tool( 4463): Not starting debugger since process cannot load the jdwp agent.
06-23 16:34:42.411 I/Zygote  ( 1066): Process 31217 exited due to signal (9)
06-23 16:34:42.428 I/chatty  ( 2337): uid=1000(system) Binder:2337_11 expire 6 lines
06-23 16:34:42.442 I/payGphone:tool( 4463): The ClassLoaderContext is a special shared library.
06-23 16:34:42.629 W/payGphone:tool( 4463): resources.arsc in APK '/data/app/com.eg.android.AlipayGphone-IfcySbCMGlSx81QgBgSS0w==/base.apk' is compressed.
06-23 16:34:42.640 I/Perf    ( 4463): Connecting to perf service.
06-23 16:34:42.662 W/payGphone:tool( 4463): Class com.alipay.dexpatch.DexPatchManager failed lock verification and will run slower.
06-23 16:34:42.662 W/payGphone:tool( 4463): Common causes for lock verification issues are non-optimized dex code
06-23 16:34:42.662 W/payGphone:tool( 4463): and incorrect proguard optimizations.
06-23 16:34:42.684 I/id.fileexplore( 1223): Background concurrent copying GC freed 323153(34MB) AllocSpace objects, 0(0B) LOS objects, 24% free, 75MB/99MB, paused 79us total 231.504ms
06-23 16:34:42.752 W/payGphone:tool( 4463): Accessing hidden field Landroid/content/ContentResolver;->mTargetSdkVersion:I (dark greylist, reflection)
06-23 16:34:42.804 W/payGphone:tools( 4463): type=1400 audit(0.0:57232): avc: denied { read } for name="version" dev="proc" ino=4026532086 scontext=u:r:untrusted_app:s0:c135,c256,c512,c768 tcontext=u:object_r:proc_version:s0 tclass=file permissive=0
06-23 16:34:42.909 E/LauncherApplication( 4463): PathClassLoader: dalvik.system.PathClassLoader[DexPathList[[zip file "/system/framework/org.apache.http.legacy.boot.jar", zip file "/data/app/com.eg.android.AlipayGphone-IfcySbCMGlSx81QgBgSS0w==/base.apk"],nativeLibraryDirectories=[/data/app/com.eg.android.AlipayGphone-IfcySbCMGlSx81QgBgSS0w==/lib/arm, /data/app/com.eg.android.AlipayGphone-IfcySbCMGlSx81QgBgSS0w==/base.apk!/lib/armeabi, /system/lib]]]
06-23 16:34:42.947 E/LauncherApplication( 4463): PathClassLoader, after addExtraNativeLib: dalvik.system.PathClassLoader[DexPathList[[zip file "/system/framework/org.apache.http.legacy.boot.jar", zip file "/data/app/com.eg.android.AlipayGphone-IfcySbCMGlSx81QgBgSS0w==/base.apk"],nativeLibraryDirectories=[/data/user/0/com.eg.android.AlipayGphone/app_plugins_lib, /data/app/com.eg.android.AlipayGphone-IfcySbCMGlSx81QgBgSS0w==/lib/arm, /data/app/com.eg.android.AlipayGphone-IfcySbCMGlSx81QgBgSS0w==/base.apk!/lib/armeabi, /system/lib]]]
06-23 16:34:42.952 I/LauncherApplication( 4463): LauncherApplication.NEED_SYNC=false
06-23 16:34:43.108 V/Instrumentation( 4463): callApplicationOnCreate(app=com.alipay.mobile.quinox.LauncherApplication@61f49d7)
06-23 16:34:43.214 I/chatty  ( 3341): uid=1000(system) Binder:3341_C expire 4 lines
06-23 16:34:43.220 I/chatty  ( 3128): uid=1000(system) com.miui.securitycore.remote expire 8 lines
06-23 16:34:48.078 I/AsyTskExecutor( 4463): Pipeline: [GlobalStandardPipeline].start()
06-23 16:34:49.924 W/jg_sc_pool_thre(31284): type=1400 audit(0.0:57233): avc: denied { read } for name="u:object_r:deviceid_prop:s0" dev="tmpfs" ino=12235 scontext=u:r:untrusted_app_27:s0:c512,c768 tcontext=u:object_r:deviceid_prop:s0 tclass=file permissive=0
06-23 16:34:49.937 E/libc    (31284): Access denied finding property "ro.ril.miui.imei0"
06-23 16:34:49.937 E/libc    (31284): Access denied finding property "ro.ril.miui.imei"
06-23 16:34:49.924 W/jg_sc_pool_thre(31284): type=1400 audit(0.0:57234): avc: denied { read } for name="u:object_r:deviceid_prop:s0" dev="tmpfs" ino=12235 scontext=u:r:untrusted_app_27:s0:c512,c768 tcontext=u:object_r:deviceid_prop:s0 tclass=file permissive=0
06-23 16:34:49.924 W/jg_sc_pool_thre(31284): type=1400 audit(0.0:57235): avc: denied { read } for name="u:object_r:deviceid_prop:s0" dev="tmpfs" ino=12235 scontext=u:r:untrusted_app_27:s0:c512,c768 tcontext=u:object_r:deviceid_prop:s0 tclass=file permissive=0
06-23 16:34:49.937 E/libc    (31284): Access denied finding property "ro.ril.miui.imei1"
06-23 16:34:49.924 W/jg_sc_pool_thre(31284): type=1400 audit(0.0:57236): avc: denied { read } for name="u:object_r:deviceid_prop:s0" dev="tmpfs" ino=12235 scontext=u:r:untrusted_app_27:s0:c512,c768 tcontext=u:object_r:deviceid_prop:s0 tclass=file permissive=0
06-23 16:34:49.938 E/libc    (31284): Access denied finding property "ro.ril.oem.imei1"
06-23 16:34:49.934 W/jg_sc_pool_thre(31284): type=1400 audit(0.0:57237): avc: denied { read } for name="u:object_r:deviceid_prop:s0" dev="tmpfs" ino=12235 scontext=u:r:untrusted_app_27:s0:c512,c768 tcontext=u:object_r:deviceid_prop:s0 tclass=file permissive=0
06-23 16:34:49.938 E/libc    (31284): Access denied finding property "ro.ril.oem.imei2"
06-23 16:34:49.934 W/jg_sc_pool_thre(31284): type=1400 audit(0.0:57238): avc: denied { read } for name="u:object_r:deviceid_prop:s0" dev="tmpfs" ino=12235 scontext=u:r:untrusted_app_27:s0:c512,c768 tcontext=u:object_r:deviceid_prop:s0 tclass=file permissive=0
06-23 16:34:49.939 E/libc    (31284): Access denied finding property "persist.radio.imei1"
06-23 16:34:49.934 W/jg_sc_pool_thre(31284): type=1400 audit(0.0:57239): avc: denied { read } for name="u:object_r:deviceid_prop:s0" dev="tmpfs" ino=12235 scontext=u:r:untrusted_app_27:s0:c512,c768 tcontext=u:object_r:deviceid_prop:s0 tclass=file permissive=0
06-23 16:34:49.940 E/libc    (31284): Access denied finding property "persist.radio.imei2"
06-23 16:34:49.934 W/jg_sc_pool_thre(31284): type=1400 audit(0.0:57240): avc: denied { read } for name="u:object_r:vendor_default_prop:s0" dev="tmpfs" ino=19501 scontext=u:r:untrusted_app_27:s0:c512,c768 tcontext=u:object_r:vendor_default_prop:s0 tclass=file permissive=0
06-23 16:34:49.941 E/libc    (31284): Access denied finding property "vendor.cellular.ril.imsi"
06-23 16:34:49.946 D/IdProviderImpl(31284): getAAID
06-23 16:34:49.952 D/IdProviderImpl(31284): getVAID
06-23 16:34:49.955 D/IdProviderImpl(31284): getOAID
06-23 16:34:49.963 D/IdProviderImpl(31284): getAAID
06-23 16:34:49.968 D/IdProviderImpl(31284): getVAID
06-23 16:34:49.972 D/IdProviderImpl(31284): getOAID
06-23 16:34:50.762 I/payGphone:tool( 4463): ProcessProfilingInfo new_methods=0 is saved saved_to_disk=0 resolve_classes_delay=8000
06-23 16:34:53.310 I/chatty  ( 2513): uid=1000(system) com.android.systemui expire 10 lines
06-23 16:35:02.344 W/jg_sc_pool_thre( 2215): type=1400 audit(0.0:57241): avc: denied { read } for name="u:object_r:deviceid_prop:s0" dev="tmpfs" ino=12235 scontext=u:r:untrusted_app:s0:c236,c256,c512,c768 tcontext=u:object_r:deviceid_prop:s0 tclass=file permissive=0
06-23 16:35:02.349 E/libc    ( 2215): Access denied finding property "persist.radio.meid"
06-23 16:35:02.344 W/jg_sc_pool_thre( 2215): type=1400 audit(0.0:57242): avc: denied { read } for name="u:object_r:deviceid_prop:s0" dev="tmpfs" ino=12235 scontext=u:r:untrusted_app:s0:c236,c256,c512,c768 tcontext=u:object_r:deviceid_prop:s0 tclass=file permissive=0
06-23 16:35:02.350 E/libc    ( 2215): Access denied finding property "ro.ril.oem.meid"
06-23 16:35:02.434 W/jg_sc_pool_thre( 2215): type=1400 audit(0.0:57243): avc: denied { read } for name="u:object_r:deviceid_prop:s0" dev="tmpfs" ino=12235 scontext=u:r:untrusted_app:s0:c236,c256,c512,c768 tcontext=u:object_r:deviceid_prop:s0 tclass=file permissive=0
06-23 16:35:02.440 E/libc    ( 2215): Access denied finding property "ro.ril.miui.imei0"
06-23 16:35:02.440 E/libc    ( 2215): Access denied finding property "ro.ril.miui.imei"
06-23 16:35:02.441 E/libc    ( 2215): Access denied finding property "ro.ril.miui.imei1"
06-23 16:35:02.434 W/jg_sc_pool_thre( 2215): type=1400 audit(0.0:57244): avc: denied { read } for name="u:object_r:deviceid_prop:s0" dev="tmpfs" ino=12235 scontext=u:r:untrusted_app:s0:c236,c256,c512,c768 tcontext=u:object_r:deviceid_prop:s0 tclass=file permissive=0
06-23 16:35:02.434 I/chatty  ( 2215): uid=10242 com.immomo.momo:im identical 1 line
06-23 16:35:02.434 W/jg_sc_pool_thre( 2215): type=1400 audit(0.0:57246): avc: denied { read } for name="u:object_r:deviceid_prop:s0" dev="tmpfs" ino=12235 scontext=u:r:untrusted_app:s0:c236,c256,c512,c768 tcontext=u:object_r:deviceid_prop:s0 tclass=file permissive=0
06-23 16:35:02.441 E/libc    ( 2215): Access denied finding property "ro.ril.oem.imei1"
06-23 16:35:02.441 E/libc    ( 2215): Access denied finding property "ro.ril.oem.imei2"
06-23 16:35:02.442 E/libc    ( 2215): Access denied finding property "persist.radio.imei1"
06-23 16:35:02.442 E/libc    ( 2215): Access denied finding property "persist.radio.imei2"
06-23 16:35:02.444 E/libc    ( 2215): Access denied finding property "vendor.cellular.ril.imsi"
06-23 16:35:02.469 D/IdProviderImpl( 2215): getAAID
06-23 16:35:02.480 D/IdProviderImpl( 2215): getVAID
06-23 16:35:02.485 D/IdProviderImpl( 2215): getOAID
06-23 16:35:02.499 D/IdProviderImpl( 2215): getAAID
06-23 16:35:02.508 D/IdProviderImpl( 2215): getVAID
06-23 16:35:02.512 D/IdProviderImpl( 2215): getOAID
06-23 16:35:03.793 I/chatty  ( 1812): uid=10163(net.csdn.csdnplus) zhongxinjiantou.szkingdom.android.newphone expire 2 lines
